Archive member included to satisfy reference by file (symbol)

C:/ST/STM32CubeIDE_1.12.1/STM32CubeIDE/plugins/com.st.stm32cube.ide.mcu.externaltools.gnu-tools-for-stm32.11.3.rel1.win32_1.1.100.202309141235/tools/bin/../lib/gcc/arm-none-eabi/11.3.1/../../../../arm-none-eabi/lib/thumb/v6-m/nofp\libc_nano.a(libc_a-exit.o)
                              C:/ST/STM32CubeIDE_1.12.1/STM32CubeIDE/plugins/com.st.stm32cube.ide.mcu.externaltools.gnu-tools-for-stm32.11.3.rel1.win32_1.1.100.202309141235/tools/bin/../lib/gcc/arm-none-eabi/11.3.1/../../../../arm-none-eabi/lib/thumb/v6-m/nofp/crt0.o (exit)
C:/ST/STM32CubeIDE_1.12.1/STM32CubeIDE/plugins/com.st.stm32cube.ide.mcu.externaltools.gnu-tools-for-stm32.11.3.rel1.win32_1.1.100.202309141235/tools/bin/../lib/gcc/arm-none-eabi/11.3.1/../../../../arm-none-eabi/lib/thumb/v6-m/nofp\libc_nano.a(libc_a-findfp.o)
                              C:/ST/STM32CubeIDE_1.12.1/STM32CubeIDE/plugins/com.st.stm32cube.ide.mcu.externaltools.gnu-tools-for-stm32.11.3.rel1.win32_1.1.100.202309141235/tools/bin/../lib/gcc/arm-none-eabi/11.3.1/../../../../arm-none-eabi/lib/thumb/v6-m/nofp\libc_nano.a(libc_a-exit.o) (__stdio_exit_handler)
C:/ST/STM32CubeIDE_1.12.1/STM32CubeIDE/plugins/com.st.stm32cube.ide.mcu.externaltools.gnu-tools-for-stm32.11.3.rel1.win32_1.1.100.202309141235/tools/bin/../lib/gcc/arm-none-eabi/11.3.1/../../../../arm-none-eabi/lib/thumb/v6-m/nofp\libc_nano.a(libc_a-fwalk.o)
                              C:/ST/STM32CubeIDE_1.12.1/STM32CubeIDE/plugins/com.st.stm32cube.ide.mcu.externaltools.gnu-tools-for-stm32.11.3.rel1.win32_1.1.100.202309141235/tools/bin/../lib/gcc/arm-none-eabi/11.3.1/../../../../arm-none-eabi/lib/thumb/v6-m/nofp\libc_nano.a(libc_a-findfp.o) (_fwalk_sglue)
C:/ST/STM32CubeIDE_1.12.1/STM32CubeIDE/plugins/com.st.stm32cube.ide.mcu.externaltools.gnu-tools-for-stm32.11.3.rel1.win32_1.1.100.202309141235/tools/bin/../lib/gcc/arm-none-eabi/11.3.1/../../../../arm-none-eabi/lib/thumb/v6-m/nofp\libc_nano.a(libc_a-stdio.o)
                              C:/ST/STM32CubeIDE_1.12.1/STM32CubeIDE/plugins/com.st.stm32cube.ide.mcu.externaltools.gnu-tools-for-stm32.11.3.rel1.win32_1.1.100.202309141235/tools/bin/../lib/gcc/arm-none-eabi/11.3.1/../../../../arm-none-eabi/lib/thumb/v6-m/nofp\libc_nano.a(libc_a-findfp.o) (__sread)
C:/ST/STM32CubeIDE_1.12.1/STM32CubeIDE/plugins/com.st.stm32cube.ide.mcu.externaltools.gnu-tools-for-stm32.11.3.rel1.win32_1.1.100.202309141235/tools/bin/../lib/gcc/arm-none-eabi/11.3.1/../../../../arm-none-eabi/lib/thumb/v6-m/nofp\libc_nano.a(libc_a-memset.o)
                              C:/ST/STM32CubeIDE_1.12.1/STM32CubeIDE/plugins/com.st.stm32cube.ide.mcu.externaltools.gnu-tools-for-stm32.11.3.rel1.win32_1.1.100.202309141235/tools/bin/../lib/gcc/arm-none-eabi/11.3.1/../../../../arm-none-eabi/lib/thumb/v6-m/nofp/crt0.o (memset)
C:/ST/STM32CubeIDE_1.12.1/STM32CubeIDE/plugins/com.st.stm32cube.ide.mcu.externaltools.gnu-tools-for-stm32.11.3.rel1.win32_1.1.100.202309141235/tools/bin/../lib/gcc/arm-none-eabi/11.3.1/../../../../arm-none-eabi/lib/thumb/v6-m/nofp\libc_nano.a(libc_a-closer.o)
                              C:/ST/STM32CubeIDE_1.12.1/STM32CubeIDE/plugins/com.st.stm32cube.ide.mcu.externaltools.gnu-tools-for-stm32.11.3.rel1.win32_1.1.100.202309141235/tools/bin/../lib/gcc/arm-none-eabi/11.3.1/../../../../arm-none-eabi/lib/thumb/v6-m/nofp\libc_nano.a(libc_a-stdio.o) (_close_r)
C:/ST/STM32CubeIDE_1.12.1/STM32CubeIDE/plugins/com.st.stm32cube.ide.mcu.externaltools.gnu-tools-for-stm32.11.3.rel1.win32_1.1.100.202309141235/tools/bin/../lib/gcc/arm-none-eabi/11.3.1/../../../../arm-none-eabi/lib/thumb/v6-m/nofp\libc_nano.a(libc_a-reent.o)
                              C:/ST/STM32CubeIDE_1.12.1/STM32CubeIDE/plugins/com.st.stm32cube.ide.mcu.externaltools.gnu-tools-for-stm32.11.3.rel1.win32_1.1.100.202309141235/tools/bin/../lib/gcc/arm-none-eabi/11.3.1/../../../../arm-none-eabi/lib/thumb/v6-m/nofp\libc_nano.a(libc_a-closer.o) (errno)
C:/ST/STM32CubeIDE_1.12.1/STM32CubeIDE/plugins/com.st.stm32cube.ide.mcu.externaltools.gnu-tools-for-stm32.11.3.rel1.win32_1.1.100.202309141235/tools/bin/../lib/gcc/arm-none-eabi/11.3.1/../../../../arm-none-eabi/lib/thumb/v6-m/nofp\libc_nano.a(libc_a-impure.o)
                              C:/ST/STM32CubeIDE_1.12.1/STM32CubeIDE/plugins/com.st.stm32cube.ide.mcu.externaltools.gnu-tools-for-stm32.11.3.rel1.win32_1.1.100.202309141235/tools/bin/../lib/gcc/arm-none-eabi/11.3.1/../../../../arm-none-eabi/lib/thumb/v6-m/nofp\libc_nano.a(libc_a-reent.o) (_impure_ptr)
C:/ST/STM32CubeIDE_1.12.1/STM32CubeIDE/plugins/com.st.stm32cube.ide.mcu.externaltools.gnu-tools-for-stm32.11.3.rel1.win32_1.1.100.202309141235/tools/bin/../lib/gcc/arm-none-eabi/11.3.1/../../../../arm-none-eabi/lib/thumb/v6-m/nofp\libc_nano.a(libc_a-lseekr.o)
[...]
Memory Configuration

Name             Origin             Length             Attributes
RAM              0x0000000020000000 0x0000000000005000 xrw
FLASH            0x0000000008000000 0x0000000000020000 xr
*default*        0x0000000000000000 0xffffffffffffffff

Linker script and memory map

LOAD C:/ST/STM32CubeIDE_1.12.1/STM32CubeIDE/plugins/com.st.stm32cube.ide.mcu.externaltools.gnu-tools-for-stm32.11.3.rel1.win32_1.1.100.202309141235/tools/bin/../lib/gcc/arm-none-eabi/11.3.1/thumb/v6-m/nofp/crti.o
LOAD C:/ST/STM32CubeIDE_1.12.1/STM32CubeIDE/plugins/com.st.stm32cube.ide.mcu.externaltools.gnu-tools-for-stm32.11.3.rel1.win32_1.1.100.202309141235/tools/bin/../lib/gcc/arm-none-eabi/11.3.1/thumb/v6-m/nofp/crtbegin.o
LOAD C:/ST/STM32CubeIDE_1.12.1/STM32CubeIDE/plugins/com.st.stm32cube.ide.mcu.externaltools.gnu-tools-for-stm32.11.3.rel1.win32_1.1.100.202309141235/tools/bin/../lib/gcc/arm-none-eabi/11.3.1/../../../../arm-none-eabi/lib/thumb/v6-m/nofp/crt0.o
LOAD ./Core/Src/gpio.o
LOAD ./Core/Src/main.o
LOAD ./Core/Src/stm32l0xx_hal_msp.o
LOAD ./Core/Src/stm32l0xx_it.o
LOAD ./Core/Src/syscalls.o
LOAD ./Core/Src/sysmem.o
LOAD ./Core/Src/system_stm32l0xx.o
LOAD ./Core/Src/tsc.o
LOAD ./Core/Startup/startup_stm32l072rbtx.o
LOAD ./Drivers/STM32L0xx_HAL_Driver/Src/stm32l0xx_hal.o
LOAD ./Drivers/STM32L0xx_HAL_Driver/Src/stm32l0xx_hal_cortex.o
LOAD ./Drivers/STM32L0xx_HAL_Driver/Src/stm32l0xx_hal_dma.o
LOAD ./Drivers/STM32L0xx_HAL_Driver/Src/stm32l0xx_hal_exti.o
LOAD ./Drivers/STM32L0xx_HAL_Driver/Src/stm32l0xx_hal_flash.o
LOAD ./Drivers/STM32L0xx_HAL_Driver/Src/stm32l0xx_hal_flash_ex.o
LOAD ./Drivers/STM32L0xx_HAL_Driver/Src/stm32l0xx_hal_flash_ramfunc.o
LOAD ./Drivers/STM32L0xx_HAL_Driver/Src/stm32l0xx_hal_gpio.o
LOAD ./Drivers/STM32L0xx_HAL_Driver/Src/stm32l0xx_hal_i2c.o
LOAD ./Drivers/STM32L0xx_HAL_Driver/Src/stm32l0xx_hal_i2c_ex.o
LOAD ./Drivers/STM32L0xx_HAL_Driver/Src/stm32l0xx_hal_pwr.o
LOAD ./Drivers/STM32L0xx_HAL_Driver/Src/stm32l0xx_hal_pwr_ex.o
LOAD ./Drivers/STM32L0xx_HAL_Driver/Src/stm32l0xx_hal_rcc.o
LOAD ./Drivers/STM32L0xx_HAL_Driver/Src/stm32l0xx_hal_rcc_ex.o
LOAD ./Drivers/STM32L0xx_HAL_Driver/Src/stm32l0xx_hal_tim.o
LOAD ./Drivers/STM32L0xx_HAL_Driver/Src/stm32l0xx_hal_tim_ex.o
LOAD ./Drivers/STM32L0xx_HAL_Driver/Src/stm32l0xx_hal_tsc.o
LOAD ./Middlewares/ST/STM32_TouchSensing_Library/src/tsl.o
LOAD ./Middlewares/ST/STM32_TouchSensing_Library/src/tsl_acq.o
LOAD ./Middlewares/ST/STM32_TouchSensing_Library/src/tsl_acq_tsc.o
LOAD ./Middlewares/ST/STM32_TouchSensing_Library/src/tsl_dxs.o
LOAD ./Middlewares/ST/STM32_TouchSensing_Library/src/tsl_ecs.o
LOAD ./Middlewares/ST/STM32_TouchSensing_Library/src/tsl_filter.o
LOAD ./Middlewares/ST/STM32_TouchSensing_Library/src/tsl_globals.o
LOAD ./Middlewares/ST/STM32_TouchSensing_Library/src/tsl_linrot.o
LOAD ./Middlewares/ST/STM32_TouchSensing_Library/src/tsl_object.o
LOAD ./Middlewares/ST/STM32_TouchSensing_Library/src/tsl_time.o
LOAD ./Middlewares/ST/STM32_TouchSensing_Library/src/tsl_touchkey.o
LOAD ./TOUCHSENSING/App/stmCriticalSection.o
LOAD ./TOUCHSENSING/App/touchsensing.o
LOAD ./TOUCHSENSING/App/tsl_user.o
START GROUP
LOAD C:/ST/STM32CubeIDE_1.12.1/STM32CubeIDE/plugins/com.st.stm32cube.ide.mcu.externaltools.gnu-tools-for-stm32.11.3.rel1.win32_1.1.100.202309141235/tools/bin/../lib/gcc/arm-none-eabi/11.3.1/../../../../arm-none-eabi/lib/thumb/v6-m/nofp\libc_nano.a
LOAD C:/ST/STM32CubeIDE_1.12.1/STM32CubeIDE/plugins/com.st.stm32cube.ide.mcu.externaltools.gnu-tools-for-stm32.11.3.rel1.win32_1.1.100.202309141235/tools/bin/../lib/gcc/arm-none-eabi/11.3.1/../../../../arm-none-eabi/lib/thumb/v6-m/nofp\libm.a
END GROUP
START GROUP
LOAD C:/ST/STM32CubeIDE_1.12.1/STM32CubeIDE/plugins/com.st.stm32cube.ide.mcu.externaltools.gnu-tools-for-stm32.11.3.rel1.win32_1.1.100.202309141235/tools/bin/../lib/gcc/arm-none-eabi/11.3.1/thumb/v6-m/nofp\libgcc.a
LOAD C:/ST/STM32CubeIDE_1.12.1/STM32CubeIDE/plugins/com.st.stm32cube.ide.mcu.externaltools.gnu-tools-for-stm32.11.3.rel1.win32_1.1.100.202309141235/tools/bin/../lib/gcc/arm-none-eabi/11.3.1/../../../../arm-none-eabi/lib/thumb/v6-m/nofp\libc_nano.a
END GROUP
START GROUP
LOAD C:/ST/STM32CubeIDE_1.12.1/STM32CubeIDE/plugins/com.st.stm32cube.ide.mcu.externaltools.gnu-tools-for-stm32.11.3.rel1.win32_1.1.100.202309141235/tools/bin/../lib/gcc/arm-none-eabi/11.3.1/thumb/v6-m/nofp\libgcc.a
LOAD C:/ST/STM32CubeIDE_1.12.1/STM32CubeIDE/plugins/com.st.stm32cube.ide.mcu.externaltools.gnu-tools-for-stm32.11.3.rel1.win32_1.1.100.202309141235/tools/bin/../lib/gcc/arm-none-eabi/11.3.1/../../../../arm-none-eabi/lib/thumb/v6-m/nofp\libc_nano.a
LOAD C:/ST/STM32CubeIDE_1.12.1/STM32CubeIDE/plugins/com.st.stm32cube.ide.mcu.externaltools.gnu-tools-for-stm32.11.3.rel1.win32_1.1.100.202309141235/tools/bin/../lib/gcc/arm-none-eabi/11.3.1/../../../../arm-none-eabi/lib/thumb/v6-m/nofp\libnosys.a
END GROUP
START GROUP
LOAD C:/ST/STM32CubeIDE_1.12.1/STM32CubeIDE/plugins/com.st.stm32cube.ide.mcu.externaltools.gnu-tools-for-stm32.11.3.rel1.win32_1.1.100.202309141235/tools/bin/../lib/gcc/arm-none-eabi/11.3.1/thumb/v6-m/nofp\libgcc.a
LOAD C:/ST/STM32CubeIDE_1.12.1/STM32CubeIDE/plugins/com.st.stm32cube.ide.mcu.externaltools.gnu-tools-for-stm32.11.3.rel1.win32_1.1.100.202309141235/tools/bin/../lib/gcc/arm-none-eabi/11.3.1/../../../../arm-none-eabi/lib/thumb/v6-m/nofp\libc_nano.a
LOAD C:/ST/STM32CubeIDE_1.12.1/STM32CubeIDE/plugins/com.st.stm32cube.ide.mcu.externaltools.gnu-tools-for-stm32.11.3.rel1.win32_1.1.100.202309141235/tools/bin/../lib/gcc/arm-none-eabi/11.3.1/../../../../arm-none-eabi/lib/thumb/v6-m/nofp\libnosys.a
END GROUP
LOAD C:/ST/STM32CubeIDE_1.12.1/STM32CubeIDE/plugins/com.st.stm32cube.ide.mcu.externaltools.gnu-tools-for-stm32.11.3.rel1.win32_1.1.100.202309141235/tools/bin/../lib/gcc/arm-none-eabi/11.3.1/thumb/v6-m/nofp/crtend.o
LOAD C:/ST/STM32CubeIDE_1.12.1/STM32CubeIDE/plugins/com.st.stm32cube.ide.mcu.externaltools.gnu-tools-for-stm32.11.3.rel1.win32_1.1.100.202309141235/tools/bin/../lib/gcc/arm-none-eabi/11.3.1/thumb/v6-m/nofp/crtn.o
                0x0000000020005000                _estack = (ORIGIN (RAM) + LENGTH (RAM))
                0x0000000000000200                _Min_Heap_Size = 0x200
                0x0000000000000400                _Min_Stack_Size = 0x400

.isr_vector     0x0000000008000000       0xc0
                0x0000000008000000                . = ALIGN (0x4)
 *(.isr_vector)
 .isr_vector    0x0000000008000000       0xc0 ./Core/Startup/startup_stm32l072rbtx.o
                0x0000000008000000                g_pfnVectors
                0x00000000080000c0                . = ALIGN (0x4)

.text           0x00000000080000c0     0x3e4c
                0x00000000080000c0                . = ALIGN (0x4)
 *(.text)
 .text          0x00000000080000c0       0x48 C:/ST/STM32CubeIDE_1.12.1/STM32CubeIDE/plugins/com.st.stm32cube.ide.mcu.externaltools.gnu-tools-for-stm32.11.3.rel1.win32_1.1.100.202309141235/tools/bin/../lib/gcc/arm-none-eabi/11.3.1/thumb/v6-m/nofp/crtbegin.o
 .text          0x0000000008000108      0x114 C:/ST/STM32CubeIDE_1.12.1/STM32CubeIDE/plugins/com.st.stm32cube.ide.mcu.externaltools.gnu-tools-for-stm32.11.3.rel1.win32_1.1.100.202309141235/tools/bin/../lib/gcc/arm-none-eabi/11.3.1/thumb/v6-m/nofp\libgcc.a(_udivsi3.o)
                0x0000000008000108                __aeabi_uidiv
                0x0000000008000108                __udivsi3
                0x0000000008000214                __aeabi_uidivmod
 .text          0x000000000800021c        0x4 C:/ST/STM32CubeIDE_1.12.1/STM32CubeIDE/plugins/com.st.stm32cube.ide.mcu.externaltools.gnu-tools-for-stm32.11.3.rel1.win32_1.1.100.202309141235/tools/bin/../lib/gcc/arm-none-eabi/11.3.1/thumb/v6-m/nofp\libgcc.a(_dvmd_tls.o)
                0x000000000800021c                __aeabi_idiv0
                0x000000000800021c                __aeabi_ldiv0
 .text          0x0000000008000220       0x40 C:/ST/STM32CubeIDE_1.12.1/STM32CubeIDE/plugins/com.st.stm32cube.ide.mcu.externaltools.gnu-tools-for-stm32.11.3.rel1.win32_1.1.100.202309141235/tools/bin/../lib/gcc/arm-none-eabi/11.3.1/thumb/v6-m/nofp\libgcc.a(_aeabi_uldivmod.o)
                0x0000000008000220                __aeabi_uldivmod
 .text          0x0000000008000260       0x5c C:/ST/STM32CubeIDE_1.12.1/STM32CubeIDE/plugins/com.st.stm32cube.ide.mcu.externaltools.gnu-tools-for-stm32.11.3.rel1.win32_1.1.100.202309141235/tools/bin/../lib/gcc/arm-none-eabi/11.3.1/thumb/v6-m/nofp\libgcc.a(_muldi3.o)
                0x0000000008000260                __muldi3
                0x0000000008000260                __aeabi_lmul
 .text          0x00000000080002bc      0x198 C:/ST/STM32CubeIDE_1.12.1/STM32CubeIDE/plugins/com.st.stm32cube.ide.mcu.externaltools.gnu-tools-for-stm32.11.3.rel1.win32_1.1.100.202309141235/tools/bin/../lib/gcc/arm-none-eabi/11.3.1/thumb/v6-m/nofp\libgcc.a(_udivmoddi4.o)
                0x00000000080002bc                __udivmoddi4
 .text          0x0000000008000454       0x18 C:/ST/STM32CubeIDE_1.12.1/STM32CubeIDE/plugins/com.st.stm32cube.ide.mcu.externaltools.gnu-tools-for-stm32.11.3.rel1.win32_1.1.100.202309141235/tools/bin/../lib/gcc/arm-none-eabi/11.3.1/thumb/v6-m/nofp\libgcc.a(_clzdi2.o)
                0x0000000008000454                __clzdi2
 .text          0x000000000800046c       0x3c C:/ST/STM32CubeIDE_1.12.1/STM32CubeIDE/plugins/com.st.stm32cube.ide.mcu.externaltools.gnu-tools-for-stm32.11.3.rel1.win32_1.1.100.202309141235/tools/bin/../lib/gcc/arm-none-eabi/11.3.1/thumb/v6-m/nofp\libgcc.a(_clzsi2.o)
                0x000000000800046c                __clzsi2
 *(.text*)
 .text.MX_GPIO_Init
                0x00000000080004a8      0x110 ./Core/Src/gpio.o
                0x00000000080004a8                MX_GPIO_Init
 .text.main     0x00000000080005b8      0x6c0 ./Core/Src/main.o
                0x00000000080005b8                main
 .text.SystemClock_Config
                0x0000000008000c78       0xb8 ./Core/Src/main.o
                0x0000000008000c78                SystemClock_Config
 .text.Error_Handler
                0x0000000008000d30        0xa ./Core/Src/main.o
                0x0000000008000d30                Error_Handler
 *fill*         0x0000000008000d3a        0x2 
 .text.HAL_MspInit
                0x0000000008000d3c       0x28 ./Core/Src/stm32l0xx_hal_msp.o
                0x0000000008000d3c                HAL_MspInit
 .text.NMI_Handler
                0x0000000008000d64        0x6 ./Core/Src/stm32l0xx_it.o
                0x0000000008000d64                NMI_Handler
 .text.HardFault_Handler
                0x0000000008000d6a        0x6 ./Core/Src/stm32l0xx_it.o
                0x0000000008000d6a                HardFault_Handler
 .text.SVC_Handler
                0x0000000008000d70        0xa ./Core/Src/stm32l0xx_it.o
                0x0000000008000d70                SVC_Handler
 .text.PendSV_Handler
                0x0000000008000d7a        0xa ./Core/Src/stm32l0xx_it.o
                0x0000000008000d7a                PendSV_Handler
 .text.SysTick_Handler
                0x0000000008000d84       0x12 ./Core/Src/stm32l0xx_it.o
                0x0000000008000d84                SysTick_Handler
 *fill*         0x0000000008000d96        0x2 
 .text.TSC_IRQHandler
                0x0000000008000d98       0x18 ./Core/Src/stm32l0xx_it.o
                0x0000000008000d98                TSC_IRQHandler
 .text.SystemInit
                0x0000000008000db0        0xa ./Core/Src/system_stm32l0xx.o
                0x0000000008000db0                SystemInit
 *fill*         0x0000000008000dba        0x2 
 .text.MX_TSC_Init
                0x0000000008000dbc       0x8c ./Core/Src/tsc.o
                0x0000000008000dbc                MX_TSC_Init
 .text.HAL_TSC_MspInit
                0x0000000008000e48      0x14c ./Core/Src/tsc.o
                0x0000000008000e48                HAL_TSC_MspInit
 .text.Reset_Handler
                0x0000000008000f94       0x50 ./Core/Startup/startup_stm32l072rbtx.o
                0x0000000008000f94                Reset_Handler
 .text.Default_Handler
                0x0000000008000fe4        0x2 ./Core/Startup/startup_stm32l072rbtx.o
                0x0000000008000fe4                ADC1_COMP_IRQHandler
                0x0000000008000fe4                PVD_IRQHandler
                0x0000000008000fe4                I2C1_IRQHandler
                0x0000000008000fe4                RCC_CRS_IRQHandler
                0x0000000008000fe4                SPI1_IRQHandler
                0x0000000008000fe4                TIM6_DAC_IRQHandler
                0x0000000008000fe4                EXTI2_3_IRQHandler
                0x0000000008000fe4                I2C2_IRQHandler
                0x0000000008000fe4                RTC_IRQHandler
                0x0000000008000fe4                DMA1_Channel4_5_6_7_IRQHandler
                0x0000000008000fe4                TIM3_IRQHandler
                0x0000000008000fe4                EXTI4_15_IRQHandler
                0x0000000008000fe4                DMA1_Channel1_IRQHandler
                0x0000000008000fe4                USART4_5_IRQHandler
                0x0000000008000fe4                Default_Handler
                0x0000000008000fe4                TIM22_IRQHandler
                0x0000000008000fe4                TIM7_IRQHandler
                0x0000000008000fe4                EXTI0_1_IRQHandler
                0x0000000008000fe4                USB_IRQHandler
                0x0000000008000fe4                I2C3_IRQHandler
                0x0000000008000fe4                SPI2_IRQHandler
                0x0000000008000fe4                TIM21_IRQHandler
                0x0000000008000fe4                WWDG_IRQHandler
                0x0000000008000fe4                TIM2_IRQHandler
                0x0000000008000fe4                DMA1_Channel2_3_IRQHandler
                0x0000000008000fe4                USART2_IRQHandler
                0x0000000008000fe4                FLASH_IRQHandler
                0x0000000008000fe4                USART1_IRQHandler
                0x0000000008000fe4                RNG_LPUART1_IRQHandler
                0x0000000008000fe4                LPTIM1_IRQHandler
 *fill*         0x0000000008000fe6        0x2 
 .text.HAL_Init
                0x0000000008000fe8       0x40 ./Drivers/STM32L0xx_HAL_Driver/Src/stm32l0xx_hal.o
                0x0000000008000fe8                HAL_Init
 .text.HAL_InitTick
                0x0000000008001028       0x68 ./Drivers/STM32L0xx_HAL_Driver/Src/stm32l0xx_hal.o
                0x0000000008001028                HAL_InitTick
 .text.HAL_IncTick
                0x0000000008001090       0x24 ./Drivers/STM32L0xx_HAL_Driver/Src/stm32l0xx_hal.o
                0x0000000008001090                HAL_IncTick
 .text.HAL_GetTick
                0x00000000080010b4       0x14 ./Drivers/STM32L0xx_HAL_Driver/Src/stm32l0xx_hal.o
                0x00000000080010b4                HAL_GetTick
 .text.HAL_Delay
                0x00000000080010c8       0x48 ./Drivers/STM32L0xx_HAL_Driver/Src/stm32l0xx_hal.o
                0x00000000080010c8                HAL_Delay
 .text.__NVIC_EnableIRQ
                0x0000000008001110       0x34 ./Drivers/STM32L0xx_HAL_Driver/Src/stm32l0xx_hal_cortex.o
 .text.__NVIC_SetPriority
                0x0000000008001144       0xdc ./Drivers/STM32L0xx_HAL_Driver/Src/stm32l0xx_hal_cortex.o
 .text.SysTick_Config
                0x0000000008001220       0x48 ./Drivers/STM32L0xx_HAL_Driver/Src/stm32l0xx_hal_cortex.o
 .text.HAL_NVIC_SetPriority
                0x0000000008001268       0x2a ./Drivers/STM32L0xx_HAL_Driver/Src/stm32l0xx_hal_cortex.o
                0x0000000008001268                HAL_NVIC_SetPriority
 .text.HAL_NVIC_EnableIRQ
                0x0000000008001292       0x20 ./Drivers/STM32L0xx_HAL_Driver/Src/stm32l0xx_hal_cortex.o
                0x0000000008001292                HAL_NVIC_EnableIRQ
 .text.HAL_SYSTICK_Config
                0x00000000080012b2       0x1a ./Drivers/STM32L0xx_HAL_Driver/Src/stm32l0xx_hal_cortex.o
                0x00000000080012b2                HAL_SYSTICK_Config
 .text.HAL_GPIO_Init
                0x00000000080012cc      0x2fc ./Drivers/STM32L0xx_HAL_Driver/Src/stm32l0xx_hal_gpio.o
                0x00000000080012cc                HAL_GPIO_Init
 .text.HAL_GPIO_WritePin
                0x00000000080015c8       0x3a ./Drivers/STM32L0xx_HAL_Driver/Src/stm32l0xx_hal_gpio.o
                0x00000000080015c8                HAL_GPIO_WritePin
 *fill*         0x0000000008001602        0x2 
 .text.HAL_RCC_OscConfig
                0x0000000008001604      0x7a8 ./Drivers/STM32L0xx_HAL_Driver/Src/stm32l0xx_hal_rcc.o
                0x0000000008001604                HAL_RCC_OscConfig
 .text.HAL_RCC_ClockConfig
                0x0000000008001dac      0x290 ./Drivers/STM32L0xx_HAL_Driver/Src/stm32l0xx_hal_rcc.o
                0x0000000008001dac                HAL_RCC_ClockConfig
 .text.HAL_RCC_GetSysClockFreq
                0x000000000800203c      0x14c ./Drivers/STM32L0xx_HAL_Driver/Src/stm32l0xx_hal_rcc.o
                0x000000000800203c                HAL_RCC_GetSysClockFreq
 .text.HAL_TSC_Init
                0x0000000008002188      0x104 ./Drivers/STM32L0xx_HAL_Driver/Src/stm32l0xx_hal_tsc.o
                0x0000000008002188                HAL_TSC_Init
 .text.HAL_TSC_IRQHandler
                0x000000000800228c       0x5e ./Drivers/STM32L0xx_HAL_Driver/Src/stm32l0xx_hal_tsc.o
                0x000000000800228c                HAL_TSC_IRQHandler
 .text.HAL_TSC_ErrorCallback
                0x00000000080022ea       0x10 ./Drivers/STM32L0xx_HAL_Driver/Src/stm32l0xx_hal_tsc.o
                0x00000000080022ea                HAL_TSC_ErrorCallback
 .text.TSC_extract_groups
                0x00000000080022fa       0x46 ./Drivers/STM32L0xx_HAL_Driver/Src/stm32l0xx_hal_tsc.o
 .text.TSL_Init
                0x0000000008002340       0x5c ./Middlewares/ST/STM32_TouchSensing_Library/src/tsl.o
                0x0000000008002340                TSL_Init
 .text.TSL_acq_BankGetResult
                0x000000000800239c      0x324 ./Middlewares/ST/STM32_TouchSensing_Library/src/tsl_acq.o
                0x000000000800239c                TSL_acq_BankGetResult
 .text.TSL_acq_BankConfig
                0x00000000080026c0       0xd8 ./Middlewares/ST/STM32_TouchSensing_Library/src/tsl_acq_tsc.o
                0x00000000080026c0                TSL_acq_BankConfig
 .text.TSL_acq_BankStartAcq_IT
                0x0000000008002798       0x40 ./Middlewares/ST/STM32_TouchSensing_Library/src/tsl_acq_tsc.o
                0x0000000008002798                TSL_acq_BankStartAcq_IT
 .text.TSL_acq_GetMeas
                0x00000000080027d8       0x38 ./Middlewares/ST/STM32_TouchSensing_Library/src/tsl_acq_tsc.o
                0x00000000080027d8                TSL_acq_GetMeas
 .text.TSL_acq_ComputeDelta
                0x0000000008002810       0x28 ./Middlewares/ST/STM32_TouchSensing_Library/src/tsl_acq_tsc.o
                0x0000000008002810                TSL_acq_ComputeDelta
 .text.TSL_acq_ComputeMeas
                0x0000000008002838       0x26 ./Middlewares/ST/STM32_TouchSensing_Library/src/tsl_acq_tsc.o
                0x0000000008002838                TSL_acq_ComputeMeas
 .text.TSL_acq_CheckNoise
                0x000000000800285e        0xc ./Middlewares/ST/STM32_TouchSensing_Library/src/tsl_acq_tsc.o
                0x000000000800285e                TSL_acq_CheckNoise
 .text.TSL_acq_UseFilter
                0x000000000800286a       0x12 ./Middlewares/ST/STM32_TouchSensing_Library/src/tsl_acq_tsc.o
                0x000000000800286a                TSL_acq_UseFilter
 .text.TSL_acq_TestReferenceOutOfRange
                0x000000000800287c       0x12 ./Middlewares/ST/STM32_TouchSensing_Library/src/tsl_acq_tsc.o
                0x000000000800287c                TSL_acq_TestReferenceOutOfRange
 .text.TSL_acq_TestFirstReferenceIsValid
                0x000000000800288e       0x18 ./Middlewares/ST/STM32_TouchSensing_Library/src/tsl_acq_tsc.o
                0x000000000800288e                TSL_acq_TestFirstReferenceIsValid
 .text.SoftDelay
                0x00000000080028a6       0x24 ./Middlewares/ST/STM32_TouchSensing_Library/src/tsl_acq_tsc.o
 .text.TSL_dxs_FirstObj
                0x00000000080028ca       0x10 ./Middlewares/ST/STM32_TouchSensing_Library/src/tsl_dxs.o
                0x00000000080028ca                TSL_dxs_FirstObj
 *fill*         0x00000000080028da        0x2 
 .text.TSL_ecs_CalcK
                0x00000000080028dc      0x1a0 ./Middlewares/ST/STM32_TouchSensing_Library/src/tsl_ecs.o
                0x00000000080028dc                TSL_ecs_CalcK
 .text.TSL_ecs_ProcessK
                0x0000000008002a7c      0x174 ./Middlewares/ST/STM32_TouchSensing_Library/src/tsl_ecs.o
                0x0000000008002a7c                TSL_ecs_ProcessK
 .text.TSL_ecs_Process
                0x0000000008002bf0       0xe0 ./Middlewares/ST/STM32_TouchSensing_Library/src/tsl_ecs.o
                0x0000000008002bf0                TSL_ecs_Process
 .text.TSL_obj_GroupInit
                0x0000000008002cd0       0xb8 ./Middlewares/ST/STM32_TouchSensing_Library/src/tsl_object.o
                0x0000000008002cd0                TSL_obj_GroupInit
 .text.TSL_obj_GroupProcess
                0x0000000008002d88       0xb8 ./Middlewares/ST/STM32_TouchSensing_Library/src/tsl_object.o
                0x0000000008002d88                TSL_obj_GroupProcess
 .text.TSL_obj_SetGlobalObj
                0x0000000008002e40       0x30 ./Middlewares/ST/STM32_TouchSensing_Library/src/tsl_object.o
                0x0000000008002e40                TSL_obj_SetGlobalObj
 .text.TSL_tim_ProcessIT
                0x0000000008002e70       0x58 ./Middlewares/ST/STM32_TouchSensing_Library/src/tsl_time.o
                0x0000000008002e70                TSL_tim_ProcessIT
 .text.TSL_tim_CheckDelay_ms
                0x0000000008002ec8       0xbc ./Middlewares/ST/STM32_TouchSensing_Library/src/tsl_time.o
                0x0000000008002ec8                TSL_tim_CheckDelay_ms
 .text.TSL_tkey_Init
                0x0000000008002f84       0x78 ./Middlewares/ST/STM32_TouchSensing_Library/src/tsl_touchkey.o
                0x0000000008002f84                TSL_tkey_Init
 .text.TSL_tkey_Process
                0x0000000008002ffc       0x98 ./Middlewares/ST/STM32_TouchSensing_Library/src/tsl_touchkey.o
                0x0000000008002ffc                TSL_tkey_Process
 .text.TSL_tkey_SetStateCalibration
                0x0000000008003094       0x94 ./Middlewares/ST/STM32_TouchSensing_Library/src/tsl_touchkey.o
                0x0000000008003094                TSL_tkey_SetStateCalibration
 .text.TSL_tkey_GetStateMask
                0x0000000008003128       0x40 ./Middlewares/ST/STM32_TouchSensing_Library/src/tsl_touchkey.o
                0x0000000008003128                TSL_tkey_GetStateMask
 .text.TSL_tkey_DebReleaseProxStateProcess
                0x0000000008003168       0x84 ./Middlewares/ST/STM32_TouchSensing_Library/src/tsl_touchkey.o
                0x0000000008003168                TSL_tkey_DebReleaseProxStateProcess
 .text.TSL_tkey_DebReleaseDetectStateProcess
                0x00000000080031ec       0xa8 ./Middlewares/ST/STM32_TouchSensing_Library/src/tsl_touchkey.o
                0x00000000080031ec                TSL_tkey_DebReleaseDetectStateProcess
 .text.TSL_tkey_DebReleaseTouchStateProcess
                0x0000000008003294       0xa8 ./Middlewares/ST/STM32_TouchSensing_Library/src/tsl_touchkey.o
                0x0000000008003294                TSL_tkey_DebReleaseTouchStateProcess
 .text.TSL_tkey_ReleaseStateProcess
                0x000000000800333c      0x138 ./Middlewares/ST/STM32_TouchSensing_Library/src/tsl_touchkey.o
                0x000000000800333c                TSL_tkey_ReleaseStateProcess
 .text.TSL_tkey_DebCalibrationStateProcess
                0x0000000008003474       0x84 ./Middlewares/ST/STM32_TouchSensing_Library/src/tsl_touchkey.o
                0x0000000008003474                TSL_tkey_DebCalibrationStateProcess
 .text.TSL_tkey_CalibrationStateProcess
                0x00000000080034f8      0x14c ./Middlewares/ST/STM32_TouchSensing_Library/src/tsl_touchkey.o
                0x00000000080034f8                TSL_tkey_CalibrationStateProcess
 .text.TSL_tkey_DebProxStateProcess
                0x0000000008003644       0xd0 ./Middlewares/ST/STM32_TouchSensing_Library/src/tsl_touchkey.o
                0x0000000008003644                TSL_tkey_DebProxStateProcess
 .text.TSL_tkey_DebProxDetectStateProcess
                0x0000000008003714       0xd0 ./Middlewares/ST/STM32_TouchSensing_Library/src/tsl_touchkey.o
                0x0000000008003714                TSL_tkey_DebProxDetectStateProcess
 .text.TSL_tkey_DebProxTouchStateProcess
                0x00000000080037e4       0xd0 ./Middlewares/ST/STM32_TouchSensing_Library/src/tsl_touchkey.o
                0x00000000080037e4                TSL_tkey_DebProxTouchStateProcess
 .text.TSL_tkey_ProxStateProcess
                0x00000000080038b4       0xf0 ./Middlewares/ST/STM32_TouchSensing_Library/src/tsl_touchkey.o
                0x00000000080038b4                TSL_tkey_ProxStateProcess
 .text.TSL_tkey_DebDetectStateProcess
                0x00000000080039a4       0xd0 ./Middlewares/ST/STM32_TouchSensing_Library/src/tsl_touchkey.o
                0x00000000080039a4                TSL_tkey_DebDetectStateProcess
 .text.TSL_tkey_DetectStateProcess
                0x0000000008003a74       0xf0 ./Middlewares/ST/STM32_TouchSensing_Library/src/tsl_touchkey.o
                0x0000000008003a74                TSL_tkey_DetectStateProcess
 .text.TSL_tkey_TouchStateProcess
                0x0000000008003b64       0xf0 ./Middlewares/ST/STM32_TouchSensing_Library/src/tsl_touchkey.o
                0x0000000008003b64                TSL_tkey_TouchStateProcess
 .text.TSL_tkey_DebErrorStateProcess
                0x0000000008003c54       0xcc ./Middlewares/ST/STM32_TouchSensing_Library/src/tsl_touchkey.o
                0x0000000008003c54                TSL_tkey_DebErrorStateProcess
 .text.MX_TOUCHSENSING_Init
                0x0000000008003d20        0xe ./TOUCHSENSING/App/touchsensing.o
                0x0000000008003d20                MX_TOUCHSENSING_Init
 *fill*         0x0000000008003d2e        0x2 
 .text.tsl_user_Init
                0x0000000008003d30       0x28 ./TOUCHSENSING/App/tsl_user.o
                0x0000000008003d30                tsl_user_Init
 .text.HAL_TSC_ConvCpltCallback
                0x0000000008003d58       0x5c ./TOUCHSENSING/App/tsl_user.o
                0x0000000008003d58                HAL_TSC_ConvCpltCallback
 .text.tsl_user_Exec_IT
                0x0000000008003db4       0xc8 ./TOUCHSENSING/App/tsl_user.o
                0x0000000008003db4                tsl_user_Exec_IT
 .text.tsl_user_SetThresholds
                0x0000000008003e7c        0xa ./TOUCHSENSING/App/tsl_user.o
                0x0000000008003e7c                tsl_user_SetThresholds
 .text.MyTKeys_ErrorStateProcess
                0x0000000008003e86        0xa ./TOUCHSENSING/App/tsl_user.o
                0x0000000008003e86                MyTKeys_ErrorStateProcess
 .text.MyTKeys_OffStateProcess
                0x0000000008003e90        0xa ./TOUCHSENSING/App/tsl_user.o
                0x0000000008003e90                MyTKeys_OffStateProcess
 .text.memset   0x0000000008003e9a       0x10 C:/ST/STM32CubeIDE_1.12.1/STM32CubeIDE/plugins/com.st.stm32cube.ide.mcu.externaltools.gnu-tools-for-stm32.11.3.rel1.win32_1.1.100.202309141235/tools/bin/../lib/gcc/arm-none-eabi/11.3.1/../../../../arm-none-eabi/lib/thumb/v6-m/nofp\libc_nano.a(libc_a-memset.o)
                0x0000000008003e9a                memset
 *fill*         0x0000000008003eaa        0x2 
 .text.__libc_init_array
                0x0000000008003eac       0x48 C:/ST/STM32CubeIDE_1.12.1/STM32CubeIDE/plugins/com.st.stm32cube.ide.mcu.externaltools.gnu-tools-for-stm32.11.3.rel1.win32_1.1.100.202309141235/tools/bin/../lib/gcc/arm-none-eabi/11.3.1/../../../../arm-none-eabi/lib/thumb/v6-m/nofp\libc_nano.a(libc_a-init.o)
                0x0000000008003eac                __libc_init_array
 *(.glue_7)
 .glue_7        0x0000000008003ef4        0x0 linker stubs
 *(.glue_7t)
 .glue_7t       0x0000000008003ef4        0x0 linker stubs
 *(.eh_frame)
 .eh_frame      0x0000000008003ef4        0x0 C:/ST/STM32CubeIDE_1.12.1/STM32CubeIDE/plugins/com.st.stm32cube.ide.mcu.externaltools.gnu-tools-for-stm32.11.3.rel1.win32_1.1.100.202309141235/tools/bin/../lib/gcc/arm-none-eabi/11.3.1/thumb/v6-m/nofp/crtbegin.o
 *(.init)
 .init          0x0000000008003ef4        0x4 C:/ST/STM32CubeIDE_1.12.1/STM32CubeIDE/plugins/com.st.stm32cube.ide.mcu.externaltools.gnu-tools-for-stm32.11.3.rel1.win32_1.1.100.202309141235/tools/bin/../lib/gcc/arm-none-eabi/11.3.1/thumb/v6-m/nofp/crti.o
                0x0000000008003ef4                _init
 .init          0x0000000008003ef8        0x8 C:/ST/STM32CubeIDE_1.12.1/STM32CubeIDE/plugins/com.st.stm32cube.ide.mcu.externaltools.gnu-tools-for-stm32.11.3.rel1.win32_1.1.100.202309141235/tools/bin/../lib/gcc/arm-none-eabi/11.3.1/thumb/v6-m/nofp/crtn.o
 *(.fini)
 .fini          0x0000000008003f00        0x4 C:/ST/STM32CubeIDE_1.12.1/STM32CubeIDE/plugins/com.st.stm32cube.ide.mcu.externaltools.gnu-tools-for-stm32.11.3.rel1.win32_1.1.100.202309141235/tools/bin/../lib/gcc/arm-none-eabi/11.3.1/thumb/v6-m/nofp/crti.o
                0x0000000008003f00                _fini
 .fini          0x0000000008003f04        0x8 C:/ST/STM32CubeIDE_1.12.1/STM32CubeIDE/plugins/com.st.stm32cube.ide.mcu.externaltools.gnu-tools-for-stm32.11.3.rel1.win32_1.1.100.202309141235/tools/bin/../lib/gcc/arm-none-eabi/11.3.1/thumb/v6-m/nofp/crtn.o
                0x0000000008003f0c                . = ALIGN (0x4)
                0x0000000008003f0c                _etext = .

.vfp11_veneer   0x0000000008003f0c        0x0
 .vfp11_veneer  0x0000000008003f0c        0x0 linker stubs

.v4_bx          0x0000000008003f0c        0x0
 .v4_bx         0x0000000008003f0c        0x0 linker stubs

.iplt           0x0000000008003f0c        0x0
 .iplt          0x0000000008003f0c        0x0 C:/ST/STM32CubeIDE_1.12.1/STM32CubeIDE/plugins/com.st.stm32cube.ide.mcu.externaltools.gnu-tools-for-stm32.11.3.rel1.win32_1.1.100.202309141235/tools/bin/../lib/gcc/arm-none-eabi/11.3.1/thumb/v6-m/nofp/crtbegin.o

.rodata         0x0000000008003f0c      0x2d0
                0x0000000008003f0c                . = ALIGN (0x4)
 *(.rodata)
 *(.rodata*)
 .rodata.AHBPrescTable
                0x0000000008003f0c       0x10 ./Core/Src/system_stm32l0xx.o
                0x0000000008003f0c                AHBPrescTable
 .rodata.PLLMulTable
                0x0000000008003f1c        0x9 ./Core/Src/system_stm32l0xx.o
                0x0000000008003f1c                PLLMulTable
 *fill*         0x0000000008003f25        0x3 
 .rodata.MyChannels_Src
                0x0000000008003f28       0x6c ./TOUCHSENSING/App/tsl_user.o
                0x0000000008003f28                MyChannels_Src
 .rodata.MyChannels_Dest
                0x0000000008003f94       0x12 ./TOUCHSENSING/App/tsl_user.o
                0x0000000008003f94                MyChannels_Dest
 *fill*         0x0000000008003fa6        0x2 
 .rodata.MyBanks
                0x0000000008003fa8       0x90 ./TOUCHSENSING/App/tsl_user.o
                0x0000000008003fa8                MyBanks
 .rodata.MyTKeys_StateMachine
                0x0000000008004038       0xa0 ./TOUCHSENSING/App/tsl_user.o
                0x0000000008004038                MyTKeys_StateMachine
 .rodata.MyTKeys_Methods
                0x00000000080040d8        0x8 ./TOUCHSENSING/App/tsl_user.o
                0x00000000080040d8                MyTKeys_Methods
 .rodata.MyTKeys
                0x00000000080040e0       0xb4 ./TOUCHSENSING/App/tsl_user.o
                0x00000000080040e0                MyTKeys
 .rodata.MyObjects
                0x0000000008004194       0x48 ./TOUCHSENSING/App/tsl_user.o
                0x0000000008004194                MyObjects
                0x00000000080041dc                . = ALIGN (0x4)

.ARM.extab      0x00000000080041dc        0x0
                0x00000000080041dc                . = ALIGN (0x4)
 *(.ARM.extab* .gnu.linkonce.armextab.*)
                0x00000000080041dc                . = ALIGN (0x4)

.ARM            0x00000000080041dc        0x8
                0x00000000080041dc                . = ALIGN (0x4)
                0x00000000080041dc                __exidx_start = .
 *(.ARM.exidx*)
 .ARM.exidx     0x00000000080041dc        0x8 C:/ST/STM32CubeIDE_1.12.1/STM32CubeIDE/plugins/com.st.stm32cube.ide.mcu.externaltools.gnu-tools-for-stm32.11.3.rel1.win32_1.1.100.202309141235/tools/bin/../lib/gcc/arm-none-eabi/11.3.1/thumb/v6-m/nofp\libgcc.a(_udivmoddi4.o)
                0x00000000080041e4                __exidx_end = .
                0x00000000080041e4                . = ALIGN (0x4)

.rel.dyn        0x00000000080041e4        0x0
 .rel.iplt      0x00000000080041e4        0x0 C:/ST/STM32CubeIDE_1.12.1/STM32CubeIDE/plugins/com.st.stm32cube.ide.mcu.externaltools.gnu-tools-for-stm32.11.3.rel1.win32_1.1.100.202309141235/tools/bin/../lib/gcc/arm-none-eabi/11.3.1/thumb/v6-m/nofp/crtbegin.o

.preinit_array  0x00000000080041e4        0x0
                0x00000000080041e4                . = ALIGN (0x4)
                0x00000000080041e4                PROVIDE (__preinit_array_start = .)
 *(.preinit_array*)
                0x00000000080041e4                PROVIDE (__preinit_array_end = .)
                0x00000000080041e4                . = ALIGN (0x4)

.init_array     0x00000000080041e4        0x4
                0x00000000080041e4                . = ALIGN (0x4)
                0x00000000080041e4                PROVIDE (__init_array_start = .)
 *(SORT_BY_NAME(.init_array.*))
 *(.init_array*)
 .init_array    0x00000000080041e4        0x4 C:/ST/STM32CubeIDE_1.12.1/STM32CubeIDE/plugins/com.st.stm32cube.ide.mcu.externaltools.gnu-tools-for-stm32.11.3.rel1.win32_1.1.100.202309141235/tools/bin/../lib/gcc/arm-none-eabi/11.3.1/thumb/v6-m/nofp/crtbegin.o
                0x00000000080041e8                PROVIDE (__init_array_end = .)
                0x00000000080041e8                . = ALIGN (0x4)

.fini_array     0x00000000080041e8        0x4
                0x00000000080041e8                . = ALIGN (0x4)
                [!provide]                        PROVIDE (__fini_array_start = .)
 *(SORT_BY_NAME(.fini_array.*))
 *(.fini_array*)
 .fini_array    0x00000000080041e8        0x4 C:/ST/STM32CubeIDE_1.12.1/STM32CubeIDE/plugins/com.st.stm32cube.ide.mcu.externaltools.gnu-tools-for-stm32.11.3.rel1.win32_1.1.100.202309141235/tools/bin/../lib/gcc/arm-none-eabi/11.3.1/thumb/v6-m/nofp/crtbegin.o
                [!provide]                        PROVIDE (__fini_array_end = .)
                0x00000000080041ec                . = ALIGN (0x4)
                0x00000000080041ec                _sidata = LOADADDR (.data)

.data           0x0000000020000000       0x2c load address 0x00000000080041ec
                0x0000000020000000                . = ALIGN (0x4)
                0x0000000020000000                _sdata = .
 *(.data)
 *(.data*)
 .data.SystemCoreClock
                0x0000000020000000        0x4 ./Core/Src/system_stm32l0xx.o
                0x0000000020000000                SystemCoreClock
 .data.uwTickPrio
                0x0000000020000004        0x4 ./Drivers/STM32L0xx_HAL_Driver/Src/stm32l0xx_hal.o
                0x0000000020000004                uwTickPrio
 .data.uwTickFreq
                0x0000000020000008        0x1 ./Drivers/STM32L0xx_HAL_Driver/Src/stm32l0xx_hal.o
                0x0000000020000008                uwTickFreq
 *fill*         0x0000000020000009        0x3 
 .data.MyObjGroup
                0x000000002000000c       0x10 ./TOUCHSENSING/App/tsl_user.o
                0x000000002000000c                MyObjGroup
 .data.TSL_Params
                0x000000002000001c       0x10 ./TOUCHSENSING/App/tsl_user.o
                0x000000002000001c                TSL_Params
 *(.RamFunc)
 *(.RamFunc*)
                0x000000002000002c                . = ALIGN (0x4)
                0x000000002000002c                _edata = .

.igot.plt       0x000000002000002c        0x0 load address 0x0000000008004218
 .igot.plt      0x000000002000002c        0x0 C:/ST/STM32CubeIDE_1.12.1/STM32CubeIDE/plugins/com.st.stm32cube.ide.mcu.externaltools.gnu-tools-for-stm32.11.3.rel1.win32_1.1.100.202309141235/tools/bin/../lib/gcc/arm-none-eabi/11.3.1/thumb/v6-m/nofp/crtbegin.o
                0x000000002000002c                . = ALIGN (0x4)

.bss            0x000000002000002c      0x18c load address 0x0000000008004218
                0x000000002000002c                _sbss = .
                0x000000002000002c                __bss_start__ = _sbss
 *(.bss)
 .bss           0x000000002000002c       0x1c C:/ST/STM32CubeIDE_1.12.1/STM32CubeIDE/plugins/com.st.stm32cube.ide.mcu.externaltools.gnu-tools-for-stm32.11.3.rel1.win32_1.1.100.202309141235/tools/bin/../lib/gcc/arm-none-eabi/11.3.1/thumb/v6-m/nofp/crtbegin.o
 *(.bss*)
 .bss.i         0x0000000020000048        0x2 ./Core/Src/main.o
                0x0000000020000048                i
 .bss.j         0x000000002000004a        0x2 ./Core/Src/main.o
                0x000000002000004a                j
 .bss.touchDetect
                0x000000002000004c        0xd ./Core/Src/main.o
                0x000000002000004c                touchDetect
 *fill*         0x0000000020000059        0x3 
 .bss.htsc      0x000000002000005c       0x44 ./Core/Src/tsc.o
                0x000000002000005c                htsc
 .bss.uwTick    0x00000000200000a0        0x4 ./Drivers/STM32L0xx_HAL_Driver/Src/stm32l0xx_hal.o
                0x00000000200000a0                uwTick
 .bss.TSL_Globals
                0x00000000200000a4       0x18 ./Middlewares/ST/STM32_TouchSensing_Library/src/tsl_globals.o
                0x00000000200000a4                TSL_Globals
 .bss.count_1s.0
                0x00000000200000bc        0x2 ./Middlewares/ST/STM32_TouchSensing_Library/src/tsl_time.o
 .bss.CalibDiv  0x00000000200000be        0x2 ./Middlewares/ST/STM32_TouchSensing_Library/src/tsl_touchkey.o
 .bss.MyChannels_Data
                0x00000000200000c0       0x6c ./TOUCHSENSING/App/tsl_user.o
                0x00000000200000c0                MyChannels_Data
 .bss.MyTKeys_Data
                0x000000002000012c       0x24 ./TOUCHSENSING/App/tsl_user.o
                0x000000002000012c                MyTKeys_Data
 .bss.MyTKeys_Param
                0x0000000020000150       0x5a ./TOUCHSENSING/App/tsl_user.o
                0x0000000020000150                MyTKeys_Param
 .bss.ECSLastTick
                0x00000000200001aa        0x2 ./TOUCHSENSING/App/tsl_user.o
                0x00000000200001aa                ECSLastTick
 .bss.idx_bank_it
                0x00000000200001ac        0x4 ./TOUCHSENSING/App/tsl_user.o
                0x00000000200001ac                idx_bank_it
 .bss.config_done_it
                0x00000000200001b0        0x4 ./TOUCHSENSING/App/tsl_user.o
                0x00000000200001b0                config_done_it
 .bss.acq_done_it
                0x00000000200001b4        0x4 ./TOUCHSENSING/App/tsl_user.o
                0x00000000200001b4                acq_done_it
 *(COMMON)
                0x00000000200001b8                . = ALIGN (0x4)
                0x00000000200001b8                _ebss = .
                0x00000000200001b8                __bss_end__ = _ebss

._user_heap_stack
                0x00000000200001b8      0x600 load address 0x0000000008004218
                0x00000000200001b8                . = ALIGN (0x8)
                [!provide]                        PROVIDE (end = .)
                0x00000000200001b8                PROVIDE (_end = .)
                0x00000000200003b8                . = (. + _Min_Heap_Size)
 *fill*         0x00000000200001b8      0x200 
                0x00000000200007b8                . = (. + _Min_Stack_Size)
 *fill*         0x00000000200003b8      0x400 
                0x00000000200007b8                . = ALIGN (0x8)

/DISCARD/
 libc.a(*)
 libm.a(*)
 libgcc.a(*)

.ARM.attributes
                0x0000000000000000       0x28
 *(.ARM.attributes)
 .ARM.attributes
                0x0000000000000000       0x1e C:/ST/STM32CubeIDE_1.12.1/STM32CubeIDE/plugins/com.st.stm32cube.ide.mcu.externaltools.gnu-tools-for-stm32.11.3.rel1.win32_1.1.100.202309141235/tools/bin/../lib/gcc/arm-none-eabi/11.3.1/thumb/v6-m/nofp/crti.o
 .ARM.attributes
                0x000000000000001e       0x2c C:/ST/STM32CubeIDE_1.12.1/STM32CubeIDE/plugins/com.st.stm32cube.ide.mcu.externaltools.gnu-tools-for-stm32.11.3.rel1.win32_1.1.100.202309141235/tools/bin/../lib/gcc/arm-none-eabi/11.3.1/thumb/v6-m/nofp/crtbegin.o
 .ARM.attributes
                0x000000000000004a       0x2c ./Core/Src/gpio.o
 .ARM.attributes
                0x0000000000000076       0x2c ./Core/Src/main.o
 .ARM.attributes
                0x00000000000000a2       0x2c ./Core/Src/stm32l0xx_hal_msp.o
 .ARM.attributes
                0x00000000000000ce       0x2c ./Core/Src/stm32l0xx_it.o
 .ARM.attributes
                0x00000000000000fa       0x2c ./Core/Src/system_stm32l0xx.o
 .ARM.attributes
                0x0000000000000126       0x2c ./Core/Src/tsc.o
 .ARM.attributes
                0x0000000000000152       0x22 ./Core/Startup/startup_stm32l072rbtx.o
 .ARM.attributes
                0x0000000000000174       0x2c ./Drivers/STM32L0xx_HAL_Driver/Src/stm32l0xx_hal.o
 .ARM.attributes
                0x00000000000001a0       0x2c ./Drivers/STM32L0xx_HAL_Driver/Src/stm32l0xx_hal_cortex.o
 .ARM.attributes
                0x00000000000001cc       0x2c ./Drivers/STM32L0xx_HAL_Driver/Src/stm32l0xx_hal_gpio.o
 .ARM.attributes
                0x00000000000001f8       0x2c ./Drivers/STM32L0xx_HAL_Driver/Src/stm32l0xx_hal_rcc.o
 .ARM.attributes
                0x0000000000000224       0x2c ./Drivers/STM32L0xx_HAL_Driver/Src/stm32l0xx_hal_tsc.o
 .ARM.attributes
                0x0000000000000250       0x2c ./Middlewares/ST/STM32_TouchSensing_Library/src/tsl.o
 .ARM.attributes
                0x000000000000027c       0x2c ./Middlewares/ST/STM32_TouchSensing_Library/src/tsl_acq.o
 .ARM.attributes
                0x00000000000002a8       0x2c ./Middlewares/ST/STM32_TouchSensing_Library/src/tsl_acq_tsc.o
 .ARM.attributes
                0x00000000000002d4       0x2c ./Middlewares/ST/STM32_TouchSensing_Library/src/tsl_dxs.o
 .ARM.attributes
                0x0000000000000300       0x2c ./Middlewares/ST/STM32_TouchSensing_Library/src/tsl_ecs.o
 .ARM.attributes
                0x000000000000032c       0x2c ./Middlewares/ST/STM32_TouchSensing_Library/src/tsl_globals.o
 .ARM.attributes
                0x0000000000000358       0x2c ./Middlewares/ST/STM32_TouchSensing_Library/src/tsl_object.o
 .ARM.attributes
                0x0000000000000384       0x2c ./Middlewares/ST/STM32_TouchSensing_Library/src/tsl_time.o
 .ARM.attributes
                0x00000000000003b0       0x2c ./Middlewares/ST/STM32_TouchSensing_Library/src/tsl_touchkey.o
 .ARM.attributes
                0x00000000000003dc       0x2c ./TOUCHSENSING/App/touchsensing.o
 .ARM.attributes
                0x0000000000000408       0x2c ./TOUCHSENSING/App/tsl_user.o
 .ARM.attributes
                0x0000000000000434       0x2c C:/ST/STM32CubeIDE_1.12.1/STM32CubeIDE/plugins/com.st.stm32cube.ide.mcu.externaltools.gnu-tools-for-stm32.11.3.rel1.win32_1.1.100.202309141235/tools/bin/../lib/gcc/arm-none-eabi/11.3.1/../../../../arm-none-eabi/lib/thumb/v6-m/nofp\libc_nano.a(libc_a-memset.o)
 .ARM.attributes
                0x0000000000000460       0x2c C:/ST/STM32CubeIDE_1.12.1/STM32CubeIDE/plugins/com.st.stm32cube.ide.mcu.externaltools.gnu-tools-for-stm32.11.3.rel1.win32_1.1.100.202309141235/tools/bin/../lib/gcc/arm-none-eabi/11.3.1/../../../../arm-none-eabi/lib/thumb/v6-m/nofp\libc_nano.a(libc_a-init.o)
 .ARM.attributes
                0x000000000000048c       0x1e C:/ST/STM32CubeIDE_1.12.1/STM32CubeIDE/plugins/com.st.stm32cube.ide.mcu.externaltools.gnu-tools-for-stm32.11.3.rel1.win32_1.1.100.202309141235/tools/bin/../lib/gcc/arm-none-eabi/11.3.1/thumb/v6-m/nofp\libgcc.a(_udivsi3.o)
 .ARM.attributes
                0x00000000000004aa       0x1e C:/ST/STM32CubeIDE_1.12.1/STM32CubeIDE/plugins/com.st.stm32cube.ide.mcu.externaltools.gnu-tools-for-stm32.11.3.rel1.win32_1.1.100.202309141235/tools/bin/../lib/gcc/arm-none-eabi/11.3.1/thumb/v6-m/nofp\libgcc.a(_dvmd_tls.o)
 .ARM.attributes
                0x00000000000004c8       0x1e C:/ST/STM32CubeIDE_1.12.1/STM32CubeIDE/plugins/com.st.stm32cube.ide.mcu.externaltools.gnu-tools-for-stm32.11.3.rel1.win32_1.1.100.202309141235/tools/bin/../lib/gcc/arm-none-eabi/11.3.1/thumb/v6-m/nofp\libgcc.a(_aeabi_uldivmod.o)
 .ARM.attributes
                0x00000000000004e6       0x2c C:/ST/STM32CubeIDE_1.12.1/STM32CubeIDE/plugins/com.st.stm32cube.ide.mcu.externaltools.gnu-tools-for-stm32.11.3.rel1.win32_1.1.100.202309141235/tools/bin/../lib/gcc/arm-none-eabi/11.3.1/thumb/v6-m/nofp\libgcc.a(_muldi3.o)
 .ARM.attributes
                0x0000000000000512       0x2c C:/ST/STM32CubeIDE_1.12.1/STM32CubeIDE/plugins/com.st.stm32cube.ide.mcu.externaltools.gnu-tools-for-stm32.11.3.rel1.win32_1.1.100.202309141235/tools/bin/../lib/gcc/arm-none-eabi/11.3.1/thumb/v6-m/nofp\libgcc.a(_udivmoddi4.o)
 .ARM.attributes
                0x000000000000053e       0x1e C:/ST/STM32CubeIDE_1.12.1/STM32CubeIDE/plugins/com.st.stm32cube.ide.mcu.externaltools.gnu-tools-for-stm32.11.3.rel1.win32_1.1.100.202309141235/tools/bin/../lib/gcc/arm-none-eabi/11.3.1/thumb/v6-m/nofp\libgcc.a(_clzdi2.o)
 .ARM.attributes
                0x000000000000055c       0x1e C:/ST/STM32CubeIDE_1.12.1/STM32CubeIDE/plugins/com.st.stm32cube.ide.mcu.externaltools.gnu-tools-for-stm32.11.3.rel1.win32_1.1.100.202309141235/tools/bin/../lib/gcc/arm-none-eabi/11.3.1/thumb/v6-m/nofp\libgcc.a(_clzsi2.o)
 .ARM.attributes
                0x000000000000057a       0x1e C:/ST/STM32CubeIDE_1.12.1/STM32CubeIDE/plugins/com.st.stm32cube.ide.mcu.externaltools.gnu-tools-for-stm32.11.3.rel1.win32_1.1.100.202309141235/tools/bin/../lib/gcc/arm-none-eabi/11.3.1/thumb/v6-m/nofp/crtn.o
OUTPUT(JEU_MOULIN_LQFP64.elf elf32-littlearm)
LOAD linker stubs
LOAD C:/ST/STM32CubeIDE_1.12.1/STM32CubeIDE/plugins/com.st.stm32cube.ide.mcu.externaltools.gnu-tools-for-stm32.11.3.rel1.win32_1.1.100.202309141235/tools/bin/../lib/gcc/arm-none-eabi/11.3.1/../../../../arm-none-eabi/lib/thumb/v6-m/nofp\libc.a
LOAD C:/ST/STM32CubeIDE_1.12.1/STM32CubeIDE/plugins/com.st.stm32cube.ide.mcu.externaltools.gnu-tools-for-stm32.11.3.rel1.win32_1.1.100.202309141235/tools/bin/../lib/gcc/arm-none-eabi/11.3.1/../../../../arm-none-eabi/lib/thumb/v6-m/nofp\libm.a
LOAD C:/ST/STM32CubeIDE_1.12.1/STM32CubeIDE/plugins/com.st.stm32cube.ide.mcu.externaltools.gnu-tools-for-stm32.11.3.rel1.win32_1.1.100.202309141235/tools/bin/../lib/gcc/arm-none-eabi/11.3.1/thumb/v6-m/nofp\libgcc.a

.comment        0x0000000000000000       0x43
 .comment       0x0000000000000000       0x43 C:/ST/STM32CubeIDE_1.12.1/STM32CubeIDE/plugins/com.st.stm32cube.ide.mcu.externaltools.gnu-tools-for-stm32.11.3.rel1.win32_1.1.100.202309141235/tools/bin/../lib/gcc/arm-none-eabi/11.3.1/thumb/v6-m/nofp/crtbegin.o
                                         0x44 (size before relaxing)
 .comment       0x0000000000000043       0x44 ./Core/Src/gpio.o
 .comment       0x0000000000000043       0x44 ./Core/Src/main.o
 .comment       0x0000000000000043       0x44 ./Core/Src/stm32l0xx_hal_msp.o
 .comment       0x0000000000000043       0x44 ./Core/Src/stm32l0xx_it.o
 .comment       0x0000000000000043       0x44 ./Core/Src/system_stm32l0xx.o
 .comment       0x0000000000000043       0x44 ./Core/Src/tsc.o
 .comment       0x0000000000000043       0x44 ./Drivers/STM32L0xx_HAL_Driver/Src/stm32l0xx_hal.o
 .comment       0x0000000000000043       0x44 ./Drivers/STM32L0xx_HAL_Driver/Src/stm32l0xx_hal_cortex.o
 .comment       0x0000000000000043       0x44 ./Drivers/STM32L0xx_HAL_Driver/Src/stm32l0xx_hal_gpio.o
 .comment       0x0000000000000043       0x44 ./Drivers/STM32L0xx_HAL_Driver/Src/stm32l0xx_hal_rcc.o
 .comment       0x0000000000000043       0x44 ./Drivers/STM32L0xx_HAL_Driver/Src/stm32l0xx_hal_tsc.o
 .comment       0x0000000000000043       0x44 ./Middlewares/ST/STM32_TouchSensing_Library/src/tsl.o
 .comment       0x0000000000000043       0x44 ./Middlewares/ST/STM32_TouchSensing_Library/src/tsl_acq.o
 .comment       0x0000000000000043       0x44 ./Middlewares/ST/STM32_TouchSensing_Library/src/tsl_acq_tsc.o
 .comment       0x0000000000000043       0x44 ./Middlewares/ST/STM32_TouchSensing_Library/src/tsl_dxs.o
 .comment       0x0000000000000043       0x44 ./Middlewares/ST/STM32_TouchSensing_Library/src/tsl_ecs.o
 .comment       0x0000000000000043       0x44 ./Middlewares/ST/STM32_TouchSensing_Library/src/tsl_globals.o
 .comment       0x0000000000000043       0x44 ./Middlewares/ST/STM32_TouchSensing_Library/src/tsl_object.o
 .comment       0x0000000000000043       0x44 ./Middlewares/ST/STM32_TouchSensing_Library/src/tsl_time.o
 .comment       0x0000000000000043       0x44 ./Middlewares/ST/STM32_TouchSensing_Library/src/tsl_touchkey.o
 .comment       0x0000000000000043       0x44 ./TOUCHSENSING/App/touchsensing.o
 .comment       0x0000000000000043       0x44 ./TOUCHSENSING/App/tsl_user.o

.debug_info     0x0000000000000000     0x9f0c
 .debug_info    0x0000000000000000      0x383 ./Core/Src/gpio.o
 .debug_info    0x0000000000000383      0x917 ./Core/Src/main.o
 .debug_info    0x0000000000000c9a      0x1ba ./Core/Src/stm32l0xx_hal_msp.o
 .debug_info    0x0000000000000e54      0x38c ./Core/Src/stm32l0xx_it.o
 .debug_info    0x00000000000011e0      0x2d0 ./Core/Src/system_stm32l0xx.o
 .debug_info    0x00000000000014b0      0x7ac ./Core/Src/tsc.o
 .debug_info    0x0000000000001c5c       0x23 ./Core/Startup/startup_stm32l072rbtx.o
 .debug_info    0x0000000000001c7f      0x8a6 ./Drivers/STM32L0xx_HAL_Driver/Src/stm32l0xx_hal.o
 .debug_info    0x0000000000002525      0x861 ./Drivers/STM32L0xx_HAL_Driver/Src/stm32l0xx_hal_cortex.o
 .debug_info    0x0000000000002d86      0x617 ./Drivers/STM32L0xx_HAL_Driver/Src/stm32l0xx_hal_gpio.o
 .debug_info    0x000000000000339d      0xa2e ./Drivers/STM32L0xx_HAL_Driver/Src/stm32l0xx_hal_rcc.o
 .debug_info    0x0000000000003dcb      0x729 ./Drivers/STM32L0xx_HAL_Driver/Src/stm32l0xx_hal_tsc.o
 .debug_info    0x00000000000044f4      0x749 ./Middlewares/ST/STM32_TouchSensing_Library/src/tsl.o
 .debug_info    0x0000000000004c3d      0xaab ./Middlewares/ST/STM32_TouchSensing_Library/src/tsl_acq.o
 .debug_info    0x00000000000056e8      0xa8a ./Middlewares/ST/STM32_TouchSensing_Library/src/tsl_acq_tsc.o
 .debug_info    0x0000000000006172      0x208 ./Middlewares/ST/STM32_TouchSensing_Library/src/tsl_dxs.o
 .debug_info    0x000000000000637a      0xa67 ./Middlewares/ST/STM32_TouchSensing_Library/src/tsl_ecs.o
 .debug_info    0x0000000000006de1      0x6e4 ./Middlewares/ST/STM32_TouchSensing_Library/src/tsl_globals.o
 .debug_info    0x00000000000074c5      0x836 ./Middlewares/ST/STM32_TouchSensing_Library/src/tsl_object.o
 .debug_info    0x0000000000007cfb      0x836 ./Middlewares/ST/STM32_TouchSensing_Library/src/tsl_time.o
 .debug_info    0x0000000000008531      0xa3c ./Middlewares/ST/STM32_TouchSensing_Library/src/tsl_touchkey.o
 .debug_info    0x0000000000008f6d       0x92 ./TOUCHSENSING/App/touchsensing.o
 .debug_info    0x0000000000008fff      0xf0d ./TOUCHSENSING/App/tsl_user.o

.debug_abbrev   0x0000000000000000     0x2551
 .debug_abbrev  0x0000000000000000      0x150 ./Core/Src/gpio.o
 .debug_abbrev  0x0000000000000150      0x267 ./Core/Src/main.o
 .debug_abbrev  0x00000000000003b7       0x9f ./Core/Src/stm32l0xx_hal_msp.o
 .debug_abbrev  0x0000000000000456      0x16f ./Core/Src/stm32l0xx_it.o
 .debug_abbrev  0x00000000000005c5      0x11c ./Core/Src/system_stm32l0xx.o
 .debug_abbrev  0x00000000000006e1      0x1ed ./Core/Src/tsc.o
 .debug_abbrev  0x00000000000008ce       0x12 ./Core/Startup/startup_stm32l072rbtx.o
 .debug_abbrev  0x00000000000008e0      0x2a0 ./Drivers/STM32L0xx_HAL_Driver/Src/stm32l0xx_hal.o
 .debug_abbrev  0x0000000000000b80      0x29b ./Drivers/STM32L0xx_HAL_Driver/Src/stm32l0xx_hal_cortex.o
 .debug_abbrev  0x0000000000000e1b      0x1cb ./Drivers/STM32L0xx_HAL_Driver/Src/stm32l0xx_hal_gpio.o
 .debug_abbrev  0x0000000000000fe6      0x296 ./Drivers/STM32L0xx_HAL_Driver/Src/stm32l0xx_hal_rcc.o
 .debug_abbrev  0x000000000000127c      0x1e4 ./Drivers/STM32L0xx_HAL_Driver/Src/stm32l0xx_hal_tsc.o
 .debug_abbrev  0x0000000000001460      0x10e ./Middlewares/ST/STM32_TouchSensing_Library/src/tsl.o
 .debug_abbrev  0x000000000000156e      0x1d0 ./Middlewares/ST/STM32_TouchSensing_Library/src/tsl_acq.o
 .debug_abbrev  0x000000000000173e      0x252 ./Middlewares/ST/STM32_TouchSensing_Library/src/tsl_acq_tsc.o
 .debug_abbrev  0x0000000000001990       0xc1 ./Middlewares/ST/STM32_TouchSensing_Library/src/tsl_dxs.o
 .debug_abbrev  0x0000000000001a51      0x1f1 ./Middlewares/ST/STM32_TouchSensing_Library/src/tsl_ecs.o
 .debug_abbrev  0x0000000000001c42       0xdc ./Middlewares/ST/STM32_TouchSensing_Library/src/tsl_globals.o
 .debug_abbrev  0x0000000000001d1e      0x144 ./Middlewares/ST/STM32_TouchSensing_Library/src/tsl_object.o
 .debug_abbrev  0x0000000000001e62      0x176 ./Middlewares/ST/STM32_TouchSensing_Library/src/tsl_time.o
 .debug_abbrev  0x0000000000001fd8      0x27e ./Middlewares/ST/STM32_TouchSensing_Library/src/tsl_touchkey.o
 .debug_abbrev  0x0000000000002256       0x58 ./TOUCHSENSING/App/touchsensing.o
 .debug_abbrev  0x00000000000022ae      0x2a3 ./TOUCHSENSING/App/tsl_user.o

.debug_aranges  0x0000000000000000      0x770
 .debug_aranges
                0x0000000000000000       0x20 ./Core/Src/gpio.o
 .debug_aranges
                0x0000000000000020       0x30 ./Core/Src/main.o
 .debug_aranges
                0x0000000000000050       0x20 ./Core/Src/stm32l0xx_hal_msp.o
 .debug_aranges
                0x0000000000000070       0x48 ./Core/Src/stm32l0xx_it.o
 .debug_aranges
                0x00000000000000b8       0x28 ./Core/Src/system_stm32l0xx.o
 .debug_aranges
                0x00000000000000e0       0x30 ./Core/Src/tsc.o
 .debug_aranges
                0x0000000000000110       0x28 ./Core/Startup/startup_stm32l072rbtx.o
 .debug_aranges
                0x0000000000000138      0x110 ./Drivers/STM32L0xx_HAL_Driver/Src/stm32l0xx_hal.o
 .debug_aranges
                0x0000000000000248       0xd8 ./Drivers/STM32L0xx_HAL_Driver/Src/stm32l0xx_hal_cortex.o
 .debug_aranges
                0x0000000000000320       0x58 ./Drivers/STM32L0xx_HAL_Driver/Src/stm32l0xx_hal_gpio.o
 .debug_aranges
                0x0000000000000378       0x80 ./Drivers/STM32L0xx_HAL_Driver/Src/stm32l0xx_hal_rcc.o
 .debug_aranges
                0x00000000000003f8       0xa8 ./Drivers/STM32L0xx_HAL_Driver/Src/stm32l0xx_hal_tsc.o
 .debug_aranges
                0x00000000000004a0       0x20 ./Middlewares/ST/STM32_TouchSensing_Library/src/tsl.o
 .debug_aranges
                0x00000000000004c0       0x30 ./Middlewares/ST/STM32_TouchSensing_Library/src/tsl_acq.o
 .debug_aranges
                0x00000000000004f0       0x78 ./Middlewares/ST/STM32_TouchSensing_Library/src/tsl_acq_tsc.o
 .debug_aranges
                0x0000000000000568       0x20 ./Middlewares/ST/STM32_TouchSensing_Library/src/tsl_dxs.o
 .debug_aranges
                0x0000000000000588       0x30 ./Middlewares/ST/STM32_TouchSensing_Library/src/tsl_ecs.o
 .debug_aranges
                0x00000000000005b8       0x18 ./Middlewares/ST/STM32_TouchSensing_Library/src/tsl_globals.o
 .debug_aranges
                0x00000000000005d0       0x30 ./Middlewares/ST/STM32_TouchSensing_Library/src/tsl_object.o
 .debug_aranges
                0x0000000000000600       0x30 ./Middlewares/ST/STM32_TouchSensing_Library/src/tsl_time.o
 .debug_aranges
                0x0000000000000630       0xd0 ./Middlewares/ST/STM32_TouchSensing_Library/src/tsl_touchkey.o
 .debug_aranges
                0x0000000000000700       0x20 ./TOUCHSENSING/App/touchsensing.o
 .debug_aranges
                0x0000000000000720       0x50 ./TOUCHSENSING/App/tsl_user.o

.debug_rnglists
                0x0000000000000000      0x545
 .debug_rnglists
                0x0000000000000000       0x14 ./Core/Src/gpio.o
 .debug_rnglists
                0x0000000000000014       0x21 ./Core/Src/main.o
 .debug_rnglists
                0x0000000000000035       0x13 ./Core/Src/stm32l0xx_hal_msp.o
 .debug_rnglists
                0x0000000000000048       0x31 ./Core/Src/stm32l0xx_it.o
 .debug_rnglists
                0x0000000000000079       0x1a ./Core/Src/system_stm32l0xx.o
 .debug_rnglists
                0x0000000000000093       0x21 ./Core/Src/tsc.o
 .debug_rnglists
                0x00000000000000b4       0x19 ./Core/Startup/startup_stm32l072rbtx.o
 .debug_rnglists
                0x00000000000000cd       0xc7 ./Drivers/STM32L0xx_HAL_Driver/Src/stm32l0xx_hal.o
 .debug_rnglists
                0x0000000000000194       0x9f ./Drivers/STM32L0xx_HAL_Driver/Src/stm32l0xx_hal_cortex.o
 .debug_rnglists
                0x0000000000000233       0x3f ./Drivers/STM32L0xx_HAL_Driver/Src/stm32l0xx_hal_gpio.o
 .debug_rnglists
                0x0000000000000272       0x61 ./Drivers/STM32L0xx_HAL_Driver/Src/stm32l0xx_hal_rcc.o
 .debug_rnglists
                0x00000000000002d3       0x7d ./Drivers/STM32L0xx_HAL_Driver/Src/stm32l0xx_hal_tsc.o
 .debug_rnglists
                0x0000000000000350       0x13 ./Middlewares/ST/STM32_TouchSensing_Library/src/tsl.o
 .debug_rnglists
                0x0000000000000363       0x22 ./Middlewares/ST/STM32_TouchSensing_Library/src/tsl_acq.o
 .debug_rnglists
                0x0000000000000385       0x56 ./Middlewares/ST/STM32_TouchSensing_Library/src/tsl_acq_tsc.o
 .debug_rnglists
                0x00000000000003db       0x13 ./Middlewares/ST/STM32_TouchSensing_Library/src/tsl_dxs.o
 .debug_rnglists
                0x00000000000003ee       0x22 ./Middlewares/ST/STM32_TouchSensing_Library/src/tsl_ecs.o
 .debug_rnglists
                0x0000000000000410       0x21 ./Middlewares/ST/STM32_TouchSensing_Library/src/tsl_object.o
 .debug_rnglists
                0x0000000000000431       0x21 ./Middlewares/ST/STM32_TouchSensing_Library/src/tsl_time.o
 .debug_rnglists
                0x0000000000000452       0xa7 ./Middlewares/ST/STM32_TouchSensing_Library/src/tsl_touchkey.o
 .debug_rnglists
                0x00000000000004f9       0x13 ./TOUCHSENSING/App/touchsensing.o
 .debug_rnglists
                0x000000000000050c       0x39 ./TOUCHSENSING/App/tsl_user.o

.debug_macro    0x0000000000000000    0x15395
 .debug_macro   0x0000000000000000      0x1c9 ./Core/Src/gpio.o
 .debug_macro   0x00000000000001c9      0xa7e ./Core/Src/gpio.o
 .debug_macro   0x0000000000000c47      0x11f ./Core/Src/gpio.o
 .debug_macro   0x0000000000000d66       0x2e ./Core/Src/gpio.o
 .debug_macro   0x0000000000000d94       0x28 ./Core/Src/gpio.o
 .debug_macro   0x0000000000000dbc       0x22 ./Core/Src/gpio.o
 .debug_macro   0x0000000000000dde       0x8e ./Core/Src/gpio.o
 .debug_macro   0x0000000000000e6c       0x51 ./Core/Src/gpio.o
 .debug_macro   0x0000000000000ebd      0x103 ./Core/Src/gpio.o
 .debug_macro   0x0000000000000fc0       0x6a ./Core/Src/gpio.o
 .debug_macro   0x000000000000102a      0x1df ./Core/Src/gpio.o
 .debug_macro   0x0000000000001209       0x1c ./Core/Src/gpio.o
 .debug_macro   0x0000000000001225       0x22 ./Core/Src/gpio.o
 .debug_macro   0x0000000000001247       0xaf ./Core/Src/gpio.o
 .debug_macro   0x00000000000012f6      0x4da ./Core/Src/gpio.o
 .debug_macro   0x00000000000017d0      0x11f ./Core/Src/gpio.o
 .debug_macro   0x00000000000018ef     0xa10b ./Core/Src/gpio.o
 .debug_macro   0x000000000000b9fa       0x66 ./Core/Src/gpio.o
 .debug_macro   0x000000000000ba60     0x3590 ./Core/Src/gpio.o
 .debug_macro   0x000000000000eff0      0x174 ./Core/Src/gpio.o
 .debug_macro   0x000000000000f164       0x5c ./Core/Src/gpio.o
 .debug_macro   0x000000000000f1c0      0x8ea ./Core/Src/gpio.o
 .debug_macro   0x000000000000faaa      0xb52 ./Core/Src/gpio.o
 .debug_macro   0x00000000000105fc      0x197 ./Core/Src/gpio.o
 .debug_macro   0x0000000000010793      0x13f ./Core/Src/gpio.o
 .debug_macro   0x00000000000108d2      0x1ca ./Core/Src/gpio.o
 .debug_macro   0x0000000000010a9c       0x82 ./Core/Src/gpio.o
 .debug_macro   0x0000000000010b1e      0x28e ./Core/Src/gpio.o
 .debug_macro   0x0000000000010dac      0x1e9 ./Core/Src/gpio.o
 .debug_macro   0x0000000000010f95      0x13d ./Core/Src/gpio.o
 .debug_macro   0x00000000000110d2      0x4ac ./Core/Src/gpio.o
 .debug_macro   0x000000000001157e      0x22c ./Core/Src/gpio.o
 .debug_macro   0x00000000000117aa       0x5b ./Core/Src/gpio.o
 .debug_macro   0x0000000000011805       0xa5 ./Core/Src/gpio.o
 .debug_macro   0x00000000000118aa      0x186 ./Core/Src/gpio.o
 .debug_macro   0x0000000000011a30       0x16 ./Core/Src/gpio.o
 .debug_macro   0x0000000000011a46      0x3d7 ./Core/Src/gpio.o
 .debug_macro   0x0000000000011e1d      0x170 ./Core/Src/gpio.o
 .debug_macro   0x0000000000011f8d       0xdc ./Core/Src/gpio.o
 .debug_macro   0x0000000000012069      0x2a3 ./Core/Src/main.o
 .debug_macro   0x000000000001230c      0x19b ./Core/Src/main.o
 .debug_macro   0x00000000000124a7       0x4c ./Core/Src/main.o
 .debug_macro   0x00000000000124f3       0x16 ./Core/Src/main.o
 .debug_macro   0x0000000000012509       0x1c ./Core/Src/main.o
 .debug_macro   0x0000000000012525       0xd5 ./Core/Src/main.o
 .debug_macro   0x00000000000125fa       0x1c ./Core/Src/main.o
 .debug_macro   0x0000000000012616      0x160 ./Core/Src/main.o
 .debug_macro   0x0000000000012776      0x1bf ./Core/Src/stm32l0xx_hal_msp.o
 .debug_macro   0x0000000000012935      0x20c ./Core/Src/stm32l0xx_it.o
 .debug_macro   0x0000000000012b41      0x1b0 ./Core/Src/system_stm32l0xx.o
 .debug_macro   0x0000000000012cf1      0x1c9 ./Core/Src/tsc.o
 .debug_macro   0x0000000000012eba      0x1d4 ./Drivers/STM32L0xx_HAL_Driver/Src/stm32l0xx_hal.o
 .debug_macro   0x000000000001308e      0x1b0 ./Drivers/STM32L0xx_HAL_Driver/Src/stm32l0xx_hal_cortex.o
 .debug_macro   0x000000000001323e      0x1b7 ./Drivers/STM32L0xx_HAL_Driver/Src/stm32l0xx_hal_gpio.o
 .debug_macro   0x00000000000133f5      0x1e6 ./Drivers/STM32L0xx_HAL_Driver/Src/stm32l0xx_hal_rcc.o
 .debug_macro   0x00000000000135db      0x1b1 ./Drivers/STM32L0xx_HAL_Driver/Src/stm32l0xx_hal_tsc.o
 .debug_macro   0x000000000001378c      0x260 ./Middlewares/ST/STM32_TouchSensing_Library/src/tsl.o
 .debug_macro   0x00000000000139ec      0x195 ./Middlewares/ST/STM32_TouchSensing_Library/src/tsl.o
 .debug_macro   0x0000000000013b81      0x242 ./Middlewares/ST/STM32_TouchSensing_Library/src/tsl_acq.o
 .debug_macro   0x0000000000013dc3       0x16 ./Middlewares/ST/STM32_TouchSensing_Library/src/tsl_acq.o
 .debug_macro   0x0000000000013dd9      0x23e ./Middlewares/ST/STM32_TouchSensing_Library/src/tsl_acq_tsc.o
 .debug_macro   0x0000000000014017      0x27e ./Middlewares/ST/STM32_TouchSensing_Library/src/tsl_dxs.o
 .debug_macro   0x0000000000014295      0x272 ./Middlewares/ST/STM32_TouchSensing_Library/src/tsl_ecs.o
 .debug_macro   0x0000000000014507      0x23e ./Middlewares/ST/STM32_TouchSensing_Library/src/tsl_globals.o
 .debug_macro   0x0000000000014745      0x242 ./Middlewares/ST/STM32_TouchSensing_Library/src/tsl_object.o
 .debug_macro   0x0000000000014987      0x242 ./Middlewares/ST/STM32_TouchSensing_Library/src/tsl_time.o
 .debug_macro   0x0000000000014bc9      0x2e4 ./Middlewares/ST/STM32_TouchSensing_Library/src/tsl_touchkey.o
 .debug_macro   0x0000000000014ead      0x279 ./TOUCHSENSING/App/touchsensing.o
 .debug_macro   0x0000000000015126      0x26f ./TOUCHSENSING/App/tsl_user.o

.debug_line     0x0000000000000000     0xdede
 .debug_line    0x0000000000000000      0x762 ./Core/Src/gpio.o
 .debug_line    0x0000000000000762      0xc72 ./Core/Src/main.o
 .debug_line    0x00000000000013d4      0x738 ./Core/Src/stm32l0xx_hal_msp.o
 .debug_line    0x0000000000001b0c      0x866 ./Core/Src/stm32l0xx_it.o
 .debug_line    0x0000000000002372      0x7e8 ./Core/Src/system_stm32l0xx.o
 .debug_line    0x0000000000002b5a      0x7e6 ./Core/Src/tsc.o
 .debug_line    0x0000000000003340       0x7b ./Core/Startup/startup_stm32l072rbtx.o
 .debug_line    0x00000000000033bb      0xa8b ./Drivers/STM32L0xx_HAL_Driver/Src/stm32l0xx_hal.o
 .debug_line    0x0000000000003e46      0xb69 ./Drivers/STM32L0xx_HAL_Driver/Src/stm32l0xx_hal_cortex.o
 .debug_line    0x00000000000049af      0xb2e ./Drivers/STM32L0xx_HAL_Driver/Src/stm32l0xx_hal_gpio.o
 .debug_line    0x00000000000054dd      0xf16 ./Drivers/STM32L0xx_HAL_Driver/Src/stm32l0xx_hal_rcc.o
 .debug_line    0x00000000000063f3      0xbcc ./Drivers/STM32L0xx_HAL_Driver/Src/stm32l0xx_hal_tsc.o
 .debug_line    0x0000000000006fbf      0x891 ./Middlewares/ST/STM32_TouchSensing_Library/src/tsl.o
 .debug_line    0x0000000000007850      0xb5d ./Middlewares/ST/STM32_TouchSensing_Library/src/tsl_acq.o
 .debug_line    0x00000000000083ad      0xa2f ./Middlewares/ST/STM32_TouchSensing_Library/src/tsl_acq_tsc.o
 .debug_line    0x0000000000008ddc      0x85d ./Middlewares/ST/STM32_TouchSensing_Library/src/tsl_dxs.o
 .debug_line    0x0000000000009639      0xaa9 ./Middlewares/ST/STM32_TouchSensing_Library/src/tsl_ecs.o
 .debug_line    0x000000000000a0e2      0x83f ./Middlewares/ST/STM32_TouchSensing_Library/src/tsl_globals.o
 .debug_line    0x000000000000a921      0x987 ./Middlewares/ST/STM32_TouchSensing_Library/src/tsl_object.o
 .debug_line    0x000000000000b2a8      0x905 ./Middlewares/ST/STM32_TouchSensing_Library/src/tsl_time.o
 .debug_line    0x000000000000bbad     0x1132 ./Middlewares/ST/STM32_TouchSensing_Library/src/tsl_touchkey.o
 .debug_line    0x000000000000ccdf      0x879 ./TOUCHSENSING/App/touchsensing.o
 .debug_line    0x000000000000d558      0x986 ./TOUCHSENSING/App/tsl_user.o

.debug_str      0x0000000000000000    0x7908e
 .debug_str     0x0000000000000000    0x748db ./Core/Src/gpio.o
                                      0x74bbb (size before relaxing)
 .debug_str     0x00000000000748db     0x1ef2 ./Core/Src/main.o
                                      0x76ac6 (size before relaxing)
 .debug_str     0x00000000000767cd       0x2c ./Core/Src/stm32l0xx_hal_msp.o
                                      0x74ae9 (size before relaxing)
 .debug_str     0x00000000000767f9      0x2c4 ./Core/Src/stm32l0xx_it.o
                                      0x75610 (size before relaxing)
 .debug_str     0x0000000000076abd       0x99 ./Core/Src/system_stm32l0xx.o
                                      0x74865 (size before relaxing)
 .debug_str     0x0000000000076b56      0x1fe ./Core/Src/tsc.o
                                      0x75048 (size before relaxing)
 .debug_str     0x0000000000076d54       0x34 ./Core/Startup/startup_stm32l072rbtx.o
                                         0x83 (size before relaxing)
 .debug_str     0x0000000000076d88      0x479 ./Drivers/STM32L0xx_HAL_Driver/Src/stm32l0xx_hal.o
                                      0x74f90 (size before relaxing)
 .debug_str     0x0000000000077201      0x27e ./Drivers/STM32L0xx_HAL_Driver/Src/stm32l0xx_hal_cortex.o
                                      0x74ce4 (size before relaxing)
 .debug_str     0x000000000007747f       0xfe ./Drivers/STM32L0xx_HAL_Driver/Src/stm32l0xx_hal_gpio.o
                                      0x74a05 (size before relaxing)
 .debug_str     0x000000000007757d      0x2b7 ./Drivers/STM32L0xx_HAL_Driver/Src/stm32l0xx_hal_rcc.o
                                      0x74db2 (size before relaxing)
 .debug_str     0x0000000000077834      0x234 ./Drivers/STM32L0xx_HAL_Driver/Src/stm32l0xx_hal_tsc.o
                                      0x74c20 (size before relaxing)
 .debug_str     0x0000000000077a68      0x280 ./Middlewares/ST/STM32_TouchSensing_Library/src/tsl.o
                                      0x761d8 (size before relaxing)
 .debug_str     0x0000000000077ce8      0x2f4 ./Middlewares/ST/STM32_TouchSensing_Library/src/tsl_acq.o
                                      0x76449 (size before relaxing)
 .debug_str     0x0000000000077fdc       0xbc ./Middlewares/ST/STM32_TouchSensing_Library/src/tsl_acq_tsc.o
                                      0x763f9 (size before relaxing)
 .debug_str     0x0000000000078098      0x2a0 ./Middlewares/ST/STM32_TouchSensing_Library/src/tsl_dxs.o
                                      0x75c28 (size before relaxing)
 .debug_str     0x0000000000078338      0x22e ./Middlewares/ST/STM32_TouchSensing_Library/src/tsl_ecs.o
                                      0x76535 (size before relaxing)
 .debug_str     0x0000000000078566       0x3f ./Middlewares/ST/STM32_TouchSensing_Library/src/tsl_globals.o
                                      0x76147 (size before relaxing)
 .debug_str     0x00000000000785a5       0x77 ./Middlewares/ST/STM32_TouchSensing_Library/src/tsl_object.o
                                      0x7622a (size before relaxing)
 .debug_str     0x000000000007861c       0x7e ./Middlewares/ST/STM32_TouchSensing_Library/src/tsl_time.o
                                      0x76211 (size before relaxing)
 .debug_str     0x000000000007869a      0x879 ./Middlewares/ST/STM32_TouchSensing_Library/src/tsl_touchkey.o
                                      0x76ae9 (size before relaxing)
 .debug_str     0x0000000000078f13       0x31 ./TOUCHSENSING/App/touchsensing.o
                                      0x76020 (size before relaxing)
 .debug_str     0x0000000000078f44      0x14a ./TOUCHSENSING/App/tsl_user.o
                                      0x770ae (size before relaxing)

.debug_frame    0x0000000000000000     0x160c
 .debug_frame   0x0000000000000000       0x30 ./Core/Src/gpio.o
 .debug_frame   0x0000000000000030       0x6c ./Core/Src/main.o
 .debug_frame   0x000000000000009c       0x2c ./Core/Src/stm32l0xx_hal_msp.o
 .debug_frame   0x00000000000000c8       0xb8 ./Core/Src/stm32l0xx_it.o
 .debug_frame   0x0000000000000180       0x4c ./Core/Src/system_stm32l0xx.o
 .debug_frame   0x00000000000001cc       0x6c ./Core/Src/tsc.o
 .debug_frame   0x0000000000000238      0x394 ./Drivers/STM32L0xx_HAL_Driver/Src/stm32l0xx_hal.o
 .debug_frame   0x00000000000005cc      0x2fc ./Drivers/STM32L0xx_HAL_Driver/Src/stm32l0xx_hal_cortex.o
 .debug_frame   0x00000000000008c8      0x110 ./Drivers/STM32L0xx_HAL_Driver/Src/stm32l0xx_hal_gpio.o
 .debug_frame   0x00000000000009d8      0x1a8 ./Drivers/STM32L0xx_HAL_Driver/Src/stm32l0xx_hal_rcc.o
 .debug_frame   0x0000000000000b80      0x250 ./Drivers/STM32L0xx_HAL_Driver/Src/stm32l0xx_hal_tsc.o
 .debug_frame   0x0000000000000dd0       0x30 ./Middlewares/ST/STM32_TouchSensing_Library/src/tsl.o
 .debug_frame   0x0000000000000e00       0x78 ./Middlewares/ST/STM32_TouchSensing_Library/src/tsl_acq.o
 .debug_frame   0x0000000000000e78      0x184 ./Middlewares/ST/STM32_TouchSensing_Library/src/tsl_acq_tsc.o
 .debug_frame   0x0000000000000ffc       0x30 ./Middlewares/ST/STM32_TouchSensing_Library/src/tsl_dxs.o
 .debug_frame   0x000000000000102c       0x74 ./Middlewares/ST/STM32_TouchSensing_Library/src/tsl_ecs.o
 .debug_frame   0x00000000000010a0       0x70 ./Middlewares/ST/STM32_TouchSensing_Library/src/tsl_object.o
 .debug_frame   0x0000000000001110       0x6c ./Middlewares/ST/STM32_TouchSensing_Library/src/tsl_time.o
 .debug_frame   0x000000000000117c      0x2a8 ./Middlewares/ST/STM32_TouchSensing_Library/src/tsl_touchkey.o
 .debug_frame   0x0000000000001424       0x2c ./TOUCHSENSING/App/touchsensing.o
 .debug_frame   0x0000000000001450       0xe0 ./TOUCHSENSING/App/tsl_user.o
 .debug_frame   0x0000000000001530       0x20 C:/ST/STM32CubeIDE_1.12.1/STM32CubeIDE/plugins/com.st.stm32cube.ide.mcu.externaltools.gnu-tools-for-stm32.11.3.rel1.win32_1.1.100.202309141235/tools/bin/../lib/gcc/arm-none-eabi/11.3.1/../../../../arm-none-eabi/lib/thumb/v6-m/nofp\libc_nano.a(libc_a-memset.o)
 .debug_frame   0x0000000000001550       0x2c C:/ST/STM32CubeIDE_1.12.1/STM32CubeIDE/plugins/com.st.stm32cube.ide.mcu.externaltools.gnu-tools-for-stm32.11.3.rel1.win32_1.1.100.202309141235/tools/bin/../lib/gcc/arm-none-eabi/11.3.1/../../../../arm-none-eabi/lib/thumb/v6-m/nofp\libc_nano.a(libc_a-init.o)
 .debug_frame   0x000000000000157c       0x20 C:/ST/STM32CubeIDE_1.12.1/STM32CubeIDE/plugins/com.st.stm32cube.ide.mcu.externaltools.gnu-tools-for-stm32.11.3.rel1.win32_1.1.100.202309141235/tools/bin/../lib/gcc/arm-none-eabi/11.3.1/thumb/v6-m/nofp\libgcc.a(_udivsi3.o)
 .debug_frame   0x000000000000159c       0x34 C:/ST/STM32CubeIDE_1.12.1/STM32CubeIDE/plugins/com.st.stm32cube.ide.mcu.externaltools.gnu-tools-for-stm32.11.3.rel1.win32_1.1.100.202309141235/tools/bin/../lib/gcc/arm-none-eabi/11.3.1/thumb/v6-m/nofp\libgcc.a(_muldi3.o)
 .debug_frame   0x00000000000015d0       0x3c C:/ST/STM32CubeIDE_1.12.1/STM32CubeIDE/plugins/com.st.stm32cube.ide.mcu.externaltools.gnu-tools-for-stm32.11.3.rel1.win32_1.1.100.202309141235/tools/bin/../lib/gcc/arm-none-eabi/11.3.1/thumb/v6-m/nofp\libgcc.a(_udivmoddi4.o)

.debug_line_str
                0x0000000000000000       0x77
 .debug_line_str
                0x0000000000000000       0x77 ./Core/Startup/startup_stm32l072rbtx.o
                                         0x8f (size before relaxing)
