Archive member included to satisfy reference by file (symbol)

D:/Logiciel/STM32CubeIDE_1.14.1/STM32CubeIDE/plugins/com.st.stm32cube.ide.mcu.externaltools.gnu-tools-for-stm32.11.3.rel1.win32_1.1.100.202309141235/tools/bin/../lib/gcc/arm-none-eabi/11.3.1/../../../../arm-none-eabi/lib/thumb/v6-m/nofp\libc_nano.a(libc_a-exit.o)
                              D:/Logiciel/STM32CubeIDE_1.14.1/STM32CubeIDE/plugins/com.st.stm32cube.ide.mcu.externaltools.gnu-tools-for-stm32.11.3.rel1.win32_1.1.100.202309141235/tools/bin/../lib/gcc/arm-none-eabi/11.3.1/../../../../arm-none-eabi/lib/thumb/v6-m/nofp/crt0.o (exit)
D:/Logiciel/STM32CubeIDE_1.14.1/STM32CubeIDE/plugins/com.st.stm32cube.ide.mcu.externaltools.gnu-tools-for-stm32.11.3.rel1.win32_1.1.100.202309141235/tools/bin/../lib/gcc/arm-none-eabi/11.3.1/../../../../arm-none-eabi/lib/thumb/v6-m/nofp\libc_nano.a(libc_a-findfp.o)
                              D:/Logiciel/STM32CubeIDE_1.14.1/STM32CubeIDE/plugins/com.st.stm32cube.ide.mcu.externaltools.gnu-tools-for-stm32.11.3.rel1.win32_1.1.100.202309141235/tools/bin/../lib/gcc/arm-none-eabi/11.3.1/../../../../arm-none-eabi/lib/thumb/v6-m/nofp\libc_nano.a(libc_a-exit.o) (__stdio_exit_handler)
D:/Logiciel/STM32CubeIDE_1.14.1/STM32CubeIDE/plugins/com.st.stm32cube.ide.mcu.externaltools.gnu-tools-for-stm32.11.3.rel1.win32_1.1.100.202309141235/tools/bin/../lib/gcc/arm-none-eabi/11.3.1/../../../../arm-none-eabi/lib/thumb/v6-m/nofp\libc_nano.a(libc_a-fwalk.o)
                              D:/Logiciel/STM32CubeIDE_1.14.1/STM32CubeIDE/plugins/com.st.stm32cube.ide.mcu.externaltools.gnu-tools-for-stm32.11.3.rel1.win32_1.1.100.202309141235/tools/bin/../lib/gcc/arm-none-eabi/11.3.1/../../../../arm-none-eabi/lib/thumb/v6-m/nofp\libc_nano.a(libc_a-findfp.o) (_fwalk_sglue)
D:/Logiciel/STM32CubeIDE_1.14.1/STM32CubeIDE/plugins/com.st.stm32cube.ide.mcu.externaltools.gnu-tools-for-stm32.11.3.rel1.win32_1.1.100.202309141235/tools/bin/../lib/gcc/arm-none-eabi/11.3.1/../../../../arm-none-eabi/lib/thumb/v6-m/nofp\libc_nano.a(libc_a-stdio.o)
                              D:/Logiciel/STM32CubeIDE_1.14.1/STM32CubeIDE/plugins/com.st.stm32cube.ide.mcu.externaltools.gnu-tools-for-stm32.11.3.rel1.win32_1.1.100.202309141235/tools/bin/../lib/gcc/arm-none-eabi/11.3.1/../../../../arm-none-eabi/lib/thumb/v6-m/nofp\libc_nano.a(libc_a-findfp.o) (__sread)
D:/Logiciel/STM32CubeIDE_1.14.1/STM32CubeIDE/plugins/com.st.stm32cube.ide.mcu.externaltools.gnu-tools-for-stm32.11.3.rel1.win32_1.1.100.202309141235/tools/bin/../lib/gcc/arm-none-eabi/11.3.1/../../../../arm-none-eabi/lib/thumb/v6-m/nofp\libc_nano.a(libc_a-memset.o)
                              D:/Logiciel/STM32CubeIDE_1.14.1/STM32CubeIDE/plugins/com.st.stm32cube.ide.mcu.externaltools.gnu-tools-for-stm32.11.3.rel1.win32_1.1.100.202309141235/tools/bin/../lib/gcc/arm-none-eabi/11.3.1/../../../../arm-none-eabi/lib/thumb/v6-m/nofp/crt0.o (memset)
D:/Logiciel/STM32CubeIDE_1.14.1/STM32CubeIDE/plugins/com.st.stm32cube.ide.mcu.externaltools.gnu-tools-for-stm32.11.3.rel1.win32_1.1.100.202309141235/tools/bin/../lib/gcc/arm-none-eabi/11.3.1/../../../../arm-none-eabi/lib/thumb/v6-m/nofp\libc_nano.a(libc_a-closer.o)
                              D:/Logiciel/STM32CubeIDE_1.14.1/STM32CubeIDE/plugins/com.st.stm32cube.ide.mcu.externaltools.gnu-tools-for-stm32.11.3.rel1.win32_1.1.100.202309141235/tools/bin/../lib/gcc/arm-none-eabi/11.3.1/../../../../arm-none-eabi/lib/thumb/v6-m/nofp\libc_nano.a(libc_a-stdio.o) (_close_r)
D:/Logiciel/STM32CubeIDE_1.14.1/STM32CubeIDE/plugins/com.st.stm32cube.ide.mcu.externaltools.gnu-tools-for-stm32.11.3.rel1.win32_1.1.100.202309141235/tools/bin/../lib/gcc/arm-none-eabi/11.3.1/../../../../arm-none-eabi/lib/thumb/v6-m/nofp\libc_nano.a(libc_a-reent.o)
                              D:/Logiciel/STM32CubeIDE_1.14.1/STM32CubeIDE/plugins/com.st.stm32cube.ide.mcu.externaltools.gnu-tools-for-stm32.11.3.rel1.win32_1.1.100.202309141235/tools/bin/../lib/gcc/arm-none-eabi/11.3.1/../../../../arm-none-eabi/lib/thumb/v6-m/nofp\libc_nano.a(libc_a-closer.o) (errno)
D:/Logiciel/STM32CubeIDE_1.14.1/STM32CubeIDE/plugins/com.st.stm32cube.ide.mcu.externaltools.gnu-tools-for-stm32.11.3.rel1.win32_1.1.100.202309141235/tools/bin/../lib/gcc/arm-none-eabi/11.3.1/../../../../arm-none-eabi/lib/thumb/v6-m/nofp\libc_nano.a(libc_a-impure.o)
                              D:/Logiciel/STM32CubeIDE_1.14.1/STM32CubeIDE/plugins/com.st.stm32cube.ide.mcu.externaltools.gnu-tools-for-stm32.11.3.rel1.win32_1.1.100.202309141235/tools/bin/../lib/gcc/arm-none-eabi/11.3.1/../../../../arm-none-eabi/lib/thumb/v6-m/nofp\libc_nano.a(libc_a-reent.o) (_impure_ptr)
D:/Logiciel/STM32CubeIDE_1.14.1/STM32CubeIDE/plugins/com.st.stm32cube.ide.mcu.externaltools.gnu-tools-for-stm32.11.3.rel1.win32_1.1.100.202309141235/tools/bin/../lib/gcc/arm-none-eabi/11.3.1/../../../../arm-none-eabi/lib/thumb/v6-m/nofp\libc_nano.a(libc_a-lseekr.o)
[...]
Memory Configuration

Name             Origin             Length             Attributes
RAM              0x0000000020000000 0x0000000000005000 xrw
FLASH            0x0000000008000000 0x0000000000020000 xr
*default*        0x0000000000000000 0xffffffffffffffff

Linker script and memory map

LOAD D:/Logiciel/STM32CubeIDE_1.14.1/STM32CubeIDE/plugins/com.st.stm32cube.ide.mcu.externaltools.gnu-tools-for-stm32.11.3.rel1.win32_1.1.100.202309141235/tools/bin/../lib/gcc/arm-none-eabi/11.3.1/thumb/v6-m/nofp/crti.o
LOAD D:/Logiciel/STM32CubeIDE_1.14.1/STM32CubeIDE/plugins/com.st.stm32cube.ide.mcu.externaltools.gnu-tools-for-stm32.11.3.rel1.win32_1.1.100.202309141235/tools/bin/../lib/gcc/arm-none-eabi/11.3.1/thumb/v6-m/nofp/crtbegin.o
LOAD D:/Logiciel/STM32CubeIDE_1.14.1/STM32CubeIDE/plugins/com.st.stm32cube.ide.mcu.externaltools.gnu-tools-for-stm32.11.3.rel1.win32_1.1.100.202309141235/tools/bin/../lib/gcc/arm-none-eabi/11.3.1/../../../../arm-none-eabi/lib/thumb/v6-m/nofp/crt0.o
LOAD ./Core/Src/gpio.o
LOAD ./Core/Src/main.o
LOAD ./Core/Src/stm32l0xx_hal_msp.o
LOAD ./Core/Src/stm32l0xx_it.o
LOAD ./Core/Src/syscalls.o
LOAD ./Core/Src/sysmem.o
LOAD ./Core/Src/system_stm32l0xx.o
LOAD ./Core/Src/tim.o
LOAD ./Core/Src/tsc.o
LOAD ./Core/Startup/startup_stm32l072rbtx.o
LOAD ./Drivers/STM32L0xx_HAL_Driver/Src/stm32l0xx_hal.o
LOAD ./Drivers/STM32L0xx_HAL_Driver/Src/stm32l0xx_hal_cortex.o
LOAD ./Drivers/STM32L0xx_HAL_Driver/Src/stm32l0xx_hal_dma.o
LOAD ./Drivers/STM32L0xx_HAL_Driver/Src/stm32l0xx_hal_exti.o
LOAD ./Drivers/STM32L0xx_HAL_Driver/Src/stm32l0xx_hal_flash.o
LOAD ./Drivers/STM32L0xx_HAL_Driver/Src/stm32l0xx_hal_flash_ex.o
LOAD ./Drivers/STM32L0xx_HAL_Driver/Src/stm32l0xx_hal_flash_ramfunc.o
LOAD ./Drivers/STM32L0xx_HAL_Driver/Src/stm32l0xx_hal_gpio.o
LOAD ./Drivers/STM32L0xx_HAL_Driver/Src/stm32l0xx_hal_i2c.o
LOAD ./Drivers/STM32L0xx_HAL_Driver/Src/stm32l0xx_hal_i2c_ex.o
LOAD ./Drivers/STM32L0xx_HAL_Driver/Src/stm32l0xx_hal_pwr.o
LOAD ./Drivers/STM32L0xx_HAL_Driver/Src/stm32l0xx_hal_pwr_ex.o
LOAD ./Drivers/STM32L0xx_HAL_Driver/Src/stm32l0xx_hal_rcc.o
LOAD ./Drivers/STM32L0xx_HAL_Driver/Src/stm32l0xx_hal_rcc_ex.o
LOAD ./Drivers/STM32L0xx_HAL_Driver/Src/stm32l0xx_hal_tim.o
LOAD ./Drivers/STM32L0xx_HAL_Driver/Src/stm32l0xx_hal_tim_ex.o
LOAD ./Drivers/STM32L0xx_HAL_Driver/Src/stm32l0xx_hal_tsc.o
LOAD ./Middlewares/ST/STM32_TouchSensing_Library/src/tsl.o
LOAD ./Middlewares/ST/STM32_TouchSensing_Library/src/tsl_acq.o
LOAD ./Middlewares/ST/STM32_TouchSensing_Library/src/tsl_acq_tsc.o
LOAD ./Middlewares/ST/STM32_TouchSensing_Library/src/tsl_dxs.o
LOAD ./Middlewares/ST/STM32_TouchSensing_Library/src/tsl_ecs.o
LOAD ./Middlewares/ST/STM32_TouchSensing_Library/src/tsl_filter.o
LOAD ./Middlewares/ST/STM32_TouchSensing_Library/src/tsl_globals.o
LOAD ./Middlewares/ST/STM32_TouchSensing_Library/src/tsl_linrot.o
LOAD ./Middlewares/ST/STM32_TouchSensing_Library/src/tsl_object.o
LOAD ./Middlewares/ST/STM32_TouchSensing_Library/src/tsl_time.o
LOAD ./Middlewares/ST/STM32_TouchSensing_Library/src/tsl_touchkey.o
LOAD ./TOUCHSENSING/App/stmCriticalSection.o
LOAD ./TOUCHSENSING/App/touchsensing.o
LOAD ./TOUCHSENSING/App/tsl_user.o
START GROUP
LOAD D:/Logiciel/STM32CubeIDE_1.14.1/STM32CubeIDE/plugins/com.st.stm32cube.ide.mcu.externaltools.gnu-tools-for-stm32.11.3.rel1.win32_1.1.100.202309141235/tools/bin/../lib/gcc/arm-none-eabi/11.3.1/../../../../arm-none-eabi/lib/thumb/v6-m/nofp\libc_nano.a
LOAD D:/Logiciel/STM32CubeIDE_1.14.1/STM32CubeIDE/plugins/com.st.stm32cube.ide.mcu.externaltools.gnu-tools-for-stm32.11.3.rel1.win32_1.1.100.202309141235/tools/bin/../lib/gcc/arm-none-eabi/11.3.1/../../../../arm-none-eabi/lib/thumb/v6-m/nofp\libm.a
END GROUP
START GROUP
LOAD D:/Logiciel/STM32CubeIDE_1.14.1/STM32CubeIDE/plugins/com.st.stm32cube.ide.mcu.externaltools.gnu-tools-for-stm32.11.3.rel1.win32_1.1.100.202309141235/tools/bin/../lib/gcc/arm-none-eabi/11.3.1/thumb/v6-m/nofp\libgcc.a
LOAD D:/Logiciel/STM32CubeIDE_1.14.1/STM32CubeIDE/plugins/com.st.stm32cube.ide.mcu.externaltools.gnu-tools-for-stm32.11.3.rel1.win32_1.1.100.202309141235/tools/bin/../lib/gcc/arm-none-eabi/11.3.1/../../../../arm-none-eabi/lib/thumb/v6-m/nofp\libc_nano.a
END GROUP
START GROUP
LOAD D:/Logiciel/STM32CubeIDE_1.14.1/STM32CubeIDE/plugins/com.st.stm32cube.ide.mcu.externaltools.gnu-tools-for-stm32.11.3.rel1.win32_1.1.100.202309141235/tools/bin/../lib/gcc/arm-none-eabi/11.3.1/thumb/v6-m/nofp\libgcc.a
LOAD D:/Logiciel/STM32CubeIDE_1.14.1/STM32CubeIDE/plugins/com.st.stm32cube.ide.mcu.externaltools.gnu-tools-for-stm32.11.3.rel1.win32_1.1.100.202309141235/tools/bin/../lib/gcc/arm-none-eabi/11.3.1/../../../../arm-none-eabi/lib/thumb/v6-m/nofp\libc_nano.a
LOAD D:/Logiciel/STM32CubeIDE_1.14.1/STM32CubeIDE/plugins/com.st.stm32cube.ide.mcu.externaltools.gnu-tools-for-stm32.11.3.rel1.win32_1.1.100.202309141235/tools/bin/../lib/gcc/arm-none-eabi/11.3.1/../../../../arm-none-eabi/lib/thumb/v6-m/nofp\libnosys.a
END GROUP
START GROUP
LOAD D:/Logiciel/STM32CubeIDE_1.14.1/STM32CubeIDE/plugins/com.st.stm32cube.ide.mcu.externaltools.gnu-tools-for-stm32.11.3.rel1.win32_1.1.100.202309141235/tools/bin/../lib/gcc/arm-none-eabi/11.3.1/thumb/v6-m/nofp\libgcc.a
LOAD D:/Logiciel/STM32CubeIDE_1.14.1/STM32CubeIDE/plugins/com.st.stm32cube.ide.mcu.externaltools.gnu-tools-for-stm32.11.3.rel1.win32_1.1.100.202309141235/tools/bin/../lib/gcc/arm-none-eabi/11.3.1/../../../../arm-none-eabi/lib/thumb/v6-m/nofp\libc_nano.a
LOAD D:/Logiciel/STM32CubeIDE_1.14.1/STM32CubeIDE/plugins/com.st.stm32cube.ide.mcu.externaltools.gnu-tools-for-stm32.11.3.rel1.win32_1.1.100.202309141235/tools/bin/../lib/gcc/arm-none-eabi/11.3.1/../../../../arm-none-eabi/lib/thumb/v6-m/nofp\libnosys.a
END GROUP
LOAD D:/Logiciel/STM32CubeIDE_1.14.1/STM32CubeIDE/plugins/com.st.stm32cube.ide.mcu.externaltools.gnu-tools-for-stm32.11.3.rel1.win32_1.1.100.202309141235/tools/bin/../lib/gcc/arm-none-eabi/11.3.1/thumb/v6-m/nofp/crtend.o
LOAD D:/Logiciel/STM32CubeIDE_1.14.1/STM32CubeIDE/plugins/com.st.stm32cube.ide.mcu.externaltools.gnu-tools-for-stm32.11.3.rel1.win32_1.1.100.202309141235/tools/bin/../lib/gcc/arm-none-eabi/11.3.1/thumb/v6-m/nofp/crtn.o
                0x0000000020005000                _estack = (ORIGIN (RAM) + LENGTH (RAM))
                0x0000000000000200                _Min_Heap_Size = 0x200
                0x0000000000000400                _Min_Stack_Size = 0x400

.isr_vector     0x0000000008000000       0xc0
                0x0000000008000000                . = ALIGN (0x4)
 *(.isr_vector)
 .isr_vector    0x0000000008000000       0xc0 ./Core/Startup/startup_stm32l072rbtx.o
                0x0000000008000000                g_pfnVectors
                0x00000000080000c0                . = ALIGN (0x4)

.text           0x00000000080000c0     0x3228
                0x00000000080000c0                . = ALIGN (0x4)
 *(.text)
 .text          0x00000000080000c0       0x48 D:/Logiciel/STM32CubeIDE_1.14.1/STM32CubeIDE/plugins/com.st.stm32cube.ide.mcu.externaltools.gnu-tools-for-stm32.11.3.rel1.win32_1.1.100.202309141235/tools/bin/../lib/gcc/arm-none-eabi/11.3.1/thumb/v6-m/nofp/crtbegin.o
 .text          0x0000000008000108      0x114 D:/Logiciel/STM32CubeIDE_1.14.1/STM32CubeIDE/plugins/com.st.stm32cube.ide.mcu.externaltools.gnu-tools-for-stm32.11.3.rel1.win32_1.1.100.202309141235/tools/bin/../lib/gcc/arm-none-eabi/11.3.1/thumb/v6-m/nofp\libgcc.a(_udivsi3.o)
                0x0000000008000108                __aeabi_uidiv
                0x0000000008000108                __udivsi3
                0x0000000008000214                __aeabi_uidivmod
 .text          0x000000000800021c        0x4 D:/Logiciel/STM32CubeIDE_1.14.1/STM32CubeIDE/plugins/com.st.stm32cube.ide.mcu.externaltools.gnu-tools-for-stm32.11.3.rel1.win32_1.1.100.202309141235/tools/bin/../lib/gcc/arm-none-eabi/11.3.1/thumb/v6-m/nofp\libgcc.a(_dvmd_tls.o)
                0x000000000800021c                __aeabi_idiv0
                0x000000000800021c                __aeabi_ldiv0
 *(.text*)
 .text.MX_GPIO_Init
                0x0000000008000220       0xd8 ./Core/Src/gpio.o
                0x0000000008000220                MX_GPIO_Init
 .text.LED_MODE
                0x00000000080002f8       0x28 ./Core/Src/main.o
                0x00000000080002f8                LED_MODE
 .text.LED_OFF  0x0000000008000320       0x84 ./Core/Src/main.o
                0x0000000008000320                LED_OFF
 .text.LEDP     0x00000000080003a4      0x9e0 ./Core/Src/main.o
                0x00000000080003a4                LEDP
 .text.LED_Field
                0x0000000008000d84       0x1e ./Core/Src/main.o
                0x0000000008000d84                LED_Field
 .text.Error_Handler
                0x0000000008000da2        0x4 ./Core/Src/main.o
                0x0000000008000da2                Error_Handler
 *fill*         0x0000000008000da6        0x2 
 .text.SystemClock_Config
                0x0000000008000da8       0x84 ./Core/Src/main.o
                0x0000000008000da8                SystemClock_Config
 .text.main     0x0000000008000e2c      0x37c ./Core/Src/main.o
                0x0000000008000e2c                main
 .text.HAL_MspInit
                0x00000000080011a8       0x1c ./Core/Src/stm32l0xx_hal_msp.o
                0x00000000080011a8                HAL_MspInit
 .text.NMI_Handler
                0x00000000080011c4        0x2 ./Core/Src/stm32l0xx_it.o
                0x00000000080011c4                NMI_Handler
 .text.HardFault_Handler
                0x00000000080011c6        0x2 ./Core/Src/stm32l0xx_it.o
                0x00000000080011c6                HardFault_Handler
 .text.SVC_Handler
                0x00000000080011c8        0x2 ./Core/Src/stm32l0xx_it.o
                0x00000000080011c8                SVC_Handler
 .text.PendSV_Handler
                0x00000000080011ca        0x2 ./Core/Src/stm32l0xx_it.o
                0x00000000080011ca                PendSV_Handler
 .text.SysTick_Handler
                0x00000000080011cc        0xc ./Core/Src/stm32l0xx_it.o
                0x00000000080011cc                SysTick_Handler
 .text.TSC_IRQHandler
                0x00000000080011d8       0x10 ./Core/Src/stm32l0xx_it.o
                0x00000000080011d8                TSC_IRQHandler
 .text.SystemInit
                0x00000000080011e8        0x2 ./Core/Src/system_stm32l0xx.o
                0x00000000080011e8                SystemInit
 *fill*         0x00000000080011ea        0x2 
 .text.MX_TIM2_Init
                0x00000000080011ec       0x78 ./Core/Src/tim.o
                0x00000000080011ec                MX_TIM2_Init
 .text.HAL_TIM_Base_MspInit
                0x0000000008001264       0x1c ./Core/Src/tim.o
                0x0000000008001264                HAL_TIM_Base_MspInit
 .text.MX_TSC_Init
                0x0000000008001280       0x5c ./Core/Src/tsc.o
                0x0000000008001280                MX_TSC_Init
 .text.HAL_TSC_MspInit
                0x00000000080012dc       0xd8 ./Core/Src/tsc.o
                0x00000000080012dc                HAL_TSC_MspInit
 .text.Reset_Handler
                0x00000000080013b4       0x50 ./Core/Startup/startup_stm32l072rbtx.o
                0x00000000080013b4                Reset_Handler
 .text.Default_Handler
                0x0000000008001404        0x2 ./Core/Startup/startup_stm32l072rbtx.o
                0x0000000008001404                ADC1_COMP_IRQHandler
                0x0000000008001404                PVD_IRQHandler
                0x0000000008001404                I2C1_IRQHandler
                0x0000000008001404                RCC_CRS_IRQHandler
                0x0000000008001404                SPI1_IRQHandler
                0x0000000008001404                TIM6_DAC_IRQHandler
                0x0000000008001404                EXTI2_3_IRQHandler
                0x0000000008001404                I2C2_IRQHandler
                0x0000000008001404                RTC_IRQHandler
                0x0000000008001404                DMA1_Channel4_5_6_7_IRQHandler
                0x0000000008001404                TIM3_IRQHandler
                0x0000000008001404                EXTI4_15_IRQHandler
                0x0000000008001404                DMA1_Channel1_IRQHandler
                0x0000000008001404                USART4_5_IRQHandler
                0x0000000008001404                Default_Handler
                0x0000000008001404                TIM22_IRQHandler
                0x0000000008001404                TIM7_IRQHandler
                0x0000000008001404                EXTI0_1_IRQHandler
                0x0000000008001404                USB_IRQHandler
                0x0000000008001404                I2C3_IRQHandler
                0x0000000008001404                SPI2_IRQHandler
                0x0000000008001404                TIM21_IRQHandler
                0x0000000008001404                WWDG_IRQHandler
                0x0000000008001404                TIM2_IRQHandler
                0x0000000008001404                DMA1_Channel2_3_IRQHandler
                0x0000000008001404                USART2_IRQHandler
                0x0000000008001404                FLASH_IRQHandler
                0x0000000008001404                USART1_IRQHandler
                0x0000000008001404                RNG_LPUART1_IRQHandler
                0x0000000008001404                LPTIM1_IRQHandler
 *fill*         0x0000000008001406        0x2 
 .text.HAL_InitTick
                0x0000000008001408       0x50 ./Drivers/STM32L0xx_HAL_Driver/Src/stm32l0xx_hal.o
                0x0000000008001408                HAL_InitTick
 .text.HAL_Init
                0x0000000008001458       0x28 ./Drivers/STM32L0xx_HAL_Driver/Src/stm32l0xx_hal.o
                0x0000000008001458                HAL_Init
 .text.HAL_IncTick
                0x0000000008001480       0x18 ./Drivers/STM32L0xx_HAL_Driver/Src/stm32l0xx_hal.o
                0x0000000008001480                HAL_IncTick
 .text.HAL_GetTick
                0x0000000008001498        0xc ./Drivers/STM32L0xx_HAL_Driver/Src/stm32l0xx_hal.o
                0x0000000008001498                HAL_GetTick
 .text.HAL_Delay
                0x00000000080014a4       0x24 ./Drivers/STM32L0xx_HAL_Driver/Src/stm32l0xx_hal.o
                0x00000000080014a4                HAL_Delay
 .text.HAL_NVIC_SetPriority
                0x00000000080014c8       0x60 ./Drivers/STM32L0xx_HAL_Driver/Src/stm32l0xx_hal_cortex.o
                0x00000000080014c8                HAL_NVIC_SetPriority
 .text.HAL_NVIC_EnableIRQ
                0x0000000008001528       0x18 ./Drivers/STM32L0xx_HAL_Driver/Src/stm32l0xx_hal_cortex.o
                0x0000000008001528                HAL_NVIC_EnableIRQ
 .text.HAL_SYSTICK_Config
                0x0000000008001540       0x38 ./Drivers/STM32L0xx_HAL_Driver/Src/stm32l0xx_hal_cortex.o
                0x0000000008001540                HAL_SYSTICK_Config
 .text.HAL_GPIO_Init
                0x0000000008001578      0x198 ./Drivers/STM32L0xx_HAL_Driver/Src/stm32l0xx_hal_gpio.o
                0x0000000008001578                HAL_GPIO_Init
 .text.HAL_GPIO_WritePin
                0x0000000008001710        0xc ./Drivers/STM32L0xx_HAL_Driver/Src/stm32l0xx_hal_gpio.o
                0x0000000008001710                HAL_GPIO_WritePin
 .text.HAL_I2CEx_EnableFastModePlus
                0x000000000800171c       0x1c ./Drivers/STM32L0xx_HAL_Driver/Src/stm32l0xx_hal_i2c_ex.o
                0x000000000800171c                HAL_I2CEx_EnableFastModePlus
 .text.HAL_RCC_GetSysClockFreq
                0x0000000008001738       0xb0 ./Drivers/STM32L0xx_HAL_Driver/Src/stm32l0xx_hal_rcc.o
                0x0000000008001738                HAL_RCC_GetSysClockFreq
 .text.HAL_RCC_OscConfig
                0x00000000080017e8      0x598 ./Drivers/STM32L0xx_HAL_Driver/Src/stm32l0xx_hal_rcc.o
                0x00000000080017e8                HAL_RCC_OscConfig
 .text.HAL_RCC_ClockConfig
                0x0000000008001d80      0x1d8 ./Drivers/STM32L0xx_HAL_Driver/Src/stm32l0xx_hal_rcc.o
                0x0000000008001d80                HAL_RCC_ClockConfig
 .text.TIM_Base_SetConfig
                0x0000000008001f58       0x78 ./Drivers/STM32L0xx_HAL_Driver/Src/stm32l0xx_hal_tim.o
 .text.TIM_TI1_ConfigInputStage
                0x0000000008001fd0       0x22 ./Drivers/STM32L0xx_HAL_Driver/Src/stm32l0xx_hal_tim.o
 *fill*         0x0000000008001ff2        0x2 
 .text.TIM_TI2_ConfigInputStage
                0x0000000008001ff4       0x28 ./Drivers/STM32L0xx_HAL_Driver/Src/stm32l0xx_hal_tim.o
 .text.TIM_ITRx_SetConfig
                0x000000000800201c       0x10 ./Drivers/STM32L0xx_HAL_Driver/Src/stm32l0xx_hal_tim.o
 .text.TIM_ETR_SetConfig
                0x000000000800202c       0x18 ./Drivers/STM32L0xx_HAL_Driver/Src/stm32l0xx_hal_tim.o
 .text.HAL_TIM_Base_Init
                0x0000000008002044       0x48 ./Drivers/STM32L0xx_HAL_Driver/Src/stm32l0xx_hal_tim.o
                0x0000000008002044                HAL_TIM_Base_Init
 .text.HAL_TIM_ConfigClockSource
                0x000000000800208c      0x108 ./Drivers/STM32L0xx_HAL_Driver/Src/stm32l0xx_hal_tim.o
                0x000000000800208c                HAL_TIM_ConfigClockSource
 .text.HAL_TIMEx_MasterConfigSynchronization
                0x0000000008002194       0x6c ./Drivers/STM32L0xx_HAL_Driver/Src/stm32l0xx_hal_tim_ex.o
                0x0000000008002194                HAL_TIMEx_MasterConfigSynchronization
 .text.TSC_extract_groups
                0x0000000008002200       0x24 ./Drivers/STM32L0xx_HAL_Driver/Src/stm32l0xx_hal_tsc.o
 .text.HAL_TSC_Init
                0x0000000008002224       0xa8 ./Drivers/STM32L0xx_HAL_Driver/Src/stm32l0xx_hal_tsc.o
                0x0000000008002224                HAL_TSC_Init
 .text.HAL_TSC_ErrorCallback
                0x00000000080022cc        0x2 ./Drivers/STM32L0xx_HAL_Driver/Src/stm32l0xx_hal_tsc.o
                0x00000000080022cc                HAL_TSC_ErrorCallback
 .text.HAL_TSC_IRQHandler
                0x00000000080022ce       0x32 ./Drivers/STM32L0xx_HAL_Driver/Src/stm32l0xx_hal_tsc.o
                0x00000000080022ce                HAL_TSC_IRQHandler
 .text.TSL_Init
                0x0000000008002300       0x34 ./Middlewares/ST/STM32_TouchSensing_Library/src/tsl.o
                0x0000000008002300                TSL_Init
 .text.TSL_acq_BankGetResult
                0x0000000008002334      0x164 ./Middlewares/ST/STM32_TouchSensing_Library/src/tsl_acq.o
                0x0000000008002334                TSL_acq_BankGetResult
 .text.SoftDelay
                0x0000000008002498       0x24 ./Middlewares/ST/STM32_TouchSensing_Library/src/tsl_acq_tsc.o
 .text.TSL_acq_BankConfig
                0x00000000080024bc       0x80 ./Middlewares/ST/STM32_TouchSensing_Library/src/tsl_acq_tsc.o
                0x00000000080024bc                TSL_acq_BankConfig
 .text.TSL_acq_GetMeas
                0x000000000800253c       0x1c ./Middlewares/ST/STM32_TouchSensing_Library/src/tsl_acq_tsc.o
                0x000000000800253c                TSL_acq_GetMeas
 .text.TSL_acq_ComputeDelta
                0x0000000008002558        0x6 ./Middlewares/ST/STM32_TouchSensing_Library/src/tsl_acq_tsc.o
                0x0000000008002558                TSL_acq_ComputeDelta
 .text.TSL_acq_ComputeMeas
                0x000000000800255e        0x6 ./Middlewares/ST/STM32_TouchSensing_Library/src/tsl_acq_tsc.o
                0x000000000800255e                TSL_acq_ComputeMeas
 .text.TSL_acq_CheckNoise
                0x0000000008002564        0x4 ./Middlewares/ST/STM32_TouchSensing_Library/src/tsl_acq_tsc.o
                0x0000000008002564                TSL_acq_CheckNoise
 .text.TSL_acq_UseFilter
                0x0000000008002568        0x4 ./Middlewares/ST/STM32_TouchSensing_Library/src/tsl_acq_tsc.o
                0x0000000008002568                TSL_acq_UseFilter
 .text.TSL_acq_TestReferenceOutOfRange
                0x000000000800256c        0x4 ./Middlewares/ST/STM32_TouchSensing_Library/src/tsl_acq_tsc.o
                0x000000000800256c                TSL_acq_TestReferenceOutOfRange
 .text.TSL_acq_TestFirstReferenceIsValid
                0x0000000008002570        0x4 ./Middlewares/ST/STM32_TouchSensing_Library/src/tsl_acq_tsc.o
                0x0000000008002570                TSL_acq_TestFirstReferenceIsValid
 .text.TSL_acq_BankStartAcq_IT
                0x0000000008002574       0x2c ./Middlewares/ST/STM32_TouchSensing_Library/src/tsl_acq_tsc.o
                0x0000000008002574                TSL_acq_BankStartAcq_IT
 .text.TSL_dxs_FirstObj
                0x00000000080025a0        0x2 ./Middlewares/ST/STM32_TouchSensing_Library/src/tsl_dxs.o
                0x00000000080025a0                TSL_dxs_FirstObj
 *fill*         0x00000000080025a2        0x2 
 .text.TSL_ecs_CalcK
                0x00000000080025a4       0xd0 ./Middlewares/ST/STM32_TouchSensing_Library/src/tsl_ecs.o
                0x00000000080025a4                TSL_ecs_CalcK
 .text.TSL_ecs_ProcessK
                0x0000000008002674       0xdc ./Middlewares/ST/STM32_TouchSensing_Library/src/tsl_ecs.o
                0x0000000008002674                TSL_ecs_ProcessK
 .text.TSL_ecs_Process
                0x0000000008002750       0x84 ./Middlewares/ST/STM32_TouchSensing_Library/src/tsl_ecs.o
                0x0000000008002750                TSL_ecs_Process
 .text.TSL_obj_SetGlobalObj
                0x00000000080027d4       0x1c ./Middlewares/ST/STM32_TouchSensing_Library/src/tsl_object.o
                0x00000000080027d4                TSL_obj_SetGlobalObj
 .text.TSL_obj_GroupInit
                0x00000000080027f0       0x68 ./Middlewares/ST/STM32_TouchSensing_Library/src/tsl_object.o
                0x00000000080027f0                TSL_obj_GroupInit
 .text.TSL_obj_GroupProcess
                0x0000000008002858       0x68 ./Middlewares/ST/STM32_TouchSensing_Library/src/tsl_object.o
                0x0000000008002858                TSL_obj_GroupProcess
 .text.TSL_tim_ProcessIT
                0x00000000080028c0       0x40 ./Middlewares/ST/STM32_TouchSensing_Library/src/tsl_time.o
                0x00000000080028c0                TSL_tim_ProcessIT
 .text.TSL_tim_CheckDelay_ms
                0x0000000008002900       0x64 ./Middlewares/ST/STM32_TouchSensing_Library/src/tsl_time.o
                0x0000000008002900                TSL_tim_CheckDelay_ms
 .text.TSL_tkey_Process
                0x0000000008002964       0x60 ./Middlewares/ST/STM32_TouchSensing_Library/src/tsl_touchkey.o
                0x0000000008002964                TSL_tkey_Process
 .text.TSL_tkey_SetStateCalibration
                0x00000000080029c4       0x74 ./Middlewares/ST/STM32_TouchSensing_Library/src/tsl_touchkey.o
                0x00000000080029c4                TSL_tkey_SetStateCalibration
 .text.TSL_tkey_Init
                0x0000000008002a38       0x58 ./Middlewares/ST/STM32_TouchSensing_Library/src/tsl_touchkey.o
                0x0000000008002a38                TSL_tkey_Init
 .text.TSL_tkey_GetStateMask
                0x0000000008002a90       0x24 ./Middlewares/ST/STM32_TouchSensing_Library/src/tsl_touchkey.o
                0x0000000008002a90                TSL_tkey_GetStateMask
 .text.TSL_tkey_DebReleaseProxStateProcess
                0x0000000008002ab4       0x50 ./Middlewares/ST/STM32_TouchSensing_Library/src/tsl_touchkey.o
                0x0000000008002ab4                TSL_tkey_DebReleaseProxStateProcess
 .text.TSL_tkey_DebReleaseDetectStateProcess
                0x0000000008002b04       0x60 ./Middlewares/ST/STM32_TouchSensing_Library/src/tsl_touchkey.o
                0x0000000008002b04                TSL_tkey_DebReleaseDetectStateProcess
 .text.TSL_tkey_DebReleaseTouchStateProcess
                0x0000000008002b64       0x60 ./Middlewares/ST/STM32_TouchSensing_Library/src/tsl_touchkey.o
                0x0000000008002b64                TSL_tkey_DebReleaseTouchStateProcess
 .text.TSL_tkey_ReleaseStateProcess
                0x0000000008002bc4       0xb0 ./Middlewares/ST/STM32_TouchSensing_Library/src/tsl_touchkey.o
                0x0000000008002bc4                TSL_tkey_ReleaseStateProcess
 .text.TSL_tkey_DebCalibrationStateProcess
                0x0000000008002c74       0x58 ./Middlewares/ST/STM32_TouchSensing_Library/src/tsl_touchkey.o
                0x0000000008002c74                TSL_tkey_DebCalibrationStateProcess
 .text.TSL_tkey_CalibrationStateProcess
                0x0000000008002ccc       0xd4 ./Middlewares/ST/STM32_TouchSensing_Library/src/tsl_touchkey.o
                0x0000000008002ccc                TSL_tkey_CalibrationStateProcess
 .text.TSL_tkey_DebProxStateProcess
                0x0000000008002da0       0x74 ./Middlewares/ST/STM32_TouchSensing_Library/src/tsl_touchkey.o
                0x0000000008002da0                TSL_tkey_DebProxStateProcess
 .text.TSL_tkey_DebProxDetectStateProcess
                0x0000000008002e14       0x74 ./Middlewares/ST/STM32_TouchSensing_Library/src/tsl_touchkey.o
                0x0000000008002e14                TSL_tkey_DebProxDetectStateProcess
 .text.TSL_tkey_DebProxTouchStateProcess
                0x0000000008002e88       0x74 ./Middlewares/ST/STM32_TouchSensing_Library/src/tsl_touchkey.o
                0x0000000008002e88                TSL_tkey_DebProxTouchStateProcess
 .text.TSL_tkey_ProxStateProcess
                0x0000000008002efc       0x84 ./Middlewares/ST/STM32_TouchSensing_Library/src/tsl_touchkey.o
                0x0000000008002efc                TSL_tkey_ProxStateProcess
 .text.TSL_tkey_DebDetectStateProcess
                0x0000000008002f80       0x74 ./Middlewares/ST/STM32_TouchSensing_Library/src/tsl_touchkey.o
                0x0000000008002f80                TSL_tkey_DebDetectStateProcess
 .text.TSL_tkey_DetectStateProcess
                0x0000000008002ff4       0x84 ./Middlewares/ST/STM32_TouchSensing_Library/src/tsl_touchkey.o
                0x0000000008002ff4                TSL_tkey_DetectStateProcess
 .text.TSL_tkey_TouchStateProcess
                0x0000000008003078       0x84 ./Middlewares/ST/STM32_TouchSensing_Library/src/tsl_touchkey.o
                0x0000000008003078                TSL_tkey_TouchStateProcess
 .text.TSL_tkey_DebErrorStateProcess
                0x00000000080030fc       0x8c ./Middlewares/ST/STM32_TouchSensing_Library/src/tsl_touchkey.o
                0x00000000080030fc                TSL_tkey_DebErrorStateProcess
 .text.MX_TOUCHSENSING_Init
                0x0000000008003188        0x8 ./TOUCHSENSING/App/touchsensing.o
                0x0000000008003188                MX_TOUCHSENSING_Init
 .text.MyTKeys_ErrorStateProcess
                0x0000000008003190        0x2 ./TOUCHSENSING/App/tsl_user.o
                0x0000000008003190                MyTKeys_ErrorStateProcess
 .text.MyTKeys_OffStateProcess
                0x0000000008003192        0x2 ./TOUCHSENSING/App/tsl_user.o
                0x0000000008003192                MyTKeys_OffStateProcess
 .text.tsl_user_Init
                0x0000000008003194       0x18 ./TOUCHSENSING/App/tsl_user.o
                0x0000000008003194                tsl_user_Init
 .text.HAL_TSC_ConvCpltCallback
                0x00000000080031ac       0x3c ./TOUCHSENSING/App/tsl_user.o
                0x00000000080031ac                HAL_TSC_ConvCpltCallback
 .text.tsl_user_Exec_IT
                0x00000000080031e8       0x90 ./TOUCHSENSING/App/tsl_user.o
                0x00000000080031e8                tsl_user_Exec_IT
 .text.memset   0x0000000008003278       0x10 D:/Logiciel/STM32CubeIDE_1.14.1/STM32CubeIDE/plugins/com.st.stm32cube.ide.mcu.externaltools.gnu-tools-for-stm32.11.3.rel1.win32_1.1.100.202309141235/tools/bin/../lib/gcc/arm-none-eabi/11.3.1/../../../../arm-none-eabi/lib/thumb/v6-m/nofp\libc_nano.a(libc_a-memset.o)
                0x0000000008003278                memset
 .text.__libc_init_array
                0x0000000008003288       0x48 D:/Logiciel/STM32CubeIDE_1.14.1/STM32CubeIDE/plugins/com.st.stm32cube.ide.mcu.externaltools.gnu-tools-for-stm32.11.3.rel1.win32_1.1.100.202309141235/tools/bin/../lib/gcc/arm-none-eabi/11.3.1/../../../../arm-none-eabi/lib/thumb/v6-m/nofp\libc_nano.a(libc_a-init.o)
                0x0000000008003288                __libc_init_array
 *(.glue_7)
 .glue_7        0x00000000080032d0        0x0 linker stubs
 *(.glue_7t)
 .glue_7t       0x00000000080032d0        0x0 linker stubs
 *(.eh_frame)
 .eh_frame      0x00000000080032d0        0x0 D:/Logiciel/STM32CubeIDE_1.14.1/STM32CubeIDE/plugins/com.st.stm32cube.ide.mcu.externaltools.gnu-tools-for-stm32.11.3.rel1.win32_1.1.100.202309141235/tools/bin/../lib/gcc/arm-none-eabi/11.3.1/thumb/v6-m/nofp/crtbegin.o
 *(.init)
 .init          0x00000000080032d0        0x4 D:/Logiciel/STM32CubeIDE_1.14.1/STM32CubeIDE/plugins/com.st.stm32cube.ide.mcu.externaltools.gnu-tools-for-stm32.11.3.rel1.win32_1.1.100.202309141235/tools/bin/../lib/gcc/arm-none-eabi/11.3.1/thumb/v6-m/nofp/crti.o
                0x00000000080032d0                _init
 .init          0x00000000080032d4        0x8 D:/Logiciel/STM32CubeIDE_1.14.1/STM32CubeIDE/plugins/com.st.stm32cube.ide.mcu.externaltools.gnu-tools-for-stm32.11.3.rel1.win32_1.1.100.202309141235/tools/bin/../lib/gcc/arm-none-eabi/11.3.1/thumb/v6-m/nofp/crtn.o
 *(.fini)
 .fini          0x00000000080032dc        0x4 D:/Logiciel/STM32CubeIDE_1.14.1/STM32CubeIDE/plugins/com.st.stm32cube.ide.mcu.externaltools.gnu-tools-for-stm32.11.3.rel1.win32_1.1.100.202309141235/tools/bin/../lib/gcc/arm-none-eabi/11.3.1/thumb/v6-m/nofp/crti.o
                0x00000000080032dc                _fini
 .fini          0x00000000080032e0        0x8 D:/Logiciel/STM32CubeIDE_1.14.1/STM32CubeIDE/plugins/com.st.stm32cube.ide.mcu.externaltools.gnu-tools-for-stm32.11.3.rel1.win32_1.1.100.202309141235/tools/bin/../lib/gcc/arm-none-eabi/11.3.1/thumb/v6-m/nofp/crtn.o
                0x00000000080032e8                . = ALIGN (0x4)
                0x00000000080032e8                _etext = .

.vfp11_veneer   0x00000000080032e8        0x0
 .vfp11_veneer  0x00000000080032e8        0x0 linker stubs

.v4_bx          0x00000000080032e8        0x0
 .v4_bx         0x00000000080032e8        0x0 linker stubs

.iplt           0x00000000080032e8        0x0
 .iplt          0x00000000080032e8        0x0 D:/Logiciel/STM32CubeIDE_1.14.1/STM32CubeIDE/plugins/com.st.stm32cube.ide.mcu.externaltools.gnu-tools-for-stm32.11.3.rel1.win32_1.1.100.202309141235/tools/bin/../lib/gcc/arm-none-eabi/11.3.1/thumb/v6-m/nofp/crtbegin.o

.rodata         0x00000000080032e8      0x304
                0x00000000080032e8                . = ALIGN (0x4)
 *(.rodata)
 *(.rodata*)
 .rodata.LEDP   0x00000000080032e8       0x34 ./Core/Src/main.o
 .rodata.AHBPrescTable
                0x000000000800331c       0x10 ./Core/Src/system_stm32l0xx.o
                0x000000000800331c                AHBPrescTable
 .rodata.PLLMulTable
                0x000000000800332c        0x9 ./Core/Src/system_stm32l0xx.o
                0x000000000800332c                PLLMulTable
 *fill*         0x0000000008003335        0x3 
 .rodata.MyBanks
                0x0000000008003338       0x90 ./TOUCHSENSING/App/tsl_user.o
                0x0000000008003338                MyBanks
 .rodata.MyChannels_Dest
                0x00000000080033c8       0x12 ./TOUCHSENSING/App/tsl_user.o
                0x00000000080033c8                MyChannels_Dest
 *fill*         0x00000000080033da        0x2 
 .rodata.MyChannels_Src
                0x00000000080033dc       0x6c ./TOUCHSENSING/App/tsl_user.o
                0x00000000080033dc                MyChannels_Src
 .rodata.MyObjects
                0x0000000008003448       0x48 ./TOUCHSENSING/App/tsl_user.o
                0x0000000008003448                MyObjects
 .rodata.MyTKeys
                0x0000000008003490       0xb4 ./TOUCHSENSING/App/tsl_user.o
                0x0000000008003490                MyTKeys
 .rodata.MyTKeys_Methods
                0x0000000008003544        0x8 ./TOUCHSENSING/App/tsl_user.o
                0x0000000008003544                MyTKeys_Methods
 .rodata.MyTKeys_StateMachine
                0x000000000800354c       0xa0 ./TOUCHSENSING/App/tsl_user.o
                0x000000000800354c                MyTKeys_StateMachine
                0x00000000080035ec                . = ALIGN (0x4)

.rel.dyn        0x00000000080035ec        0x0
 .rel.iplt      0x00000000080035ec        0x0 D:/Logiciel/STM32CubeIDE_1.14.1/STM32CubeIDE/plugins/com.st.stm32cube.ide.mcu.externaltools.gnu-tools-for-stm32.11.3.rel1.win32_1.1.100.202309141235/tools/bin/../lib/gcc/arm-none-eabi/11.3.1/thumb/v6-m/nofp/crtbegin.o

.ARM.extab      0x00000000080035ec        0x0
                0x00000000080035ec                . = ALIGN (0x4)
 *(.ARM.extab* .gnu.linkonce.armextab.*)
                0x00000000080035ec                . = ALIGN (0x4)

.ARM            0x00000000080035ec        0x0
                0x00000000080035ec                . = ALIGN (0x4)
                0x00000000080035ec                __exidx_start = .
 *(.ARM.exidx*)
                0x00000000080035ec                __exidx_end = .
                0x00000000080035ec                . = ALIGN (0x4)

.preinit_array  0x00000000080035ec        0x0
                0x00000000080035ec                . = ALIGN (0x4)
                0x00000000080035ec                PROVIDE (__preinit_array_start = .)
 *(.preinit_array*)
                0x00000000080035ec                PROVIDE (__preinit_array_end = .)
                0x00000000080035ec                . = ALIGN (0x4)

.init_array     0x00000000080035ec        0x4
                0x00000000080035ec                . = ALIGN (0x4)
                0x00000000080035ec                PROVIDE (__init_array_start = .)
 *(SORT_BY_NAME(.init_array.*))
 *(.init_array*)
 .init_array    0x00000000080035ec        0x4 D:/Logiciel/STM32CubeIDE_1.14.1/STM32CubeIDE/plugins/com.st.stm32cube.ide.mcu.externaltools.gnu-tools-for-stm32.11.3.rel1.win32_1.1.100.202309141235/tools/bin/../lib/gcc/arm-none-eabi/11.3.1/thumb/v6-m/nofp/crtbegin.o
                0x00000000080035f0                PROVIDE (__init_array_end = .)
                0x00000000080035f0                . = ALIGN (0x4)

.fini_array     0x00000000080035f0        0x4
                0x00000000080035f0                . = ALIGN (0x4)
                [!provide]                        PROVIDE (__fini_array_start = .)
 *(SORT_BY_NAME(.fini_array.*))
 *(.fini_array*)
 .fini_array    0x00000000080035f0        0x4 D:/Logiciel/STM32CubeIDE_1.14.1/STM32CubeIDE/plugins/com.st.stm32cube.ide.mcu.externaltools.gnu-tools-for-stm32.11.3.rel1.win32_1.1.100.202309141235/tools/bin/../lib/gcc/arm-none-eabi/11.3.1/thumb/v6-m/nofp/crtbegin.o
                [!provide]                        PROVIDE (__fini_array_end = .)
                0x00000000080035f4                . = ALIGN (0x4)
                0x00000000080035f4                _sidata = LOADADDR (.data)

.data           0x0000000020000000       0x30 load address 0x00000000080035f4
                0x0000000020000000                . = ALIGN (0x4)
                0x0000000020000000                _sdata = .
 *(.data)
 *(.data*)
 .data.tour     0x0000000020000000        0x1 ./Core/Src/main.o
                0x0000000020000000                tour
 *fill*         0x0000000020000001        0x3 
 .data.SystemCoreClock
                0x0000000020000004        0x4 ./Core/Src/system_stm32l0xx.o
                0x0000000020000004                SystemCoreClock
 .data.uwTickFreq
                0x0000000020000008        0x1 ./Drivers/STM32L0xx_HAL_Driver/Src/stm32l0xx_hal.o
                0x0000000020000008                uwTickFreq
 *fill*         0x0000000020000009        0x3 
 .data.uwTickPrio
                0x000000002000000c        0x4 ./Drivers/STM32L0xx_HAL_Driver/Src/stm32l0xx_hal.o
                0x000000002000000c                uwTickPrio
 .data.MyObjGroup
                0x0000000020000010       0x10 ./TOUCHSENSING/App/tsl_user.o
                0x0000000020000010                MyObjGroup
 .data.TSL_Params
                0x0000000020000020       0x10 ./TOUCHSENSING/App/tsl_user.o
                0x0000000020000020                TSL_Params
 *(.RamFunc)
 *(.RamFunc*)
                0x0000000020000030                . = ALIGN (0x4)
                0x0000000020000030                _edata = .

.igot.plt       0x0000000020000030        0x0 load address 0x0000000008003624
 .igot.plt      0x0000000020000030        0x0 D:/Logiciel/STM32CubeIDE_1.14.1/STM32CubeIDE/plugins/com.st.stm32cube.ide.mcu.externaltools.gnu-tools-for-stm32.11.3.rel1.win32_1.1.100.202309141235/tools/bin/../lib/gcc/arm-none-eabi/11.3.1/thumb/v6-m/nofp/crtbegin.o
                0x0000000020000030                . = ALIGN (0x4)

.bss            0x0000000020000030      0x204 load address 0x0000000008003624
                0x0000000020000030                _sbss = .
                0x0000000020000030                __bss_start__ = _sbss
 *(.bss)
 .bss           0x0000000020000030       0x1c D:/Logiciel/STM32CubeIDE_1.14.1/STM32CubeIDE/plugins/com.st.stm32cube.ide.mcu.externaltools.gnu-tools-for-stm32.11.3.rel1.win32_1.1.100.202309141235/tools/bin/../lib/gcc/arm-none-eabi/11.3.1/thumb/v6-m/nofp/crtbegin.o
 *(.bss*)
 .bss.btnPressed
                0x000000002000004c        0x1 ./Core/Src/main.o
                0x000000002000004c                btnPressed
 *fill*         0x000000002000004d        0x3 
 .bss.fieldState
                0x0000000020000050        0xd ./Core/Src/main.o
                0x0000000020000050                fieldState
 .bss.memIncrease
                0x000000002000005d        0x1 ./Core/Src/main.o
                0x000000002000005d                memIncrease
 *fill*         0x000000002000005e        0x2 
 .bss.prevTouchDetect
                0x0000000020000060        0xd ./Core/Src/main.o
                0x0000000020000060                prevTouchDetect
 *fill*         0x000000002000006d        0x3 
 .bss.touchDetect
                0x0000000020000070        0xd ./Core/Src/main.o
                0x0000000020000070                touchDetect
 *fill*         0x000000002000007d        0x3 
 .bss.touchPressMem
                0x0000000020000080       0x12 ./Core/Src/main.o
                0x0000000020000080                touchPressMem
 *fill*         0x0000000020000092        0x2 
 .bss.htim2     0x0000000020000094       0x40 ./Core/Src/tim.o
                0x0000000020000094                htim2
 .bss.htsc      0x00000000200000d4       0x44 ./Core/Src/tsc.o
                0x00000000200000d4                htsc
 .bss.uwTick    0x0000000020000118        0x4 ./Drivers/STM32L0xx_HAL_Driver/Src/stm32l0xx_hal.o
                0x0000000020000118                uwTick
 .bss.TSL_Globals
                0x000000002000011c       0x18 ./Middlewares/ST/STM32_TouchSensing_Library/src/tsl_globals.o
                0x000000002000011c                TSL_Globals
 .bss.count_1s.0
                0x0000000020000134        0x2 ./Middlewares/ST/STM32_TouchSensing_Library/src/tsl_time.o
 .bss.CalibDiv  0x0000000020000136        0x2 ./Middlewares/ST/STM32_TouchSensing_Library/src/tsl_touchkey.o
 .bss.ECSLastTick
                0x0000000020000138        0x2 ./TOUCHSENSING/App/tsl_user.o
                0x0000000020000138                ECSLastTick
 *fill*         0x000000002000013a        0x2 
 .bss.MyChannels_Data
                0x000000002000013c       0x6c ./TOUCHSENSING/App/tsl_user.o
                0x000000002000013c                MyChannels_Data
 .bss.MyTKeys_Data
                0x00000000200001a8       0x24 ./TOUCHSENSING/App/tsl_user.o
                0x00000000200001a8                MyTKeys_Data
 .bss.MyTKeys_Param
                0x00000000200001cc       0x5a ./TOUCHSENSING/App/tsl_user.o
                0x00000000200001cc                MyTKeys_Param
 *fill*         0x0000000020000226        0x2 
 .bss.acq_done_it
                0x0000000020000228        0x4 ./TOUCHSENSING/App/tsl_user.o
                0x0000000020000228                acq_done_it
 .bss.config_done_it
                0x000000002000022c        0x4 ./TOUCHSENSING/App/tsl_user.o
                0x000000002000022c                config_done_it
 .bss.idx_bank_it
                0x0000000020000230        0x4 ./TOUCHSENSING/App/tsl_user.o
                0x0000000020000230                idx_bank_it
 *(COMMON)
                0x0000000020000234                . = ALIGN (0x4)
                0x0000000020000234                _ebss = .
                0x0000000020000234                __bss_end__ = _ebss

._user_heap_stack
                0x0000000020000234      0x604 load address 0x0000000008003624
                0x0000000020000238                . = ALIGN (0x8)
 *fill*         0x0000000020000234        0x4 
                [!provide]                        PROVIDE (end = .)
                0x0000000020000238                PROVIDE (_end = .)
                0x0000000020000438                . = (. + _Min_Heap_Size)
 *fill*         0x0000000020000238      0x200 
                0x0000000020000838                . = (. + _Min_Stack_Size)
 *fill*         0x0000000020000438      0x400 
                0x0000000020000838                . = ALIGN (0x8)

/DISCARD/
 libc.a(*)
 libm.a(*)
 libgcc.a(*)

.ARM.attributes
                0x0000000000000000       0x28
 *(.ARM.attributes)
 .ARM.attributes
                0x0000000000000000       0x1e D:/Logiciel/STM32CubeIDE_1.14.1/STM32CubeIDE/plugins/com.st.stm32cube.ide.mcu.externaltools.gnu-tools-for-stm32.11.3.rel1.win32_1.1.100.202309141235/tools/bin/../lib/gcc/arm-none-eabi/11.3.1/thumb/v6-m/nofp/crti.o
 .ARM.attributes
                0x000000000000001e       0x2c D:/Logiciel/STM32CubeIDE_1.14.1/STM32CubeIDE/plugins/com.st.stm32cube.ide.mcu.externaltools.gnu-tools-for-stm32.11.3.rel1.win32_1.1.100.202309141235/tools/bin/../lib/gcc/arm-none-eabi/11.3.1/thumb/v6-m/nofp/crtbegin.o
 .ARM.attributes
                0x000000000000004a       0x2c ./Core/Src/gpio.o
 .ARM.attributes
                0x0000000000000076       0x2c ./Core/Src/main.o
 .ARM.attributes
                0x00000000000000a2       0x2c ./Core/Src/stm32l0xx_hal_msp.o
 .ARM.attributes
                0x00000000000000ce       0x2c ./Core/Src/stm32l0xx_it.o
 .ARM.attributes
                0x00000000000000fa       0x2c ./Core/Src/system_stm32l0xx.o
 .ARM.attributes
                0x0000000000000126       0x2c ./Core/Src/tim.o
 .ARM.attributes
                0x0000000000000152       0x2c ./Core/Src/tsc.o
 .ARM.attributes
                0x000000000000017e       0x22 ./Core/Startup/startup_stm32l072rbtx.o
 .ARM.attributes
                0x00000000000001a0       0x2c ./Drivers/STM32L0xx_HAL_Driver/Src/stm32l0xx_hal.o
 .ARM.attributes
                0x00000000000001cc       0x2c ./Drivers/STM32L0xx_HAL_Driver/Src/stm32l0xx_hal_cortex.o
 .ARM.attributes
                0x00000000000001f8       0x2c ./Drivers/STM32L0xx_HAL_Driver/Src/stm32l0xx_hal_gpio.o
 .ARM.attributes
                0x0000000000000224       0x2c ./Drivers/STM32L0xx_HAL_Driver/Src/stm32l0xx_hal_i2c_ex.o
 .ARM.attributes
                0x0000000000000250       0x2c ./Drivers/STM32L0xx_HAL_Driver/Src/stm32l0xx_hal_rcc.o
 .ARM.attributes
                0x000000000000027c       0x2c ./Drivers/STM32L0xx_HAL_Driver/Src/stm32l0xx_hal_tim.o
 .ARM.attributes
                0x00000000000002a8       0x2c ./Drivers/STM32L0xx_HAL_Driver/Src/stm32l0xx_hal_tim_ex.o
 .ARM.attributes
                0x00000000000002d4       0x2c ./Drivers/STM32L0xx_HAL_Driver/Src/stm32l0xx_hal_tsc.o
 .ARM.attributes
                0x0000000000000300       0x2c ./Middlewares/ST/STM32_TouchSensing_Library/src/tsl.o
 .ARM.attributes
                0x000000000000032c       0x2c ./Middlewares/ST/STM32_TouchSensing_Library/src/tsl_acq.o
 .ARM.attributes
                0x0000000000000358       0x2c ./Middlewares/ST/STM32_TouchSensing_Library/src/tsl_acq_tsc.o
 .ARM.attributes
                0x0000000000000384       0x2c ./Middlewares/ST/STM32_TouchSensing_Library/src/tsl_dxs.o
 .ARM.attributes
                0x00000000000003b0       0x2c ./Middlewares/ST/STM32_TouchSensing_Library/src/tsl_ecs.o
 .ARM.attributes
                0x00000000000003dc       0x2c ./Middlewares/ST/STM32_TouchSensing_Library/src/tsl_globals.o
 .ARM.attributes
                0x0000000000000408       0x2c ./Middlewares/ST/STM32_TouchSensing_Library/src/tsl_object.o
 .ARM.attributes
                0x0000000000000434       0x2c ./Middlewares/ST/STM32_TouchSensing_Library/src/tsl_time.o
 .ARM.attributes
                0x0000000000000460       0x2c ./Middlewares/ST/STM32_TouchSensing_Library/src/tsl_touchkey.o
 .ARM.attributes
                0x000000000000048c       0x2c ./TOUCHSENSING/App/touchsensing.o
 .ARM.attributes
                0x00000000000004b8       0x2c ./TOUCHSENSING/App/tsl_user.o
 .ARM.attributes
                0x00000000000004e4       0x2c D:/Logiciel/STM32CubeIDE_1.14.1/STM32CubeIDE/plugins/com.st.stm32cube.ide.mcu.externaltools.gnu-tools-for-stm32.11.3.rel1.win32_1.1.100.202309141235/tools/bin/../lib/gcc/arm-none-eabi/11.3.1/../../../../arm-none-eabi/lib/thumb/v6-m/nofp\libc_nano.a(libc_a-memset.o)
 .ARM.attributes
                0x0000000000000510       0x2c D:/Logiciel/STM32CubeIDE_1.14.1/STM32CubeIDE/plugins/com.st.stm32cube.ide.mcu.externaltools.gnu-tools-for-stm32.11.3.rel1.win32_1.1.100.202309141235/tools/bin/../lib/gcc/arm-none-eabi/11.3.1/../../../../arm-none-eabi/lib/thumb/v6-m/nofp\libc_nano.a(libc_a-init.o)
 .ARM.attributes
                0x000000000000053c       0x1e D:/Logiciel/STM32CubeIDE_1.14.1/STM32CubeIDE/plugins/com.st.stm32cube.ide.mcu.externaltools.gnu-tools-for-stm32.11.3.rel1.win32_1.1.100.202309141235/tools/bin/../lib/gcc/arm-none-eabi/11.3.1/thumb/v6-m/nofp\libgcc.a(_udivsi3.o)
 .ARM.attributes
                0x000000000000055a       0x1e D:/Logiciel/STM32CubeIDE_1.14.1/STM32CubeIDE/plugins/com.st.stm32cube.ide.mcu.externaltools.gnu-tools-for-stm32.11.3.rel1.win32_1.1.100.202309141235/tools/bin/../lib/gcc/arm-none-eabi/11.3.1/thumb/v6-m/nofp\libgcc.a(_dvmd_tls.o)
 .ARM.attributes
                0x0000000000000578       0x1e D:/Logiciel/STM32CubeIDE_1.14.1/STM32CubeIDE/plugins/com.st.stm32cube.ide.mcu.externaltools.gnu-tools-for-stm32.11.3.rel1.win32_1.1.100.202309141235/tools/bin/../lib/gcc/arm-none-eabi/11.3.1/thumb/v6-m/nofp/crtn.o
OUTPUT(JEU_MOULIN_LQFP64.elf elf32-littlearm)
LOAD linker stubs
LOAD D:/Logiciel/STM32CubeIDE_1.14.1/STM32CubeIDE/plugins/com.st.stm32cube.ide.mcu.externaltools.gnu-tools-for-stm32.11.3.rel1.win32_1.1.100.202309141235/tools/bin/../lib/gcc/arm-none-eabi/11.3.1/../../../../arm-none-eabi/lib/thumb/v6-m/nofp\libc.a
LOAD D:/Logiciel/STM32CubeIDE_1.14.1/STM32CubeIDE/plugins/com.st.stm32cube.ide.mcu.externaltools.gnu-tools-for-stm32.11.3.rel1.win32_1.1.100.202309141235/tools/bin/../lib/gcc/arm-none-eabi/11.3.1/../../../../arm-none-eabi/lib/thumb/v6-m/nofp\libm.a
LOAD D:/Logiciel/STM32CubeIDE_1.14.1/STM32CubeIDE/plugins/com.st.stm32cube.ide.mcu.externaltools.gnu-tools-for-stm32.11.3.rel1.win32_1.1.100.202309141235/tools/bin/../lib/gcc/arm-none-eabi/11.3.1/thumb/v6-m/nofp\libgcc.a

.comment        0x0000000000000000       0x43
 .comment       0x0000000000000000       0x43 D:/Logiciel/STM32CubeIDE_1.14.1/STM32CubeIDE/plugins/com.st.stm32cube.ide.mcu.externaltools.gnu-tools-for-stm32.11.3.rel1.win32_1.1.100.202309141235/tools/bin/../lib/gcc/arm-none-eabi/11.3.1/thumb/v6-m/nofp/crtbegin.o
                                         0x44 (size before relaxing)
 .comment       0x0000000000000043       0x44 ./Core/Src/gpio.o
 .comment       0x0000000000000043       0x44 ./Core/Src/main.o
 .comment       0x0000000000000043       0x44 ./Core/Src/stm32l0xx_hal_msp.o
 .comment       0x0000000000000043       0x44 ./Core/Src/stm32l0xx_it.o
 .comment       0x0000000000000043       0x44 ./Core/Src/system_stm32l0xx.o
 .comment       0x0000000000000043       0x44 ./Core/Src/tim.o
 .comment       0x0000000000000043       0x44 ./Core/Src/tsc.o
 .comment       0x0000000000000043       0x44 ./Drivers/STM32L0xx_HAL_Driver/Src/stm32l0xx_hal.o
 .comment       0x0000000000000043       0x44 ./Drivers/STM32L0xx_HAL_Driver/Src/stm32l0xx_hal_cortex.o
 .comment       0x0000000000000043       0x44 ./Drivers/STM32L0xx_HAL_Driver/Src/stm32l0xx_hal_gpio.o
 .comment       0x0000000000000043       0x44 ./Drivers/STM32L0xx_HAL_Driver/Src/stm32l0xx_hal_i2c_ex.o
 .comment       0x0000000000000043       0x44 ./Drivers/STM32L0xx_HAL_Driver/Src/stm32l0xx_hal_rcc.o
 .comment       0x0000000000000043       0x44 ./Drivers/STM32L0xx_HAL_Driver/Src/stm32l0xx_hal_tim.o
 .comment       0x0000000000000043       0x44 ./Drivers/STM32L0xx_HAL_Driver/Src/stm32l0xx_hal_tim_ex.o
 .comment       0x0000000000000043       0x44 ./Drivers/STM32L0xx_HAL_Driver/Src/stm32l0xx_hal_tsc.o
 .comment       0x0000000000000043       0x44 ./Middlewares/ST/STM32_TouchSensing_Library/src/tsl.o
 .comment       0x0000000000000043       0x44 ./Middlewares/ST/STM32_TouchSensing_Library/src/tsl_acq.o
 .comment       0x0000000000000043       0x44 ./Middlewares/ST/STM32_TouchSensing_Library/src/tsl_acq_tsc.o
 .comment       0x0000000000000043       0x44 ./Middlewares/ST/STM32_TouchSensing_Library/src/tsl_dxs.o
 .comment       0x0000000000000043       0x44 ./Middlewares/ST/STM32_TouchSensing_Library/src/tsl_ecs.o
 .comment       0x0000000000000043       0x44 ./Middlewares/ST/STM32_TouchSensing_Library/src/tsl_globals.o
 .comment       0x0000000000000043       0x44 ./Middlewares/ST/STM32_TouchSensing_Library/src/tsl_object.o
 .comment       0x0000000000000043       0x44 ./Middlewares/ST/STM32_TouchSensing_Library/src/tsl_time.o
 .comment       0x0000000000000043       0x44 ./Middlewares/ST/STM32_TouchSensing_Library/src/tsl_touchkey.o
 .comment       0x0000000000000043       0x44 ./TOUCHSENSING/App/touchsensing.o
 .comment       0x0000000000000043       0x44 ./TOUCHSENSING/App/tsl_user.o

.debug_info     0x0000000000000000    0x11b31
 .debug_info    0x0000000000000000      0x496 ./Core/Src/gpio.o
 .debug_info    0x0000000000000496     0x24f0 ./Core/Src/main.o
 .debug_info    0x0000000000002986      0x1ba ./Core/Src/stm32l0xx_hal_msp.o
 .debug_info    0x0000000000002b40      0x3b1 ./Core/Src/stm32l0xx_it.o
 .debug_info    0x0000000000002ef1      0x30d ./Core/Src/system_stm32l0xx.o
 .debug_info    0x00000000000031fe      0x946 ./Core/Src/tim.o
 .debug_info    0x0000000000003b44      0x8e3 ./Core/Src/tsc.o
 .debug_info    0x0000000000004427       0x23 ./Core/Startup/startup_stm32l072rbtx.o
 .debug_info    0x000000000000444a      0x94c ./Drivers/STM32L0xx_HAL_Driver/Src/stm32l0xx_hal.o
 .debug_info    0x0000000000004d96      0x9c6 ./Drivers/STM32L0xx_HAL_Driver/Src/stm32l0xx_hal_cortex.o
 .debug_info    0x000000000000575c      0x655 ./Drivers/STM32L0xx_HAL_Driver/Src/stm32l0xx_hal_gpio.o
 .debug_info    0x0000000000005db1      0x899 ./Drivers/STM32L0xx_HAL_Driver/Src/stm32l0xx_hal_i2c_ex.o
 .debug_info    0x000000000000664a      0xd37 ./Drivers/STM32L0xx_HAL_Driver/Src/stm32l0xx_hal_rcc.o
 .debug_info    0x0000000000007381     0x3952 ./Drivers/STM32L0xx_HAL_Driver/Src/stm32l0xx_hal_tim.o
 .debug_info    0x000000000000acd3      0x6c9 ./Drivers/STM32L0xx_HAL_Driver/Src/stm32l0xx_hal_tim_ex.o
 .debug_info    0x000000000000b39c      0x7f1 ./Drivers/STM32L0xx_HAL_Driver/Src/stm32l0xx_hal_tsc.o
 .debug_info    0x000000000000bb8d      0x76b ./Middlewares/ST/STM32_TouchSensing_Library/src/tsl.o
 .debug_info    0x000000000000c2f8      0xc2f ./Middlewares/ST/STM32_TouchSensing_Library/src/tsl_acq.o
 .debug_info    0x000000000000cf27      0xaee ./Middlewares/ST/STM32_TouchSensing_Library/src/tsl_acq_tsc.o
 .debug_info    0x000000000000da15      0x207 ./Middlewares/ST/STM32_TouchSensing_Library/src/tsl_dxs.o
 .debug_info    0x000000000000dc1c      0xb7e ./Middlewares/ST/STM32_TouchSensing_Library/src/tsl_ecs.o
 .debug_info    0x000000000000e79a      0x6e4 ./Middlewares/ST/STM32_TouchSensing_Library/src/tsl_globals.o
 .debug_info    0x000000000000ee7e      0x87e ./Middlewares/ST/STM32_TouchSensing_Library/src/tsl_object.o
 .debug_info    0x000000000000f6fc      0x85f ./Middlewares/ST/STM32_TouchSensing_Library/src/tsl_time.o
 .debug_info    0x000000000000ff5b      0xab3 ./Middlewares/ST/STM32_TouchSensing_Library/src/tsl_touchkey.o
 .debug_info    0x0000000000010a0e       0x9c ./TOUCHSENSING/App/touchsensing.o
 .debug_info    0x0000000000010aaa     0x1087 ./TOUCHSENSING/App/tsl_user.o

.debug_abbrev   0x0000000000000000     0x306f
 .debug_abbrev  0x0000000000000000      0x18c ./Core/Src/gpio.o
 .debug_abbrev  0x000000000000018c      0x2ef ./Core/Src/main.o
 .debug_abbrev  0x000000000000047b       0x9f ./Core/Src/stm32l0xx_hal_msp.o
 .debug_abbrev  0x000000000000051a      0x17a ./Core/Src/stm32l0xx_it.o
 .debug_abbrev  0x0000000000000694      0x138 ./Core/Src/system_stm32l0xx.o
 .debug_abbrev  0x00000000000007cc      0x20c ./Core/Src/tim.o
 .debug_abbrev  0x00000000000009d8      0x205 ./Core/Src/tsc.o
 .debug_abbrev  0x0000000000000bdd       0x12 ./Core/Startup/startup_stm32l072rbtx.o
 .debug_abbrev  0x0000000000000bef      0x2a0 ./Drivers/STM32L0xx_HAL_Driver/Src/stm32l0xx_hal.o
 .debug_abbrev  0x0000000000000e8f      0x2bc ./Drivers/STM32L0xx_HAL_Driver/Src/stm32l0xx_hal_cortex.o
 .debug_abbrev  0x000000000000114b      0x1e9 ./Drivers/STM32L0xx_HAL_Driver/Src/stm32l0xx_hal_gpio.o
 .debug_abbrev  0x0000000000001334      0x1bf ./Drivers/STM32L0xx_HAL_Driver/Src/stm32l0xx_hal_i2c_ex.o
 .debug_abbrev  0x00000000000014f3      0x2c9 ./Drivers/STM32L0xx_HAL_Driver/Src/stm32l0xx_hal_rcc.o
 .debug_abbrev  0x00000000000017bc      0x26c ./Drivers/STM32L0xx_HAL_Driver/Src/stm32l0xx_hal_tim.o
 .debug_abbrev  0x0000000000001a28      0x1d2 ./Drivers/STM32L0xx_HAL_Driver/Src/stm32l0xx_hal_tim_ex.o
 .debug_abbrev  0x0000000000001bfa      0x1ed ./Drivers/STM32L0xx_HAL_Driver/Src/stm32l0xx_hal_tsc.o
 .debug_abbrev  0x0000000000001de7      0x129 ./Middlewares/ST/STM32_TouchSensing_Library/src/tsl.o
 .debug_abbrev  0x0000000000001f10      0x220 ./Middlewares/ST/STM32_TouchSensing_Library/src/tsl_acq.o
 .debug_abbrev  0x0000000000002130      0x28f ./Middlewares/ST/STM32_TouchSensing_Library/src/tsl_acq_tsc.o
 .debug_abbrev  0x00000000000023bf       0xc1 ./Middlewares/ST/STM32_TouchSensing_Library/src/tsl_dxs.o
 .debug_abbrev  0x0000000000002480      0x22c ./Middlewares/ST/STM32_TouchSensing_Library/src/tsl_ecs.o
 .debug_abbrev  0x00000000000026ac       0xdc ./Middlewares/ST/STM32_TouchSensing_Library/src/tsl_globals.o
 .debug_abbrev  0x0000000000002788      0x16d ./Middlewares/ST/STM32_TouchSensing_Library/src/tsl_object.o
 .debug_abbrev  0x00000000000028f5      0x18d ./Middlewares/ST/STM32_TouchSensing_Library/src/tsl_time.o
 .debug_abbrev  0x0000000000002a82      0x2a8 ./Middlewares/ST/STM32_TouchSensing_Library/src/tsl_touchkey.o
 .debug_abbrev  0x0000000000002d2a       0x61 ./TOUCHSENSING/App/touchsensing.o
 .debug_abbrev  0x0000000000002d8b      0x2e4 ./TOUCHSENSING/App/tsl_user.o

.debug_aranges  0x0000000000000000      0xbc8
 .debug_aranges
                0x0000000000000000       0x20 ./Core/Src/gpio.o
 .debug_aranges
                0x0000000000000020       0x50 ./Core/Src/main.o
 .debug_aranges
                0x0000000000000070       0x20 ./Core/Src/stm32l0xx_hal_msp.o
 .debug_aranges
                0x0000000000000090       0x48 ./Core/Src/stm32l0xx_it.o
 .debug_aranges
                0x00000000000000d8       0x28 ./Core/Src/system_stm32l0xx.o
 .debug_aranges
                0x0000000000000100       0x30 ./Core/Src/tim.o
 .debug_aranges
                0x0000000000000130       0x30 ./Core/Src/tsc.o
 .debug_aranges
                0x0000000000000160       0x28 ./Core/Startup/startup_stm32l072rbtx.o
 .debug_aranges
                0x0000000000000188      0x110 ./Drivers/STM32L0xx_HAL_Driver/Src/stm32l0xx_hal.o
 .debug_aranges
                0x0000000000000298       0xa0 ./Drivers/STM32L0xx_HAL_Driver/Src/stm32l0xx_hal_cortex.o
 .debug_aranges
                0x0000000000000338       0x58 ./Drivers/STM32L0xx_HAL_Driver/Src/stm32l0xx_hal_gpio.o
 .debug_aranges
                0x0000000000000390       0x48 ./Drivers/STM32L0xx_HAL_Driver/Src/stm32l0xx_hal_i2c_ex.o
 .debug_aranges
                0x00000000000003d8       0x80 ./Drivers/STM32L0xx_HAL_Driver/Src/stm32l0xx_hal_rcc.o
 .debug_aranges
                0x0000000000000458      0x3d0 ./Drivers/STM32L0xx_HAL_Driver/Src/stm32l0xx_hal_tim.o
 .debug_aranges
                0x0000000000000828       0x28 ./Drivers/STM32L0xx_HAL_Driver/Src/stm32l0xx_hal_tim_ex.o
 .debug_aranges
                0x0000000000000850       0xa8 ./Drivers/STM32L0xx_HAL_Driver/Src/stm32l0xx_hal_tsc.o
 .debug_aranges
                0x00000000000008f8       0x20 ./Middlewares/ST/STM32_TouchSensing_Library/src/tsl.o
 .debug_aranges
                0x0000000000000918       0x30 ./Middlewares/ST/STM32_TouchSensing_Library/src/tsl_acq.o
 .debug_aranges
                0x0000000000000948       0x78 ./Middlewares/ST/STM32_TouchSensing_Library/src/tsl_acq_tsc.o
 .debug_aranges
                0x00000000000009c0       0x20 ./Middlewares/ST/STM32_TouchSensing_Library/src/tsl_dxs.o
 .debug_aranges
                0x00000000000009e0       0x30 ./Middlewares/ST/STM32_TouchSensing_Library/src/tsl_ecs.o
 .debug_aranges
                0x0000000000000a10       0x18 ./Middlewares/ST/STM32_TouchSensing_Library/src/tsl_globals.o
 .debug_aranges
                0x0000000000000a28       0x30 ./Middlewares/ST/STM32_TouchSensing_Library/src/tsl_object.o
 .debug_aranges
                0x0000000000000a58       0x30 ./Middlewares/ST/STM32_TouchSensing_Library/src/tsl_time.o
 .debug_aranges
                0x0000000000000a88       0xd0 ./Middlewares/ST/STM32_TouchSensing_Library/src/tsl_touchkey.o
 .debug_aranges
                0x0000000000000b58       0x20 ./TOUCHSENSING/App/touchsensing.o
 .debug_aranges
                0x0000000000000b78       0x50 ./TOUCHSENSING/App/tsl_user.o

.debug_rnglists
                0x0000000000000000      0x8de
 .debug_rnglists
                0x0000000000000000       0x14 ./Core/Src/gpio.o
 .debug_rnglists
                0x0000000000000014       0x4a ./Core/Src/main.o
 .debug_rnglists
                0x000000000000005e       0x13 ./Core/Src/stm32l0xx_hal_msp.o
 .debug_rnglists
                0x0000000000000071       0x31 ./Core/Src/stm32l0xx_it.o
 .debug_rnglists
                0x00000000000000a2       0x1a ./Core/Src/system_stm32l0xx.o
 .debug_rnglists
                0x00000000000000bc       0x1f ./Core/Src/tim.o
 .debug_rnglists
                0x00000000000000db       0x20 ./Core/Src/tsc.o
 .debug_rnglists
                0x00000000000000fb       0x19 ./Core/Startup/startup_stm32l072rbtx.o
 .debug_rnglists
                0x0000000000000114       0xc7 ./Drivers/STM32L0xx_HAL_Driver/Src/stm32l0xx_hal.o
 .debug_rnglists
                0x00000000000001db       0xa3 ./Drivers/STM32L0xx_HAL_Driver/Src/stm32l0xx_hal_cortex.o
 .debug_rnglists
                0x000000000000027e       0x3f ./Drivers/STM32L0xx_HAL_Driver/Src/stm32l0xx_hal_gpio.o
 .debug_rnglists
                0x00000000000002bd       0x31 ./Drivers/STM32L0xx_HAL_Driver/Src/stm32l0xx_hal_i2c_ex.o
 .debug_rnglists
                0x00000000000002ee       0x7e ./Drivers/STM32L0xx_HAL_Driver/Src/stm32l0xx_hal_rcc.o
 .debug_rnglists
                0x000000000000036c      0x2f9 ./Drivers/STM32L0xx_HAL_Driver/Src/stm32l0xx_hal_tim.o
 .debug_rnglists
                0x0000000000000665       0x19 ./Drivers/STM32L0xx_HAL_Driver/Src/stm32l0xx_hal_tim_ex.o
 .debug_rnglists
                0x000000000000067e       0x7a ./Drivers/STM32L0xx_HAL_Driver/Src/stm32l0xx_hal_tsc.o
 .debug_rnglists
                0x00000000000006f8       0x13 ./Middlewares/ST/STM32_TouchSensing_Library/src/tsl.o
 .debug_rnglists
                0x000000000000070b       0x21 ./Middlewares/ST/STM32_TouchSensing_Library/src/tsl_acq.o
 .debug_rnglists
                0x000000000000072c       0x56 ./Middlewares/ST/STM32_TouchSensing_Library/src/tsl_acq_tsc.o
 .debug_rnglists
                0x0000000000000782       0x13 ./Middlewares/ST/STM32_TouchSensing_Library/src/tsl_dxs.o
 .debug_rnglists
                0x0000000000000795       0x22 ./Middlewares/ST/STM32_TouchSensing_Library/src/tsl_ecs.o
 .debug_rnglists
                0x00000000000007b7       0x1f ./Middlewares/ST/STM32_TouchSensing_Library/src/tsl_object.o
 .debug_rnglists
                0x00000000000007d6       0x1f ./Middlewares/ST/STM32_TouchSensing_Library/src/tsl_time.o
 .debug_rnglists
                0x00000000000007f5       0x9d ./Middlewares/ST/STM32_TouchSensing_Library/src/tsl_touchkey.o
 .debug_rnglists
                0x0000000000000892       0x13 ./TOUCHSENSING/App/touchsensing.o
 .debug_rnglists
                0x00000000000008a5       0x39 ./TOUCHSENSING/App/tsl_user.o

.debug_macro    0x0000000000000000    0x1684c
 .debug_macro   0x0000000000000000      0x1dd ./Core/Src/gpio.o
 .debug_macro   0x00000000000001dd      0xa7e ./Core/Src/gpio.o
 .debug_macro   0x0000000000000c5b      0x125 ./Core/Src/gpio.o
 .debug_macro   0x0000000000000d80       0x2e ./Core/Src/gpio.o
 .debug_macro   0x0000000000000dae       0x28 ./Core/Src/gpio.o
 .debug_macro   0x0000000000000dd6       0x22 ./Core/Src/gpio.o
 .debug_macro   0x0000000000000df8       0x8e ./Core/Src/gpio.o
 .debug_macro   0x0000000000000e86       0x51 ./Core/Src/gpio.o
 .debug_macro   0x0000000000000ed7      0x103 ./Core/Src/gpio.o
 .debug_macro   0x0000000000000fda       0x6a ./Core/Src/gpio.o
 .debug_macro   0x0000000000001044      0x1df ./Core/Src/gpio.o
 .debug_macro   0x0000000000001223       0x1c ./Core/Src/gpio.o
 .debug_macro   0x000000000000123f       0x22 ./Core/Src/gpio.o
 .debug_macro   0x0000000000001261       0xaf ./Core/Src/gpio.o
 .debug_macro   0x0000000000001310      0x4da ./Core/Src/gpio.o
 .debug_macro   0x00000000000017ea      0x11f ./Core/Src/gpio.o
 .debug_macro   0x0000000000001909     0xa33b ./Core/Src/gpio.o
 .debug_macro   0x000000000000bc44       0x66 ./Core/Src/gpio.o
 .debug_macro   0x000000000000bcaa     0x35ac ./Core/Src/gpio.o
 .debug_macro   0x000000000000f256      0x174 ./Core/Src/gpio.o
 .debug_macro   0x000000000000f3ca       0x5c ./Core/Src/gpio.o
 .debug_macro   0x000000000000f426      0x8ea ./Core/Src/gpio.o
 .debug_macro   0x000000000000fd10      0xb52 ./Core/Src/gpio.o
 .debug_macro   0x0000000000010862      0x197 ./Core/Src/gpio.o
 .debug_macro   0x00000000000109f9      0x13f ./Core/Src/gpio.o
 .debug_macro   0x0000000000010b38      0x1ca ./Core/Src/gpio.o
 .debug_macro   0x0000000000010d02       0x82 ./Core/Src/gpio.o
 .debug_macro   0x0000000000010d84      0x28e ./Core/Src/gpio.o
 .debug_macro   0x0000000000011012      0x1e9 ./Core/Src/gpio.o
 .debug_macro   0x00000000000111fb      0x13d ./Core/Src/gpio.o
 .debug_macro   0x0000000000011338      0x4ac ./Core/Src/gpio.o
 .debug_macro   0x00000000000117e4      0x22c ./Core/Src/gpio.o
 .debug_macro   0x0000000000011a10       0x5b ./Core/Src/gpio.o
 .debug_macro   0x0000000000011a6b       0xa5 ./Core/Src/gpio.o
 .debug_macro   0x0000000000011b10      0x186 ./Core/Src/gpio.o
 .debug_macro   0x0000000000011c96       0x16 ./Core/Src/gpio.o
 .debug_macro   0x0000000000011cac      0x788 ./Core/Src/gpio.o
 .debug_macro   0x0000000000012434       0xfc ./Core/Src/gpio.o
 .debug_macro   0x0000000000012530      0x3d7 ./Core/Src/gpio.o
 .debug_macro   0x0000000000012907      0x170 ./Core/Src/gpio.o
 .debug_macro   0x0000000000012a77       0xdc ./Core/Src/gpio.o
 .debug_macro   0x0000000000012b53      0x384 ./Core/Src/main.o
 .debug_macro   0x0000000000012ed7      0x19b ./Core/Src/main.o
 .debug_macro   0x0000000000013072       0x4c ./Core/Src/main.o
 .debug_macro   0x00000000000130be       0x16 ./Core/Src/main.o
 .debug_macro   0x00000000000130d4       0x1c ./Core/Src/main.o
 .debug_macro   0x00000000000130f0       0xd5 ./Core/Src/main.o
 .debug_macro   0x00000000000131c5       0x1c ./Core/Src/main.o
 .debug_macro   0x00000000000131e1      0x160 ./Core/Src/main.o
 .debug_macro   0x0000000000013341       0x22 ./Core/Src/main.o
 .debug_macro   0x0000000000013363      0x1d3 ./Core/Src/stm32l0xx_hal_msp.o
 .debug_macro   0x0000000000013536      0x220 ./Core/Src/stm32l0xx_it.o
 .debug_macro   0x0000000000013756      0x1c4 ./Core/Src/system_stm32l0xx.o
 .debug_macro   0x000000000001391a      0x1dd ./Core/Src/tim.o
 .debug_macro   0x0000000000013af7      0x1dd ./Core/Src/tsc.o
 .debug_macro   0x0000000000013cd4      0x1e8 ./Drivers/STM32L0xx_HAL_Driver/Src/stm32l0xx_hal.o
 .debug_macro   0x0000000000013ebc      0x1c4 ./Drivers/STM32L0xx_HAL_Driver/Src/stm32l0xx_hal_cortex.o
 .debug_macro   0x0000000000014080      0x1cb ./Drivers/STM32L0xx_HAL_Driver/Src/stm32l0xx_hal_gpio.o
 .debug_macro   0x000000000001424b      0x1c4 ./Drivers/STM32L0xx_HAL_Driver/Src/stm32l0xx_hal_i2c_ex.o
 .debug_macro   0x000000000001440f      0x1fa ./Drivers/STM32L0xx_HAL_Driver/Src/stm32l0xx_hal_rcc.o
 .debug_macro   0x0000000000014609      0x1c5 ./Drivers/STM32L0xx_HAL_Driver/Src/stm32l0xx_hal_tim.o
 .debug_macro   0x00000000000147ce      0x1c4 ./Drivers/STM32L0xx_HAL_Driver/Src/stm32l0xx_hal_tim_ex.o
 .debug_macro   0x0000000000014992      0x1c5 ./Drivers/STM32L0xx_HAL_Driver/Src/stm32l0xx_hal_tsc.o
 .debug_macro   0x0000000000014b57      0x274 ./Middlewares/ST/STM32_TouchSensing_Library/src/tsl.o
 .debug_macro   0x0000000000014dcb      0x195 ./Middlewares/ST/STM32_TouchSensing_Library/src/tsl.o
 .debug_macro   0x0000000000014f60      0x256 ./Middlewares/ST/STM32_TouchSensing_Library/src/tsl_acq.o
 .debug_macro   0x00000000000151b6       0x16 ./Middlewares/ST/STM32_TouchSensing_Library/src/tsl_acq.o
 .debug_macro   0x00000000000151cc      0x259 ./Middlewares/ST/STM32_TouchSensing_Library/src/tsl_acq_tsc.o
 .debug_macro   0x0000000000015425      0x292 ./Middlewares/ST/STM32_TouchSensing_Library/src/tsl_dxs.o
 .debug_macro   0x00000000000156b7      0x286 ./Middlewares/ST/STM32_TouchSensing_Library/src/tsl_ecs.o
 .debug_macro   0x000000000001593d      0x252 ./Middlewares/ST/STM32_TouchSensing_Library/src/tsl_globals.o
 .debug_macro   0x0000000000015b8f      0x256 ./Middlewares/ST/STM32_TouchSensing_Library/src/tsl_object.o
 .debug_macro   0x0000000000015de5      0x256 ./Middlewares/ST/STM32_TouchSensing_Library/src/tsl_time.o
 .debug_macro   0x000000000001603b      0x2f8 ./Middlewares/ST/STM32_TouchSensing_Library/src/tsl_touchkey.o
 .debug_macro   0x0000000000016333      0x28d ./TOUCHSENSING/App/touchsensing.o
 .debug_macro   0x00000000000165c0      0x28c ./TOUCHSENSING/App/tsl_user.o

.debug_line     0x0000000000000000    0x15aa9
 .debug_line    0x0000000000000000      0x7dc ./Core/Src/gpio.o
 .debug_line    0x00000000000007dc     0x10d5 ./Core/Src/main.o
 .debug_line    0x00000000000018b1      0x752 ./Core/Src/stm32l0xx_hal_msp.o
 .debug_line    0x0000000000002003      0x899 ./Core/Src/stm32l0xx_it.o
 .debug_line    0x000000000000289c      0x83d ./Core/Src/system_stm32l0xx.o
 .debug_line    0x00000000000030d9      0x82b ./Core/Src/tim.o
 .debug_line    0x0000000000003904      0x8fc ./Core/Src/tsc.o
 .debug_line    0x0000000000004200       0x7b ./Core/Startup/startup_stm32l072rbtx.o
 .debug_line    0x000000000000427b      0xb4c ./Drivers/STM32L0xx_HAL_Driver/Src/stm32l0xx_hal.o
 .debug_line    0x0000000000004dc7      0xc00 ./Drivers/STM32L0xx_HAL_Driver/Src/stm32l0xx_hal_cortex.o
 .debug_line    0x00000000000059c7      0xc1e ./Drivers/STM32L0xx_HAL_Driver/Src/stm32l0xx_hal_gpio.o
 .debug_line    0x00000000000065e5      0xa42 ./Drivers/STM32L0xx_HAL_Driver/Src/stm32l0xx_hal_i2c_ex.o
 .debug_line    0x0000000000007027     0x1365 ./Drivers/STM32L0xx_HAL_Driver/Src/stm32l0xx_hal_rcc.o
 .debug_line    0x000000000000838c     0x482c ./Drivers/STM32L0xx_HAL_Driver/Src/stm32l0xx_hal_tim.o
 .debug_line    0x000000000000cbb8      0x88b ./Drivers/STM32L0xx_HAL_Driver/Src/stm32l0xx_hal_tim_ex.o
 .debug_line    0x000000000000d443      0xdcc ./Drivers/STM32L0xx_HAL_Driver/Src/stm32l0xx_hal_tsc.o
 .debug_line    0x000000000000e20f      0x8bb ./Middlewares/ST/STM32_TouchSensing_Library/src/tsl.o
 .debug_line    0x000000000000eaca      0xd3b ./Middlewares/ST/STM32_TouchSensing_Library/src/tsl_acq.o
 .debug_line    0x000000000000f805      0xaf4 ./Middlewares/ST/STM32_TouchSensing_Library/src/tsl_acq_tsc.o
 .debug_line    0x00000000000102f9      0x876 ./Middlewares/ST/STM32_TouchSensing_Library/src/tsl_dxs.o
 .debug_line    0x0000000000010b6f      0xbe1 ./Middlewares/ST/STM32_TouchSensing_Library/src/tsl_ecs.o
 .debug_line    0x0000000000011750      0x858 ./Middlewares/ST/STM32_TouchSensing_Library/src/tsl_globals.o
 .debug_line    0x0000000000011fa8      0xa3a ./Middlewares/ST/STM32_TouchSensing_Library/src/tsl_object.o
 .debug_line    0x00000000000129e2      0x9ef ./Middlewares/ST/STM32_TouchSensing_Library/src/tsl_time.o
 .debug_line    0x00000000000133d1     0x1402 ./Middlewares/ST/STM32_TouchSensing_Library/src/tsl_touchkey.o
 .debug_line    0x00000000000147d3      0x893 ./TOUCHSENSING/App/touchsensing.o
 .debug_line    0x0000000000015066      0xa43 ./TOUCHSENSING/App/tsl_user.o

.debug_str      0x0000000000000000    0x81ef9
 .debug_str     0x0000000000000000    0x7bf36 ./Core/Src/gpio.o
                                      0x7c21d (size before relaxing)
 .debug_str     0x000000000007bf36     0x20aa ./Core/Src/main.o
                                      0x7e2c9 (size before relaxing)
 .debug_str     0x000000000007dfe0       0x2c ./Core/Src/stm32l0xx_hal_msp.o
                                      0x7c116 (size before relaxing)
 .debug_str     0x000000000007e00c      0x2c4 ./Core/Src/stm32l0xx_it.o
                                      0x7cc3d (size before relaxing)
 .debug_str     0x000000000007e2d0       0xa7 ./Core/Src/system_stm32l0xx.o
                                      0x7bea0 (size before relaxing)
 .debug_str     0x000000000007e377      0x519 ./Core/Src/tim.o
                                      0x7c75b (size before relaxing)
 .debug_str     0x000000000007e890      0x1fe ./Core/Src/tsc.o
                                      0x7c68d (size before relaxing)
 .debug_str     0x000000000007ea8e       0x34 ./Core/Startup/startup_stm32l072rbtx.o
                                         0x95 (size before relaxing)
 .debug_str     0x000000000007eac2      0x479 ./Drivers/STM32L0xx_HAL_Driver/Src/stm32l0xx_hal.o
                                      0x7c5cb (size before relaxing)
 .debug_str     0x000000000007ef3b      0x29e ./Drivers/STM32L0xx_HAL_Driver/Src/stm32l0xx_hal_cortex.o
                                      0x7c349 (size before relaxing)
 .debug_str     0x000000000007f1d9       0xfe ./Drivers/STM32L0xx_HAL_Driver/Src/stm32l0xx_hal_gpio.o
                                      0x7c032 (size before relaxing)
 .debug_str     0x000000000007f2d7      0x310 ./Drivers/STM32L0xx_HAL_Driver/Src/stm32l0xx_hal_i2c_ex.o
                                      0x7c3f6 (size before relaxing)
 .debug_str     0x000000000007f5e7      0x2ac ./Drivers/STM32L0xx_HAL_Driver/Src/stm32l0xx_hal_rcc.o
                                      0x7c3f1 (size before relaxing)
 .debug_str     0x000000000007f893      0xda8 ./Drivers/STM32L0xx_HAL_Driver/Src/stm32l0xx_hal_tim.o
                                      0x7d16a (size before relaxing)
 .debug_str     0x000000000008063b       0x57 ./Drivers/STM32L0xx_HAL_Driver/Src/stm32l0xx_hal_tim_ex.o
                                      0x7c30f (size before relaxing)
 .debug_str     0x0000000000080692      0x234 ./Drivers/STM32L0xx_HAL_Driver/Src/stm32l0xx_hal_tsc.o
                                      0x7c24d (size before relaxing)
 .debug_str     0x00000000000808c6      0x280 ./Middlewares/ST/STM32_TouchSensing_Library/src/tsl.o
                                      0x7d813 (size before relaxing)
 .debug_str     0x0000000000080b46      0x2f4 ./Middlewares/ST/STM32_TouchSensing_Library/src/tsl_acq.o
                                      0x7da76 (size before relaxing)
 .debug_str     0x0000000000080e3a       0xc9 ./Middlewares/ST/STM32_TouchSensing_Library/src/tsl_acq_tsc.o
                                      0x7da33 (size before relaxing)
 .debug_str     0x0000000000080f03      0x2a0 ./Middlewares/ST/STM32_TouchSensing_Library/src/tsl_dxs.o
                                      0x7d255 (size before relaxing)
 .debug_str     0x00000000000811a3      0x22e ./Middlewares/ST/STM32_TouchSensing_Library/src/tsl_ecs.o
                                      0x7db62 (size before relaxing)
 .debug_str     0x00000000000813d1       0x3f ./Middlewares/ST/STM32_TouchSensing_Library/src/tsl_globals.o
                                      0x7d774 (size before relaxing)
 .debug_str     0x0000000000081410       0x77 ./Middlewares/ST/STM32_TouchSensing_Library/src/tsl_object.o
                                      0x7d857 (size before relaxing)
 .debug_str     0x0000000000081487       0x7e ./Middlewares/ST/STM32_TouchSensing_Library/src/tsl_time.o
                                      0x7d83e (size before relaxing)
 .debug_str     0x0000000000081505      0x879 ./Middlewares/ST/STM32_TouchSensing_Library/src/tsl_touchkey.o
                                      0x7e116 (size before relaxing)
 .debug_str     0x0000000000081d7e       0x31 ./TOUCHSENSING/App/touchsensing.o
                                      0x7d64d (size before relaxing)
 .debug_str     0x0000000000081daf      0x14a ./TOUCHSENSING/App/tsl_user.o
                                      0x7e721 (size before relaxing)

.debug_frame    0x0000000000000000     0x1b24
 .debug_frame   0x0000000000000000       0x38 ./Core/Src/gpio.o
 .debug_frame   0x0000000000000038       0xc0 ./Core/Src/main.o
 .debug_frame   0x00000000000000f8       0x20 ./Core/Src/stm32l0xx_hal_msp.o
 .debug_frame   0x0000000000000118       0x80 ./Core/Src/stm32l0xx_it.o
 .debug_frame   0x0000000000000198       0x38 ./Core/Src/system_stm32l0xx.o
 .debug_frame   0x00000000000001d0       0x48 ./Core/Src/tim.o
 .debug_frame   0x0000000000000218       0x68 ./Core/Src/tsc.o
 .debug_frame   0x0000000000000280      0x22c ./Drivers/STM32L0xx_HAL_Driver/Src/stm32l0xx_hal.o
 .debug_frame   0x00000000000004ac      0x134 ./Drivers/STM32L0xx_HAL_Driver/Src/stm32l0xx_hal_cortex.o
 .debug_frame   0x00000000000005e0       0xc0 ./Drivers/STM32L0xx_HAL_Driver/Src/stm32l0xx_hal_gpio.o
 .debug_frame   0x00000000000006a0       0xa8 ./Drivers/STM32L0xx_HAL_Driver/Src/stm32l0xx_hal_i2c_ex.o
 .debug_frame   0x0000000000000748      0x140 ./Drivers/STM32L0xx_HAL_Driver/Src/stm32l0xx_hal_rcc.o
 .debug_frame   0x0000000000000888      0xad4 ./Drivers/STM32L0xx_HAL_Driver/Src/stm32l0xx_hal_tim.o
 .debug_frame   0x000000000000135c       0x3c ./Drivers/STM32L0xx_HAL_Driver/Src/stm32l0xx_hal_tim_ex.o
 .debug_frame   0x0000000000001398      0x184 ./Drivers/STM32L0xx_HAL_Driver/Src/stm32l0xx_hal_tsc.o
 .debug_frame   0x000000000000151c       0x28 ./Middlewares/ST/STM32_TouchSensing_Library/src/tsl.o
 .debug_frame   0x0000000000001544       0x84 ./Middlewares/ST/STM32_TouchSensing_Library/src/tsl_acq.o
 .debug_frame   0x00000000000015c8      0x108 ./Middlewares/ST/STM32_TouchSensing_Library/src/tsl_acq_tsc.o
 .debug_frame   0x00000000000016d0       0x20 ./Middlewares/ST/STM32_TouchSensing_Library/src/tsl_dxs.o
 .debug_frame   0x00000000000016f0       0x80 ./Middlewares/ST/STM32_TouchSensing_Library/src/tsl_ecs.o
 .debug_frame   0x0000000000001770       0x68 ./Middlewares/ST/STM32_TouchSensing_Library/src/tsl_object.o
 .debug_frame   0x00000000000017d8       0x50 ./Middlewares/ST/STM32_TouchSensing_Library/src/tsl_time.o
 .debug_frame   0x0000000000001828      0x1c8 ./Middlewares/ST/STM32_TouchSensing_Library/src/tsl_touchkey.o
 .debug_frame   0x00000000000019f0       0x28 ./TOUCHSENSING/App/touchsensing.o
 .debug_frame   0x0000000000001a18       0xa0 ./TOUCHSENSING/App/tsl_user.o
 .debug_frame   0x0000000000001ab8       0x20 D:/Logiciel/STM32CubeIDE_1.14.1/STM32CubeIDE/plugins/com.st.stm32cube.ide.mcu.externaltools.gnu-tools-for-stm32.11.3.rel1.win32_1.1.100.202309141235/tools/bin/../lib/gcc/arm-none-eabi/11.3.1/../../../../arm-none-eabi/lib/thumb/v6-m/nofp\libc_nano.a(libc_a-memset.o)
 .debug_frame   0x0000000000001ad8       0x2c D:/Logiciel/STM32CubeIDE_1.14.1/STM32CubeIDE/plugins/com.st.stm32cube.ide.mcu.externaltools.gnu-tools-for-stm32.11.3.rel1.win32_1.1.100.202309141235/tools/bin/../lib/gcc/arm-none-eabi/11.3.1/../../../../arm-none-eabi/lib/thumb/v6-m/nofp\libc_nano.a(libc_a-init.o)
 .debug_frame   0x0000000000001b04       0x20 D:/Logiciel/STM32CubeIDE_1.14.1/STM32CubeIDE/plugins/com.st.stm32cube.ide.mcu.externaltools.gnu-tools-for-stm32.11.3.rel1.win32_1.1.100.202309141235/tools/bin/../lib/gcc/arm-none-eabi/11.3.1/thumb/v6-m/nofp\libgcc.a(_udivsi3.o)

.debug_loclists
                0x0000000000000000     0x4ef9
 .debug_loclists
                0x0000000000000000       0xd7 ./Core/Src/main.o
 .debug_loclists
                0x00000000000000d7      0x157 ./Core/Src/system_stm32l0xx.o
 .debug_loclists
                0x000000000000022e       0x64 ./Core/Src/tsc.o
 .debug_loclists
                0x0000000000000292       0xe6 ./Drivers/STM32L0xx_HAL_Driver/Src/stm32l0xx_hal.o
 .debug_loclists
                0x0000000000000378      0x2b4 ./Drivers/STM32L0xx_HAL_Driver/Src/stm32l0xx_hal_cortex.o
 .debug_loclists
                0x000000000000062c      0x27f ./Drivers/STM32L0xx_HAL_Driver/Src/stm32l0xx_hal_gpio.o
 .debug_loclists
                0x00000000000008ab      0x148 ./Drivers/STM32L0xx_HAL_Driver/Src/stm32l0xx_hal_i2c_ex.o
 .debug_loclists
                0x00000000000009f3      0x4e1 ./Drivers/STM32L0xx_HAL_Driver/Src/stm32l0xx_hal_rcc.o
 .debug_loclists
                0x0000000000000ed4     0x3210 ./Drivers/STM32L0xx_HAL_Driver/Src/stm32l0xx_hal_tim.o
 .debug_loclists
                0x00000000000040e4       0x84 ./Drivers/STM32L0xx_HAL_Driver/Src/stm32l0xx_hal_tim_ex.o
 .debug_loclists
                0x0000000000004168      0x2c6 ./Drivers/STM32L0xx_HAL_Driver/Src/stm32l0xx_hal_tsc.o
 .debug_loclists
                0x000000000000442e       0x2b ./Middlewares/ST/STM32_TouchSensing_Library/src/tsl.o
 .debug_loclists
                0x0000000000004459      0x360 ./Middlewares/ST/STM32_TouchSensing_Library/src/tsl_acq.o
 .debug_loclists
                0x00000000000047b9      0x145 ./Middlewares/ST/STM32_TouchSensing_Library/src/tsl_acq_tsc.o
 .debug_loclists
                0x00000000000048fe      0x2d0 ./Middlewares/ST/STM32_TouchSensing_Library/src/tsl_ecs.o
 .debug_loclists
                0x0000000000004bce       0xd6 ./Middlewares/ST/STM32_TouchSensing_Library/src/tsl_object.o
 .debug_loclists
                0x0000000000004ca4      0x180 ./Middlewares/ST/STM32_TouchSensing_Library/src/tsl_time.o
 .debug_loclists
                0x0000000000004e24       0x67 ./Middlewares/ST/STM32_TouchSensing_Library/src/tsl_touchkey.o
 .debug_loclists
                0x0000000000004e8b       0x6e ./TOUCHSENSING/App/tsl_user.o

.debug_line_str
                0x0000000000000000       0x89
 .debug_line_str
                0x0000000000000000       0x89 ./Core/Startup/startup_stm32l072rbtx.o
                                         0xa1 (size before relaxing)
