../Drivers/STM32L0xx_HAL_Driver/Src/stm32l0xx_hal_tsc.c:1049:17:TSC_extract_groups	16	static
../Drivers/STM32L0xx_HAL_Driver/Src/stm32l0xx_hal_tsc.c:346:13:HAL_TSC_MspInit	0	static
../Drivers/STM32L0xx_HAL_Driver/Src/stm32l0xx_hal_tsc.c:197:19:HAL_TSC_Init	16	static
../Drivers/STM32L0xx_HAL_Driver/Src/stm32l0xx_hal_tsc.c:362:13:HAL_TSC_MspDeInit	0	static
../Drivers/STM32L0xx_HAL_Driver/Src/stm32l0xx_hal_tsc.c:303:19:HAL_TSC_DeInit	16	static
../Drivers/STM32L0xx_HAL_Driver/Src/stm32l0xx_hal_tsc.c:582:19:HAL_TSC_Start	8	static
../Drivers/STM32L0xx_HAL_Driver/Src/stm32l0xx_hal_tsc.c:625:19:HAL_TSC_Start_IT	12	static
../Drivers/STM32L0xx_HAL_Driver/Src/stm32l0xx_hal_tsc.c:679:19:HAL_TSC_Stop	12	static
../Drivers/STM32L0xx_HAL_Driver/Src/stm32l0xx_hal_tsc.c:712:19:HAL_TSC_Stop_IT	12	static
../Drivers/STM32L0xx_HAL_Driver/Src/stm32l0xx_hal_tsc.c:777:24:HAL_TSC_GroupGetStatus	0	static
../Drivers/STM32L0xx_HAL_Driver/Src/stm32l0xx_hal_tsc.c:794:10:HAL_TSC_GroupGetValue	0	static
../Drivers/STM32L0xx_HAL_Driver/Src/stm32l0xx_hal_tsc.c:829:19:HAL_TSC_IOConfig	16	static
../Drivers/STM32L0xx_HAL_Driver/Src/stm32l0xx_hal_tsc.c:869:19:HAL_TSC_IODischarge	8	static
../Drivers/STM32L0xx_HAL_Driver/Src/stm32l0xx_hal_tsc.c:918:22:HAL_TSC_GetState	8	static
../Drivers/STM32L0xx_HAL_Driver/Src/stm32l0xx_hal_tsc.c:750:19:HAL_TSC_PollForAcquisition	16	static
../Drivers/STM32L0xx_HAL_Driver/Src/stm32l0xx_hal_tsc.c:1005:13:HAL_TSC_ConvCpltCallback	0	static
../Drivers/STM32L0xx_HAL_Driver/Src/stm32l0xx_hal_tsc.c:1021:13:HAL_TSC_ErrorCallback	0	static
../Drivers/STM32L0xx_HAL_Driver/Src/stm32l0xx_hal_tsc.c:960:6:HAL_TSC_IRQHandler	8	static
