Archive member included to satisfy reference by file (symbol)

D:/Logiciel/STM32CubeIDE_1.14.1/STM32CubeIDE/plugins/com.st.stm32cube.ide.mcu.externaltools.gnu-tools-for-stm32.11.3.rel1.win32_1.1.100.202309141235/tools/bin/../lib/gcc/arm-none-eabi/11.3.1/../../../../arm-none-eabi/lib/thumb/v6-m/nofp\libc_nano.a(libc_a-exit.o)
                              D:/Logiciel/STM32CubeIDE_1.14.1/STM32CubeIDE/plugins/com.st.stm32cube.ide.mcu.externaltools.gnu-tools-for-stm32.11.3.rel1.win32_1.1.100.202309141235/tools/bin/../lib/gcc/arm-none-eabi/11.3.1/../../../../arm-none-eabi/lib/thumb/v6-m/nofp/crt0.o (exit)
D:/Logiciel/STM32CubeIDE_1.14.1/STM32CubeIDE/plugins/com.st.stm32cube.ide.mcu.externaltools.gnu-tools-for-stm32.11.3.rel1.win32_1.1.100.202309141235/tools/bin/../lib/gcc/arm-none-eabi/11.3.1/../../../../arm-none-eabi/lib/thumb/v6-m/nofp\libc_nano.a(libc_a-findfp.o)
                              D:/Logiciel/STM32CubeIDE_1.14.1/STM32CubeIDE/plugins/com.st.stm32cube.ide.mcu.externaltools.gnu-tools-for-stm32.11.3.rel1.win32_1.1.100.202309141235/tools/bin/../lib/gcc/arm-none-eabi/11.3.1/../../../../arm-none-eabi/lib/thumb/v6-m/nofp\libc_nano.a(libc_a-exit.o) (__stdio_exit_handler)
D:/Logiciel/STM32CubeIDE_1.14.1/STM32CubeIDE/plugins/com.st.stm32cube.ide.mcu.externaltools.gnu-tools-for-stm32.11.3.rel1.win32_1.1.100.202309141235/tools/bin/../lib/gcc/arm-none-eabi/11.3.1/../../../../arm-none-eabi/lib/thumb/v6-m/nofp\libc_nano.a(libc_a-fwalk.o)
                              D:/Logiciel/STM32CubeIDE_1.14.1/STM32CubeIDE/plugins/com.st.stm32cube.ide.mcu.externaltools.gnu-tools-for-stm32.11.3.rel1.win32_1.1.100.202309141235/tools/bin/../lib/gcc/arm-none-eabi/11.3.1/../../../../arm-none-eabi/lib/thumb/v6-m/nofp\libc_nano.a(libc_a-findfp.o) (_fwalk_sglue)
D:/Logiciel/STM32CubeIDE_1.14.1/STM32CubeIDE/plugins/com.st.stm32cube.ide.mcu.externaltools.gnu-tools-for-stm32.11.3.rel1.win32_1.1.100.202309141235/tools/bin/../lib/gcc/arm-none-eabi/11.3.1/../../../../arm-none-eabi/lib/thumb/v6-m/nofp\libc_nano.a(libc_a-stdio.o)
                              D:/Logiciel/STM32CubeIDE_1.14.1/STM32CubeIDE/plugins/com.st.stm32cube.ide.mcu.externaltools.gnu-tools-for-stm32.11.3.rel1.win32_1.1.100.202309141235/tools/bin/../lib/gcc/arm-none-eabi/11.3.1/../../../../arm-none-eabi/lib/thumb/v6-m/nofp\libc_nano.a(libc_a-findfp.o) (__sread)
D:/Logiciel/STM32CubeIDE_1.14.1/STM32CubeIDE/plugins/com.st.stm32cube.ide.mcu.externaltools.gnu-tools-for-stm32.11.3.rel1.win32_1.1.100.202309141235/tools/bin/../lib/gcc/arm-none-eabi/11.3.1/../../../../arm-none-eabi/lib/thumb/v6-m/nofp\libc_nano.a(libc_a-memset.o)
                              D:/Logiciel/STM32CubeIDE_1.14.1/STM32CubeIDE/plugins/com.st.stm32cube.ide.mcu.externaltools.gnu-tools-for-stm32.11.3.rel1.win32_1.1.100.202309141235/tools/bin/../lib/gcc/arm-none-eabi/11.3.1/../../../../arm-none-eabi/lib/thumb/v6-m/nofp/crt0.o (memset)
D:/Logiciel/STM32CubeIDE_1.14.1/STM32CubeIDE/plugins/com.st.stm32cube.ide.mcu.externaltools.gnu-tools-for-stm32.11.3.rel1.win32_1.1.100.202309141235/tools/bin/../lib/gcc/arm-none-eabi/11.3.1/../../../../arm-none-eabi/lib/thumb/v6-m/nofp\libc_nano.a(libc_a-closer.o)
                              D:/Logiciel/STM32CubeIDE_1.14.1/STM32CubeIDE/plugins/com.st.stm32cube.ide.mcu.externaltools.gnu-tools-for-stm32.11.3.rel1.win32_1.1.100.202309141235/tools/bin/../lib/gcc/arm-none-eabi/11.3.1/../../../../arm-none-eabi/lib/thumb/v6-m/nofp\libc_nano.a(libc_a-stdio.o) (_close_r)
D:/Logiciel/STM32CubeIDE_1.14.1/STM32CubeIDE/plugins/com.st.stm32cube.ide.mcu.externaltools.gnu-tools-for-stm32.11.3.rel1.win32_1.1.100.202309141235/tools/bin/../lib/gcc/arm-none-eabi/11.3.1/../../../../arm-none-eabi/lib/thumb/v6-m/nofp\libc_nano.a(libc_a-reent.o)
                              D:/Logiciel/STM32CubeIDE_1.14.1/STM32CubeIDE/plugins/com.st.stm32cube.ide.mcu.externaltools.gnu-tools-for-stm32.11.3.rel1.win32_1.1.100.202309141235/tools/bin/../lib/gcc/arm-none-eabi/11.3.1/../../../../arm-none-eabi/lib/thumb/v6-m/nofp\libc_nano.a(libc_a-closer.o) (errno)
D:/Logiciel/STM32CubeIDE_1.14.1/STM32CubeIDE/plugins/com.st.stm32cube.ide.mcu.externaltools.gnu-tools-for-stm32.11.3.rel1.win32_1.1.100.202309141235/tools/bin/../lib/gcc/arm-none-eabi/11.3.1/../../../../arm-none-eabi/lib/thumb/v6-m/nofp\libc_nano.a(libc_a-impure.o)
                              D:/Logiciel/STM32CubeIDE_1.14.1/STM32CubeIDE/plugins/com.st.stm32cube.ide.mcu.externaltools.gnu-tools-for-stm32.11.3.rel1.win32_1.1.100.202309141235/tools/bin/../lib/gcc/arm-none-eabi/11.3.1/../../../../arm-none-eabi/lib/thumb/v6-m/nofp\libc_nano.a(libc_a-reent.o) (_impure_ptr)
D:/Logiciel/STM32CubeIDE_1.14.1/STM32CubeIDE/plugins/com.st.stm32cube.ide.mcu.externaltools.gnu-tools-for-stm32.11.3.rel1.win32_1.1.100.202309141235/tools/bin/../lib/gcc/arm-none-eabi/11.3.1/../../../../arm-none-eabi/lib/thumb/v6-m/nofp\libc_nano.a(libc_a-lseekr.o)
[...]
Memory Configuration

Name             Origin             Length             Attributes
RAM              0x0000000020000000 0x0000000000005000 xrw
FLASH            0x0000000008000000 0x0000000000030000 xr
*default*        0x0000000000000000 0xffffffffffffffff

Linker script and memory map

LOAD D:/Logiciel/STM32CubeIDE_1.14.1/STM32CubeIDE/plugins/com.st.stm32cube.ide.mcu.externaltools.gnu-tools-for-stm32.11.3.rel1.win32_1.1.100.202309141235/tools/bin/../lib/gcc/arm-none-eabi/11.3.1/thumb/v6-m/nofp/crti.o
LOAD D:/Logiciel/STM32CubeIDE_1.14.1/STM32CubeIDE/plugins/com.st.stm32cube.ide.mcu.externaltools.gnu-tools-for-stm32.11.3.rel1.win32_1.1.100.202309141235/tools/bin/../lib/gcc/arm-none-eabi/11.3.1/thumb/v6-m/nofp/crtbegin.o
LOAD D:/Logiciel/STM32CubeIDE_1.14.1/STM32CubeIDE/plugins/com.st.stm32cube.ide.mcu.externaltools.gnu-tools-for-stm32.11.3.rel1.win32_1.1.100.202309141235/tools/bin/../lib/gcc/arm-none-eabi/11.3.1/../../../../arm-none-eabi/lib/thumb/v6-m/nofp/crt0.o
LOAD ./Core/Src/gpio.o
LOAD ./Core/Src/main.o
LOAD ./Core/Src/stm32l0xx_hal_msp.o
LOAD ./Core/Src/stm32l0xx_it.o
LOAD ./Core/Src/syscalls.o
LOAD ./Core/Src/sysmem.o
LOAD ./Core/Src/system_stm32l0xx.o
LOAD ./Core/Src/tsc.o
LOAD ./Core/Startup/startup_stm32l072czux.o
LOAD ./Drivers/STM32L0xx_HAL_Driver/Src/stm32l0xx_hal.o
LOAD ./Drivers/STM32L0xx_HAL_Driver/Src/stm32l0xx_hal_cortex.o
LOAD ./Drivers/STM32L0xx_HAL_Driver/Src/stm32l0xx_hal_dma.o
LOAD ./Drivers/STM32L0xx_HAL_Driver/Src/stm32l0xx_hal_exti.o
LOAD ./Drivers/STM32L0xx_HAL_Driver/Src/stm32l0xx_hal_flash.o
LOAD ./Drivers/STM32L0xx_HAL_Driver/Src/stm32l0xx_hal_flash_ex.o
LOAD ./Drivers/STM32L0xx_HAL_Driver/Src/stm32l0xx_hal_flash_ramfunc.o
LOAD ./Drivers/STM32L0xx_HAL_Driver/Src/stm32l0xx_hal_gpio.o
LOAD ./Drivers/STM32L0xx_HAL_Driver/Src/stm32l0xx_hal_i2c.o
LOAD ./Drivers/STM32L0xx_HAL_Driver/Src/stm32l0xx_hal_i2c_ex.o
LOAD ./Drivers/STM32L0xx_HAL_Driver/Src/stm32l0xx_hal_pwr.o
LOAD ./Drivers/STM32L0xx_HAL_Driver/Src/stm32l0xx_hal_pwr_ex.o
LOAD ./Drivers/STM32L0xx_HAL_Driver/Src/stm32l0xx_hal_rcc.o
LOAD ./Drivers/STM32L0xx_HAL_Driver/Src/stm32l0xx_hal_rcc_ex.o
LOAD ./Drivers/STM32L0xx_HAL_Driver/Src/stm32l0xx_hal_tim.o
LOAD ./Drivers/STM32L0xx_HAL_Driver/Src/stm32l0xx_hal_tim_ex.o
LOAD ./Drivers/STM32L0xx_HAL_Driver/Src/stm32l0xx_hal_tsc.o
LOAD ./Middlewares/ST/STM32_TouchSensing_Library/src/tsl.o
LOAD ./Middlewares/ST/STM32_TouchSensing_Library/src/tsl_acq.o
LOAD ./Middlewares/ST/STM32_TouchSensing_Library/src/tsl_acq_tsc.o
LOAD ./Middlewares/ST/STM32_TouchSensing_Library/src/tsl_dxs.o
LOAD ./Middlewares/ST/STM32_TouchSensing_Library/src/tsl_ecs.o
LOAD ./Middlewares/ST/STM32_TouchSensing_Library/src/tsl_filter.o
LOAD ./Middlewares/ST/STM32_TouchSensing_Library/src/tsl_globals.o
LOAD ./Middlewares/ST/STM32_TouchSensing_Library/src/tsl_linrot.o
LOAD ./Middlewares/ST/STM32_TouchSensing_Library/src/tsl_object.o
LOAD ./Middlewares/ST/STM32_TouchSensing_Library/src/tsl_time.o
LOAD ./Middlewares/ST/STM32_TouchSensing_Library/src/tsl_touchkey.o
LOAD ./TOUCHSENSING/App/stmCriticalSection.o
LOAD ./TOUCHSENSING/App/touchsensing.o
LOAD ./TOUCHSENSING/App/tsl_user.o
START GROUP
LOAD D:/Logiciel/STM32CubeIDE_1.14.1/STM32CubeIDE/plugins/com.st.stm32cube.ide.mcu.externaltools.gnu-tools-for-stm32.11.3.rel1.win32_1.1.100.202309141235/tools/bin/../lib/gcc/arm-none-eabi/11.3.1/../../../../arm-none-eabi/lib/thumb/v6-m/nofp\libc_nano.a
LOAD D:/Logiciel/STM32CubeIDE_1.14.1/STM32CubeIDE/plugins/com.st.stm32cube.ide.mcu.externaltools.gnu-tools-for-stm32.11.3.rel1.win32_1.1.100.202309141235/tools/bin/../lib/gcc/arm-none-eabi/11.3.1/../../../../arm-none-eabi/lib/thumb/v6-m/nofp\libm.a
END GROUP
START GROUP
LOAD D:/Logiciel/STM32CubeIDE_1.14.1/STM32CubeIDE/plugins/com.st.stm32cube.ide.mcu.externaltools.gnu-tools-for-stm32.11.3.rel1.win32_1.1.100.202309141235/tools/bin/../lib/gcc/arm-none-eabi/11.3.1/thumb/v6-m/nofp\libgcc.a
LOAD D:/Logiciel/STM32CubeIDE_1.14.1/STM32CubeIDE/plugins/com.st.stm32cube.ide.mcu.externaltools.gnu-tools-for-stm32.11.3.rel1.win32_1.1.100.202309141235/tools/bin/../lib/gcc/arm-none-eabi/11.3.1/../../../../arm-none-eabi/lib/thumb/v6-m/nofp\libc_nano.a
END GROUP
START GROUP
LOAD D:/Logiciel/STM32CubeIDE_1.14.1/STM32CubeIDE/plugins/com.st.stm32cube.ide.mcu.externaltools.gnu-tools-for-stm32.11.3.rel1.win32_1.1.100.202309141235/tools/bin/../lib/gcc/arm-none-eabi/11.3.1/thumb/v6-m/nofp\libgcc.a
LOAD D:/Logiciel/STM32CubeIDE_1.14.1/STM32CubeIDE/plugins/com.st.stm32cube.ide.mcu.externaltools.gnu-tools-for-stm32.11.3.rel1.win32_1.1.100.202309141235/tools/bin/../lib/gcc/arm-none-eabi/11.3.1/../../../../arm-none-eabi/lib/thumb/v6-m/nofp\libc_nano.a
LOAD D:/Logiciel/STM32CubeIDE_1.14.1/STM32CubeIDE/plugins/com.st.stm32cube.ide.mcu.externaltools.gnu-tools-for-stm32.11.3.rel1.win32_1.1.100.202309141235/tools/bin/../lib/gcc/arm-none-eabi/11.3.1/../../../../arm-none-eabi/lib/thumb/v6-m/nofp\libnosys.a
END GROUP
START GROUP
LOAD D:/Logiciel/STM32CubeIDE_1.14.1/STM32CubeIDE/plugins/com.st.stm32cube.ide.mcu.externaltools.gnu-tools-for-stm32.11.3.rel1.win32_1.1.100.202309141235/tools/bin/../lib/gcc/arm-none-eabi/11.3.1/thumb/v6-m/nofp\libgcc.a
LOAD D:/Logiciel/STM32CubeIDE_1.14.1/STM32CubeIDE/plugins/com.st.stm32cube.ide.mcu.externaltools.gnu-tools-for-stm32.11.3.rel1.win32_1.1.100.202309141235/tools/bin/../lib/gcc/arm-none-eabi/11.3.1/../../../../arm-none-eabi/lib/thumb/v6-m/nofp\libc_nano.a
LOAD D:/Logiciel/STM32CubeIDE_1.14.1/STM32CubeIDE/plugins/com.st.stm32cube.ide.mcu.externaltools.gnu-tools-for-stm32.11.3.rel1.win32_1.1.100.202309141235/tools/bin/../lib/gcc/arm-none-eabi/11.3.1/../../../../arm-none-eabi/lib/thumb/v6-m/nofp\libnosys.a
END GROUP
LOAD D:/Logiciel/STM32CubeIDE_1.14.1/STM32CubeIDE/plugins/com.st.stm32cube.ide.mcu.externaltools.gnu-tools-for-stm32.11.3.rel1.win32_1.1.100.202309141235/tools/bin/../lib/gcc/arm-none-eabi/11.3.1/thumb/v6-m/nofp/crtend.o
LOAD D:/Logiciel/STM32CubeIDE_1.14.1/STM32CubeIDE/plugins/com.st.stm32cube.ide.mcu.externaltools.gnu-tools-for-stm32.11.3.rel1.win32_1.1.100.202309141235/tools/bin/../lib/gcc/arm-none-eabi/11.3.1/thumb/v6-m/nofp/crtn.o
                0x0000000020005000                _estack = (ORIGIN (RAM) + LENGTH (RAM))
                0x0000000000000200                _Min_Heap_Size = 0x200
                0x0000000000000400                _Min_Stack_Size = 0x400

.isr_vector     0x0000000008000000       0xc0
                0x0000000008000000                . = ALIGN (0x4)
 *(.isr_vector)
 .isr_vector    0x0000000008000000       0xc0 ./Core/Startup/startup_stm32l072czux.o
                0x0000000008000000                g_pfnVectors
                0x00000000080000c0                . = ALIGN (0x4)

.text           0x00000000080000c0     0x5a84
                0x00000000080000c0                . = ALIGN (0x4)
 *(.text)
 .text          0x00000000080000c0       0x48 D:/Logiciel/STM32CubeIDE_1.14.1/STM32CubeIDE/plugins/com.st.stm32cube.ide.mcu.externaltools.gnu-tools-for-stm32.11.3.rel1.win32_1.1.100.202309141235/tools/bin/../lib/gcc/arm-none-eabi/11.3.1/thumb/v6-m/nofp/crtbegin.o
 .text          0x0000000008000108      0x114 D:/Logiciel/STM32CubeIDE_1.14.1/STM32CubeIDE/plugins/com.st.stm32cube.ide.mcu.externaltools.gnu-tools-for-stm32.11.3.rel1.win32_1.1.100.202309141235/tools/bin/../lib/gcc/arm-none-eabi/11.3.1/thumb/v6-m/nofp\libgcc.a(_udivsi3.o)
                0x0000000008000108                __aeabi_uidiv
                0x0000000008000108                __udivsi3
                0x0000000008000214                __aeabi_uidivmod
 .text          0x000000000800021c        0x4 D:/Logiciel/STM32CubeIDE_1.14.1/STM32CubeIDE/plugins/com.st.stm32cube.ide.mcu.externaltools.gnu-tools-for-stm32.11.3.rel1.win32_1.1.100.202309141235/tools/bin/../lib/gcc/arm-none-eabi/11.3.1/thumb/v6-m/nofp\libgcc.a(_dvmd_tls.o)
                0x000000000800021c                __aeabi_idiv0
                0x000000000800021c                __aeabi_ldiv0
 *(.text*)
 .text.MX_GPIO_Init
                0x0000000008000220       0xc4 ./Core/Src/gpio.o
                0x0000000008000220                MX_GPIO_Init
 .text.main     0x00000000080002e4      0x16c ./Core/Src/main.o
                0x00000000080002e4                main
 .text.SystemClock_Config
                0x0000000008000450       0xb8 ./Core/Src/main.o
                0x0000000008000450                SystemClock_Config
 .text.LEDP     0x0000000008000508     0x2368 ./Core/Src/main.o
                0x0000000008000508                LEDP
 .text.LED_Field
                0x0000000008002870       0x42 ./Core/Src/main.o
                0x0000000008002870                LED_Field
 *fill*         0x00000000080028b2        0x2 
 .text.LED_OFF  0x00000000080028b4       0x98 ./Core/Src/main.o
                0x00000000080028b4                LED_OFF
 .text.LED_MODE
                0x000000000800294c       0x5c ./Core/Src/main.o
                0x000000000800294c                LED_MODE
 .text.Error_Handler
                0x00000000080029a8        0xa ./Core/Src/main.o
                0x00000000080029a8                Error_Handler
 *fill*         0x00000000080029b2        0x2 
 .text.HAL_MspInit
                0x00000000080029b4       0x28 ./Core/Src/stm32l0xx_hal_msp.o
                0x00000000080029b4                HAL_MspInit
 .text.NMI_Handler
                0x00000000080029dc        0x6 ./Core/Src/stm32l0xx_it.o
                0x00000000080029dc                NMI_Handler
 .text.HardFault_Handler
                0x00000000080029e2        0x6 ./Core/Src/stm32l0xx_it.o
                0x00000000080029e2                HardFault_Handler
 .text.SVC_Handler
                0x00000000080029e8        0xa ./Core/Src/stm32l0xx_it.o
                0x00000000080029e8                SVC_Handler
 .text.PendSV_Handler
                0x00000000080029f2        0xa ./Core/Src/stm32l0xx_it.o
                0x00000000080029f2                PendSV_Handler
 .text.SysTick_Handler
                0x00000000080029fc       0x12 ./Core/Src/stm32l0xx_it.o
                0x00000000080029fc                SysTick_Handler
 *fill*         0x0000000008002a0e        0x2 
 .text.TSC_IRQHandler
                0x0000000008002a10       0x18 ./Core/Src/stm32l0xx_it.o
                0x0000000008002a10                TSC_IRQHandler
 .text.SystemInit
                0x0000000008002a28        0xa ./Core/Src/system_stm32l0xx.o
                0x0000000008002a28                SystemInit
 *fill*         0x0000000008002a32        0x2 
 .text.MX_TSC_Init
                0x0000000008002a34       0x8c ./Core/Src/tsc.o
                0x0000000008002a34                MX_TSC_Init
 .text.HAL_TSC_MspInit
                0x0000000008002ac0      0x14c ./Core/Src/tsc.o
                0x0000000008002ac0                HAL_TSC_MspInit
 .text.Reset_Handler
                0x0000000008002c0c       0x50 ./Core/Startup/startup_stm32l072czux.o
                0x0000000008002c0c                Reset_Handler
 .text.Default_Handler
                0x0000000008002c5c        0x2 ./Core/Startup/startup_stm32l072czux.o
                0x0000000008002c5c                ADC1_COMP_IRQHandler
                0x0000000008002c5c                PVD_IRQHandler
                0x0000000008002c5c                I2C1_IRQHandler
                0x0000000008002c5c                RCC_CRS_IRQHandler
                0x0000000008002c5c                SPI1_IRQHandler
                0x0000000008002c5c                TIM6_DAC_IRQHandler
                0x0000000008002c5c                EXTI2_3_IRQHandler
                0x0000000008002c5c                I2C2_IRQHandler
                0x0000000008002c5c                RTC_IRQHandler
                0x0000000008002c5c                DMA1_Channel4_5_6_7_IRQHandler
                0x0000000008002c5c                TIM3_IRQHandler
                0x0000000008002c5c                EXTI4_15_IRQHandler
                0x0000000008002c5c                DMA1_Channel1_IRQHandler
                0x0000000008002c5c                USART4_5_IRQHandler
                0x0000000008002c5c                Default_Handler
                0x0000000008002c5c                TIM22_IRQHandler
                0x0000000008002c5c                TIM7_IRQHandler
                0x0000000008002c5c                EXTI0_1_IRQHandler
                0x0000000008002c5c                USB_IRQHandler
                0x0000000008002c5c                I2C3_IRQHandler
                0x0000000008002c5c                SPI2_IRQHandler
                0x0000000008002c5c                TIM21_IRQHandler
                0x0000000008002c5c                WWDG_IRQHandler
                0x0000000008002c5c                TIM2_IRQHandler
                0x0000000008002c5c                DMA1_Channel2_3_IRQHandler
                0x0000000008002c5c                USART2_IRQHandler
                0x0000000008002c5c                FLASH_IRQHandler
                0x0000000008002c5c                USART1_IRQHandler
                0x0000000008002c5c                RNG_LPUART1_IRQHandler
                0x0000000008002c5c                LPTIM1_IRQHandler
 *fill*         0x0000000008002c5e        0x2 
 .text.HAL_Init
                0x0000000008002c60       0x40 ./Drivers/STM32L0xx_HAL_Driver/Src/stm32l0xx_hal.o
                0x0000000008002c60                HAL_Init
 .text.HAL_InitTick
                0x0000000008002ca0       0x68 ./Drivers/STM32L0xx_HAL_Driver/Src/stm32l0xx_hal.o
                0x0000000008002ca0                HAL_InitTick
 .text.HAL_IncTick
                0x0000000008002d08       0x24 ./Drivers/STM32L0xx_HAL_Driver/Src/stm32l0xx_hal.o
                0x0000000008002d08                HAL_IncTick
 .text.HAL_GetTick
                0x0000000008002d2c       0x14 ./Drivers/STM32L0xx_HAL_Driver/Src/stm32l0xx_hal.o
                0x0000000008002d2c                HAL_GetTick
 .text.HAL_Delay
                0x0000000008002d40       0x48 ./Drivers/STM32L0xx_HAL_Driver/Src/stm32l0xx_hal.o
                0x0000000008002d40                HAL_Delay
 .text.__NVIC_EnableIRQ
                0x0000000008002d88       0x34 ./Drivers/STM32L0xx_HAL_Driver/Src/stm32l0xx_hal_cortex.o
 .text.__NVIC_SetPriority
                0x0000000008002dbc       0xdc ./Drivers/STM32L0xx_HAL_Driver/Src/stm32l0xx_hal_cortex.o
 .text.SysTick_Config
                0x0000000008002e98       0x48 ./Drivers/STM32L0xx_HAL_Driver/Src/stm32l0xx_hal_cortex.o
 .text.HAL_NVIC_SetPriority
                0x0000000008002ee0       0x2a ./Drivers/STM32L0xx_HAL_Driver/Src/stm32l0xx_hal_cortex.o
                0x0000000008002ee0                HAL_NVIC_SetPriority
 .text.HAL_NVIC_EnableIRQ
                0x0000000008002f0a       0x20 ./Drivers/STM32L0xx_HAL_Driver/Src/stm32l0xx_hal_cortex.o
                0x0000000008002f0a                HAL_NVIC_EnableIRQ
 .text.HAL_SYSTICK_Config
                0x0000000008002f2a       0x1a ./Drivers/STM32L0xx_HAL_Driver/Src/stm32l0xx_hal_cortex.o
                0x0000000008002f2a                HAL_SYSTICK_Config
 .text.HAL_GPIO_Init
                0x0000000008002f44      0x2fc ./Drivers/STM32L0xx_HAL_Driver/Src/stm32l0xx_hal_gpio.o
                0x0000000008002f44                HAL_GPIO_Init
 .text.HAL_GPIO_WritePin
                0x0000000008003240       0x3a ./Drivers/STM32L0xx_HAL_Driver/Src/stm32l0xx_hal_gpio.o
                0x0000000008003240                HAL_GPIO_WritePin
 *fill*         0x000000000800327a        0x2 
 .text.HAL_RCC_OscConfig
                0x000000000800327c      0x7a8 ./Drivers/STM32L0xx_HAL_Driver/Src/stm32l0xx_hal_rcc.o
                0x000000000800327c                HAL_RCC_OscConfig
 .text.HAL_RCC_ClockConfig
                0x0000000008003a24      0x290 ./Drivers/STM32L0xx_HAL_Driver/Src/stm32l0xx_hal_rcc.o
                0x0000000008003a24                HAL_RCC_ClockConfig
 .text.HAL_RCC_GetSysClockFreq
                0x0000000008003cb4      0x10c ./Drivers/STM32L0xx_HAL_Driver/Src/stm32l0xx_hal_rcc.o
                0x0000000008003cb4                HAL_RCC_GetSysClockFreq
 .text.HAL_TSC_Init
                0x0000000008003dc0      0x104 ./Drivers/STM32L0xx_HAL_Driver/Src/stm32l0xx_hal_tsc.o
                0x0000000008003dc0                HAL_TSC_Init
 .text.HAL_TSC_IRQHandler
                0x0000000008003ec4       0x5e ./Drivers/STM32L0xx_HAL_Driver/Src/stm32l0xx_hal_tsc.o
                0x0000000008003ec4                HAL_TSC_IRQHandler
 .text.HAL_TSC_ErrorCallback
                0x0000000008003f22       0x10 ./Drivers/STM32L0xx_HAL_Driver/Src/stm32l0xx_hal_tsc.o
                0x0000000008003f22                HAL_TSC_ErrorCallback
 .text.TSC_extract_groups
                0x0000000008003f32       0x46 ./Drivers/STM32L0xx_HAL_Driver/Src/stm32l0xx_hal_tsc.o
 .text.TSL_Init
                0x0000000008003f78       0x5c ./Middlewares/ST/STM32_TouchSensing_Library/src/tsl.o
                0x0000000008003f78                TSL_Init
 .text.TSL_acq_BankGetResult
                0x0000000008003fd4      0x324 ./Middlewares/ST/STM32_TouchSensing_Library/src/tsl_acq.o
                0x0000000008003fd4                TSL_acq_BankGetResult
 .text.TSL_acq_BankConfig
                0x00000000080042f8       0xd8 ./Middlewares/ST/STM32_TouchSensing_Library/src/tsl_acq_tsc.o
                0x00000000080042f8                TSL_acq_BankConfig
 .text.TSL_acq_BankStartAcq_IT
                0x00000000080043d0       0x40 ./Middlewares/ST/STM32_TouchSensing_Library/src/tsl_acq_tsc.o
                0x00000000080043d0                TSL_acq_BankStartAcq_IT
 .text.TSL_acq_GetMeas
                0x0000000008004410       0x38 ./Middlewares/ST/STM32_TouchSensing_Library/src/tsl_acq_tsc.o
                0x0000000008004410                TSL_acq_GetMeas
 .text.TSL_acq_ComputeDelta
                0x0000000008004448       0x28 ./Middlewares/ST/STM32_TouchSensing_Library/src/tsl_acq_tsc.o
                0x0000000008004448                TSL_acq_ComputeDelta
 .text.TSL_acq_ComputeMeas
                0x0000000008004470       0x26 ./Middlewares/ST/STM32_TouchSensing_Library/src/tsl_acq_tsc.o
                0x0000000008004470                TSL_acq_ComputeMeas
 .text.TSL_acq_CheckNoise
                0x0000000008004496        0xc ./Middlewares/ST/STM32_TouchSensing_Library/src/tsl_acq_tsc.o
                0x0000000008004496                TSL_acq_CheckNoise
 .text.TSL_acq_UseFilter
                0x00000000080044a2       0x12 ./Middlewares/ST/STM32_TouchSensing_Library/src/tsl_acq_tsc.o
                0x00000000080044a2                TSL_acq_UseFilter
 .text.TSL_acq_TestReferenceOutOfRange
                0x00000000080044b4       0x12 ./Middlewares/ST/STM32_TouchSensing_Library/src/tsl_acq_tsc.o
                0x00000000080044b4                TSL_acq_TestReferenceOutOfRange
 .text.TSL_acq_TestFirstReferenceIsValid
                0x00000000080044c6       0x18 ./Middlewares/ST/STM32_TouchSensing_Library/src/tsl_acq_tsc.o
                0x00000000080044c6                TSL_acq_TestFirstReferenceIsValid
 .text.SoftDelay
                0x00000000080044de       0x24 ./Middlewares/ST/STM32_TouchSensing_Library/src/tsl_acq_tsc.o
 .text.TSL_dxs_FirstObj
                0x0000000008004502       0x10 ./Middlewares/ST/STM32_TouchSensing_Library/src/tsl_dxs.o
                0x0000000008004502                TSL_dxs_FirstObj
 *fill*         0x0000000008004512        0x2 
 .text.TSL_ecs_CalcK
                0x0000000008004514      0x1a0 ./Middlewares/ST/STM32_TouchSensing_Library/src/tsl_ecs.o
                0x0000000008004514                TSL_ecs_CalcK
 .text.TSL_ecs_ProcessK
                0x00000000080046b4      0x174 ./Middlewares/ST/STM32_TouchSensing_Library/src/tsl_ecs.o
                0x00000000080046b4                TSL_ecs_ProcessK
 .text.TSL_ecs_Process
                0x0000000008004828       0xe0 ./Middlewares/ST/STM32_TouchSensing_Library/src/tsl_ecs.o
                0x0000000008004828                TSL_ecs_Process
 .text.TSL_obj_GroupInit
                0x0000000008004908       0xb8 ./Middlewares/ST/STM32_TouchSensing_Library/src/tsl_object.o
                0x0000000008004908                TSL_obj_GroupInit
 .text.TSL_obj_GroupProcess
                0x00000000080049c0       0xb8 ./Middlewares/ST/STM32_TouchSensing_Library/src/tsl_object.o
                0x00000000080049c0                TSL_obj_GroupProcess
 .text.TSL_obj_SetGlobalObj
                0x0000000008004a78       0x30 ./Middlewares/ST/STM32_TouchSensing_Library/src/tsl_object.o
                0x0000000008004a78                TSL_obj_SetGlobalObj
 .text.TSL_tim_ProcessIT
                0x0000000008004aa8       0x58 ./Middlewares/ST/STM32_TouchSensing_Library/src/tsl_time.o
                0x0000000008004aa8                TSL_tim_ProcessIT
 .text.TSL_tim_CheckDelay_ms
                0x0000000008004b00       0xbc ./Middlewares/ST/STM32_TouchSensing_Library/src/tsl_time.o
                0x0000000008004b00                TSL_tim_CheckDelay_ms
 .text.TSL_tkey_Init
                0x0000000008004bbc       0x78 ./Middlewares/ST/STM32_TouchSensing_Library/src/tsl_touchkey.o
                0x0000000008004bbc                TSL_tkey_Init
 .text.TSL_tkey_Process
                0x0000000008004c34       0x98 ./Middlewares/ST/STM32_TouchSensing_Library/src/tsl_touchkey.o
                0x0000000008004c34                TSL_tkey_Process
 .text.TSL_tkey_SetStateCalibration
                0x0000000008004ccc       0x94 ./Middlewares/ST/STM32_TouchSensing_Library/src/tsl_touchkey.o
                0x0000000008004ccc                TSL_tkey_SetStateCalibration
 .text.TSL_tkey_GetStateMask
                0x0000000008004d60       0x40 ./Middlewares/ST/STM32_TouchSensing_Library/src/tsl_touchkey.o
                0x0000000008004d60                TSL_tkey_GetStateMask
 .text.TSL_tkey_DebReleaseProxStateProcess
                0x0000000008004da0       0x84 ./Middlewares/ST/STM32_TouchSensing_Library/src/tsl_touchkey.o
                0x0000000008004da0                TSL_tkey_DebReleaseProxStateProcess
 .text.TSL_tkey_DebReleaseDetectStateProcess
                0x0000000008004e24       0xa8 ./Middlewares/ST/STM32_TouchSensing_Library/src/tsl_touchkey.o
                0x0000000008004e24                TSL_tkey_DebReleaseDetectStateProcess
 .text.TSL_tkey_DebReleaseTouchStateProcess
                0x0000000008004ecc       0xa8 ./Middlewares/ST/STM32_TouchSensing_Library/src/tsl_touchkey.o
                0x0000000008004ecc                TSL_tkey_DebReleaseTouchStateProcess
 .text.TSL_tkey_ReleaseStateProcess
                0x0000000008004f74      0x138 ./Middlewares/ST/STM32_TouchSensing_Library/src/tsl_touchkey.o
                0x0000000008004f74                TSL_tkey_ReleaseStateProcess
 .text.TSL_tkey_DebCalibrationStateProcess
                0x00000000080050ac       0x84 ./Middlewares/ST/STM32_TouchSensing_Library/src/tsl_touchkey.o
                0x00000000080050ac                TSL_tkey_DebCalibrationStateProcess
 .text.TSL_tkey_CalibrationStateProcess
                0x0000000008005130      0x14c ./Middlewares/ST/STM32_TouchSensing_Library/src/tsl_touchkey.o
                0x0000000008005130                TSL_tkey_CalibrationStateProcess
 .text.TSL_tkey_DebProxStateProcess
                0x000000000800527c       0xd0 ./Middlewares/ST/STM32_TouchSensing_Library/src/tsl_touchkey.o
                0x000000000800527c                TSL_tkey_DebProxStateProcess
 .text.TSL_tkey_DebProxDetectStateProcess
                0x000000000800534c       0xd0 ./Middlewares/ST/STM32_TouchSensing_Library/src/tsl_touchkey.o
                0x000000000800534c                TSL_tkey_DebProxDetectStateProcess
 .text.TSL_tkey_DebProxTouchStateProcess
                0x000000000800541c       0xd0 ./Middlewares/ST/STM32_TouchSensing_Library/src/tsl_touchkey.o
                0x000000000800541c                TSL_tkey_DebProxTouchStateProcess
 .text.TSL_tkey_ProxStateProcess
                0x00000000080054ec       0xf0 ./Middlewares/ST/STM32_TouchSensing_Library/src/tsl_touchkey.o
                0x00000000080054ec                TSL_tkey_ProxStateProcess
 .text.TSL_tkey_DebDetectStateProcess
                0x00000000080055dc       0xd0 ./Middlewares/ST/STM32_TouchSensing_Library/src/tsl_touchkey.o
                0x00000000080055dc                TSL_tkey_DebDetectStateProcess
 .text.TSL_tkey_DetectStateProcess
                0x00000000080056ac       0xf0 ./Middlewares/ST/STM32_TouchSensing_Library/src/tsl_touchkey.o
                0x00000000080056ac                TSL_tkey_DetectStateProcess
 .text.TSL_tkey_TouchStateProcess
                0x000000000800579c       0xf0 ./Middlewares/ST/STM32_TouchSensing_Library/src/tsl_touchkey.o
                0x000000000800579c                TSL_tkey_TouchStateProcess
 .text.TSL_tkey_DebErrorStateProcess
                0x000000000800588c       0xcc ./Middlewares/ST/STM32_TouchSensing_Library/src/tsl_touchkey.o
                0x000000000800588c                TSL_tkey_DebErrorStateProcess
 .text.MX_TOUCHSENSING_Init
                0x0000000008005958        0xe ./TOUCHSENSING/App/touchsensing.o
                0x0000000008005958                MX_TOUCHSENSING_Init
 *fill*         0x0000000008005966        0x2 
 .text.tsl_user_Init
                0x0000000008005968       0x28 ./TOUCHSENSING/App/tsl_user.o
                0x0000000008005968                tsl_user_Init
 .text.HAL_TSC_ConvCpltCallback
                0x0000000008005990       0x5c ./TOUCHSENSING/App/tsl_user.o
                0x0000000008005990                HAL_TSC_ConvCpltCallback
 .text.tsl_user_Exec_IT
                0x00000000080059ec       0xc8 ./TOUCHSENSING/App/tsl_user.o
                0x00000000080059ec                tsl_user_Exec_IT
 .text.tsl_user_SetThresholds
                0x0000000008005ab4        0xa ./TOUCHSENSING/App/tsl_user.o
                0x0000000008005ab4                tsl_user_SetThresholds
 .text.MyTKeys_ErrorStateProcess
                0x0000000008005abe        0xa ./TOUCHSENSING/App/tsl_user.o
                0x0000000008005abe                MyTKeys_ErrorStateProcess
 .text.MyTKeys_OffStateProcess
                0x0000000008005ac8        0xa ./TOUCHSENSING/App/tsl_user.o
                0x0000000008005ac8                MyTKeys_OffStateProcess
 .text.memset   0x0000000008005ad2       0x10 D:/Logiciel/STM32CubeIDE_1.14.1/STM32CubeIDE/plugins/com.st.stm32cube.ide.mcu.externaltools.gnu-tools-for-stm32.11.3.rel1.win32_1.1.100.202309141235/tools/bin/../lib/gcc/arm-none-eabi/11.3.1/../../../../arm-none-eabi/lib/thumb/v6-m/nofp\libc_nano.a(libc_a-memset.o)
                0x0000000008005ad2                memset
 *fill*         0x0000000008005ae2        0x2 
 .text.__libc_init_array
                0x0000000008005ae4       0x48 D:/Logiciel/STM32CubeIDE_1.14.1/STM32CubeIDE/plugins/com.st.stm32cube.ide.mcu.externaltools.gnu-tools-for-stm32.11.3.rel1.win32_1.1.100.202309141235/tools/bin/../lib/gcc/arm-none-eabi/11.3.1/../../../../arm-none-eabi/lib/thumb/v6-m/nofp\libc_nano.a(libc_a-init.o)
                0x0000000008005ae4                __libc_init_array
 *(.glue_7)
 .glue_7        0x0000000008005b2c        0x0 linker stubs
 *(.glue_7t)
 .glue_7t       0x0000000008005b2c        0x0 linker stubs
 *(.eh_frame)
 .eh_frame      0x0000000008005b2c        0x0 D:/Logiciel/STM32CubeIDE_1.14.1/STM32CubeIDE/plugins/com.st.stm32cube.ide.mcu.externaltools.gnu-tools-for-stm32.11.3.rel1.win32_1.1.100.202309141235/tools/bin/../lib/gcc/arm-none-eabi/11.3.1/thumb/v6-m/nofp/crtbegin.o
 *(.init)
 .init          0x0000000008005b2c        0x4 D:/Logiciel/STM32CubeIDE_1.14.1/STM32CubeIDE/plugins/com.st.stm32cube.ide.mcu.externaltools.gnu-tools-for-stm32.11.3.rel1.win32_1.1.100.202309141235/tools/bin/../lib/gcc/arm-none-eabi/11.3.1/thumb/v6-m/nofp/crti.o
                0x0000000008005b2c                _init
 .init          0x0000000008005b30        0x8 D:/Logiciel/STM32CubeIDE_1.14.1/STM32CubeIDE/plugins/com.st.stm32cube.ide.mcu.externaltools.gnu-tools-for-stm32.11.3.rel1.win32_1.1.100.202309141235/tools/bin/../lib/gcc/arm-none-eabi/11.3.1/thumb/v6-m/nofp/crtn.o
 *(.fini)
 .fini          0x0000000008005b38        0x4 D:/Logiciel/STM32CubeIDE_1.14.1/STM32CubeIDE/plugins/com.st.stm32cube.ide.mcu.externaltools.gnu-tools-for-stm32.11.3.rel1.win32_1.1.100.202309141235/tools/bin/../lib/gcc/arm-none-eabi/11.3.1/thumb/v6-m/nofp/crti.o
                0x0000000008005b38                _fini
 .fini          0x0000000008005b3c        0x8 D:/Logiciel/STM32CubeIDE_1.14.1/STM32CubeIDE/plugins/com.st.stm32cube.ide.mcu.externaltools.gnu-tools-for-stm32.11.3.rel1.win32_1.1.100.202309141235/tools/bin/../lib/gcc/arm-none-eabi/11.3.1/thumb/v6-m/nofp/crtn.o
                0x0000000008005b44                . = ALIGN (0x4)
                0x0000000008005b44                _etext = .

.vfp11_veneer   0x0000000008005b44        0x0
 .vfp11_veneer  0x0000000008005b44        0x0 linker stubs

.v4_bx          0x0000000008005b44        0x0
 .v4_bx         0x0000000008005b44        0x0 linker stubs

.iplt           0x0000000008005b44        0x0
 .iplt          0x0000000008005b44        0x0 D:/Logiciel/STM32CubeIDE_1.14.1/STM32CubeIDE/plugins/com.st.stm32cube.ide.mcu.externaltools.gnu-tools-for-stm32.11.3.rel1.win32_1.1.100.202309141235/tools/bin/../lib/gcc/arm-none-eabi/11.3.1/thumb/v6-m/nofp/crtbegin.o

.rodata         0x0000000008005b44      0x340
                0x0000000008005b44                . = ALIGN (0x4)
 *(.rodata)
 *(.rodata*)
 .rodata.LEDP   0x0000000008005b44       0x64 ./Core/Src/main.o
 .rodata.AHBPrescTable
                0x0000000008005ba8       0x10 ./Core/Src/system_stm32l0xx.o
                0x0000000008005ba8                AHBPrescTable
 .rodata.PLLMulTable
                0x0000000008005bb8        0x9 ./Core/Src/system_stm32l0xx.o
                0x0000000008005bb8                PLLMulTable
 *fill*         0x0000000008005bc1        0x3 
 .rodata.MyChannels_Src
                0x0000000008005bc4       0x84 ./TOUCHSENSING/App/tsl_user.o
                0x0000000008005bc4                MyChannels_Src
 .rodata.MyChannels_Dest
                0x0000000008005c48       0x16 ./TOUCHSENSING/App/tsl_user.o
                0x0000000008005c48                MyChannels_Dest
 *fill*         0x0000000008005c5e        0x2 
 .rodata.MyBanks
                0x0000000008005c60       0x48 ./TOUCHSENSING/App/tsl_user.o
                0x0000000008005c60                MyBanks
 .rodata.MyTKeys_StateMachine
                0x0000000008005ca8       0xa0 ./TOUCHSENSING/App/tsl_user.o
                0x0000000008005ca8                MyTKeys_StateMachine
 .rodata.MyTKeys_Methods
                0x0000000008005d48        0x8 ./TOUCHSENSING/App/tsl_user.o
                0x0000000008005d48                MyTKeys_Methods
 .rodata.MyTKeys
                0x0000000008005d50       0xdc ./TOUCHSENSING/App/tsl_user.o
                0x0000000008005d50                MyTKeys
 .rodata.MyObjects
                0x0000000008005e2c       0x58 ./TOUCHSENSING/App/tsl_user.o
                0x0000000008005e2c                MyObjects
                0x0000000008005e84                . = ALIGN (0x4)

.rel.dyn        0x0000000008005e84        0x0
 .rel.iplt      0x0000000008005e84        0x0 D:/Logiciel/STM32CubeIDE_1.14.1/STM32CubeIDE/plugins/com.st.stm32cube.ide.mcu.externaltools.gnu-tools-for-stm32.11.3.rel1.win32_1.1.100.202309141235/tools/bin/../lib/gcc/arm-none-eabi/11.3.1/thumb/v6-m/nofp/crtbegin.o

.ARM.extab      0x0000000008005e84        0x0
                0x0000000008005e84                . = ALIGN (0x4)
 *(.ARM.extab* .gnu.linkonce.armextab.*)
                0x0000000008005e84                . = ALIGN (0x4)

.ARM            0x0000000008005e84        0x0
                0x0000000008005e84                . = ALIGN (0x4)
                0x0000000008005e84                __exidx_start = .
 *(.ARM.exidx*)
                0x0000000008005e84                __exidx_end = .
                0x0000000008005e84                . = ALIGN (0x4)

.preinit_array  0x0000000008005e84        0x0
                0x0000000008005e84                . = ALIGN (0x4)
                0x0000000008005e84                PROVIDE (__preinit_array_start = .)
 *(.preinit_array*)
                0x0000000008005e84                PROVIDE (__preinit_array_end = .)
                0x0000000008005e84                . = ALIGN (0x4)

.init_array     0x0000000008005e84        0x4
                0x0000000008005e84                . = ALIGN (0x4)
                0x0000000008005e84                PROVIDE (__init_array_start = .)
 *(SORT_BY_NAME(.init_array.*))
 *(.init_array*)
 .init_array    0x0000000008005e84        0x4 D:/Logiciel/STM32CubeIDE_1.14.1/STM32CubeIDE/plugins/com.st.stm32cube.ide.mcu.externaltools.gnu-tools-for-stm32.11.3.rel1.win32_1.1.100.202309141235/tools/bin/../lib/gcc/arm-none-eabi/11.3.1/thumb/v6-m/nofp/crtbegin.o
                0x0000000008005e88                PROVIDE (__init_array_end = .)
                0x0000000008005e88                . = ALIGN (0x4)

.fini_array     0x0000000008005e88        0x4
                0x0000000008005e88                . = ALIGN (0x4)
                [!provide]                        PROVIDE (__fini_array_start = .)
 *(SORT_BY_NAME(.fini_array.*))
 *(.fini_array*)
 .fini_array    0x0000000008005e88        0x4 D:/Logiciel/STM32CubeIDE_1.14.1/STM32CubeIDE/plugins/com.st.stm32cube.ide.mcu.externaltools.gnu-tools-for-stm32.11.3.rel1.win32_1.1.100.202309141235/tools/bin/../lib/gcc/arm-none-eabi/11.3.1/thumb/v6-m/nofp/crtbegin.o
                [!provide]                        PROVIDE (__fini_array_end = .)
                0x0000000008005e8c                . = ALIGN (0x4)
                0x0000000008005e8c                _sidata = LOADADDR (.data)

.data           0x0000000020000000       0x30 load address 0x0000000008005e8c
                0x0000000020000000                . = ALIGN (0x4)
                0x0000000020000000                _sdata = .
 *(.data)
 *(.data*)
 .data.tour     0x0000000020000000        0x1 ./Core/Src/main.o
                0x0000000020000000                tour
 *fill*         0x0000000020000001        0x3 
 .data.SystemCoreClock
                0x0000000020000004        0x4 ./Core/Src/system_stm32l0xx.o
                0x0000000020000004                SystemCoreClock
 .data.uwTickPrio
                0x0000000020000008        0x4 ./Drivers/STM32L0xx_HAL_Driver/Src/stm32l0xx_hal.o
                0x0000000020000008                uwTickPrio
 .data.uwTickFreq
                0x000000002000000c        0x1 ./Drivers/STM32L0xx_HAL_Driver/Src/stm32l0xx_hal.o
                0x000000002000000c                uwTickFreq
 *fill*         0x000000002000000d        0x3 
 .data.MyObjGroup
                0x0000000020000010       0x10 ./TOUCHSENSING/App/tsl_user.o
                0x0000000020000010                MyObjGroup
 .data.TSL_Params
                0x0000000020000020       0x10 ./TOUCHSENSING/App/tsl_user.o
                0x0000000020000020                TSL_Params
 *(.RamFunc)
 *(.RamFunc*)
                0x0000000020000030                . = ALIGN (0x4)
                0x0000000020000030                _edata = .

.igot.plt       0x0000000020000030        0x0 load address 0x0000000008005ebc
 .igot.plt      0x0000000020000030        0x0 D:/Logiciel/STM32CubeIDE_1.14.1/STM32CubeIDE/plugins/com.st.stm32cube.ide.mcu.externaltools.gnu-tools-for-stm32.11.3.rel1.win32_1.1.100.202309141235/tools/bin/../lib/gcc/arm-none-eabi/11.3.1/thumb/v6-m/nofp/crtbegin.o
                0x0000000020000030                . = ALIGN (0x4)

.bss            0x0000000020000030      0x218 load address 0x0000000008005ebc
                0x0000000020000030                _sbss = .
                0x0000000020000030                __bss_start__ = _sbss
 *(.bss)
 .bss           0x0000000020000030       0x1c D:/Logiciel/STM32CubeIDE_1.14.1/STM32CubeIDE/plugins/com.st.stm32cube.ide.mcu.externaltools.gnu-tools-for-stm32.11.3.rel1.win32_1.1.100.202309141235/tools/bin/../lib/gcc/arm-none-eabi/11.3.1/thumb/v6-m/nofp/crtbegin.o
 *(.bss*)
 .bss.i         0x000000002000004c        0x2 ./Core/Src/main.o
                0x000000002000004c                i
 *fill*         0x000000002000004e        0x2 
 .bss.touchDetect
                0x0000000020000050       0x19 ./Core/Src/main.o
                0x0000000020000050                touchDetect
 *fill*         0x0000000020000069        0x3 
 .bss.prevTouchDetect
                0x000000002000006c       0x19 ./Core/Src/main.o
                0x000000002000006c                prevTouchDetect
 *fill*         0x0000000020000085        0x3 
 .bss.fieldState
                0x0000000020000088       0x19 ./Core/Src/main.o
                0x0000000020000088                fieldState
 *fill*         0x00000000200000a1        0x3 
 .bss.touchPressMem
                0x00000000200000a4       0x12 ./Core/Src/main.o
                0x00000000200000a4                touchPressMem
 .bss.memIncrease
                0x00000000200000b6        0x1 ./Core/Src/main.o
                0x00000000200000b6                memIncrease
 .bss.btnPressed
                0x00000000200000b7        0x1 ./Core/Src/main.o
                0x00000000200000b7                btnPressed
 .bss.htsc      0x00000000200000b8       0x44 ./Core/Src/tsc.o
                0x00000000200000b8                htsc
 .bss.uwTick    0x00000000200000fc        0x4 ./Drivers/STM32L0xx_HAL_Driver/Src/stm32l0xx_hal.o
                0x00000000200000fc                uwTick
 .bss.TSL_Globals
                0x0000000020000100       0x18 ./Middlewares/ST/STM32_TouchSensing_Library/src/tsl_globals.o
                0x0000000020000100                TSL_Globals
 .bss.count_1s.0
                0x0000000020000118        0x2 ./Middlewares/ST/STM32_TouchSensing_Library/src/tsl_time.o
 .bss.CalibDiv  0x000000002000011a        0x2 ./Middlewares/ST/STM32_TouchSensing_Library/src/tsl_touchkey.o
 .bss.MyChannels_Data
                0x000000002000011c       0x84 ./TOUCHSENSING/App/tsl_user.o
                0x000000002000011c                MyChannels_Data
 .bss.MyTKeys_Data
                0x00000000200001a0       0x2c ./TOUCHSENSING/App/tsl_user.o
                0x00000000200001a0                MyTKeys_Data
 .bss.MyTKeys_Param
                0x00000000200001cc       0x6e ./TOUCHSENSING/App/tsl_user.o
                0x00000000200001cc                MyTKeys_Param
 .bss.ECSLastTick
                0x000000002000023a        0x2 ./TOUCHSENSING/App/tsl_user.o
                0x000000002000023a                ECSLastTick
 .bss.idx_bank_it
                0x000000002000023c        0x4 ./TOUCHSENSING/App/tsl_user.o
                0x000000002000023c                idx_bank_it
 .bss.config_done_it
                0x0000000020000240        0x4 ./TOUCHSENSING/App/tsl_user.o
                0x0000000020000240                config_done_it
 .bss.acq_done_it
                0x0000000020000244        0x4 ./TOUCHSENSING/App/tsl_user.o
                0x0000000020000244                acq_done_it
 *(COMMON)
                0x0000000020000248                . = ALIGN (0x4)
                0x0000000020000248                _ebss = .
                0x0000000020000248                __bss_end__ = _ebss

._user_heap_stack
                0x0000000020000248      0x600 load address 0x0000000008005ebc
                0x0000000020000248                . = ALIGN (0x8)
                [!provide]                        PROVIDE (end = .)
                0x0000000020000248                PROVIDE (_end = .)
                0x0000000020000448                . = (. + _Min_Heap_Size)
 *fill*         0x0000000020000248      0x200 
                0x0000000020000848                . = (. + _Min_Stack_Size)
 *fill*         0x0000000020000448      0x400 
                0x0000000020000848                . = ALIGN (0x8)

/DISCARD/
 libc.a(*)
 libm.a(*)
 libgcc.a(*)

.ARM.attributes
                0x0000000000000000       0x28
 *(.ARM.attributes)
 .ARM.attributes
                0x0000000000000000       0x1e D:/Logiciel/STM32CubeIDE_1.14.1/STM32CubeIDE/plugins/com.st.stm32cube.ide.mcu.externaltools.gnu-tools-for-stm32.11.3.rel1.win32_1.1.100.202309141235/tools/bin/../lib/gcc/arm-none-eabi/11.3.1/thumb/v6-m/nofp/crti.o
 .ARM.attributes
                0x000000000000001e       0x2c D:/Logiciel/STM32CubeIDE_1.14.1/STM32CubeIDE/plugins/com.st.stm32cube.ide.mcu.externaltools.gnu-tools-for-stm32.11.3.rel1.win32_1.1.100.202309141235/tools/bin/../lib/gcc/arm-none-eabi/11.3.1/thumb/v6-m/nofp/crtbegin.o
 .ARM.attributes
                0x000000000000004a       0x2c ./Core/Src/gpio.o
 .ARM.attributes
                0x0000000000000076       0x2c ./Core/Src/main.o
 .ARM.attributes
                0x00000000000000a2       0x2c ./Core/Src/stm32l0xx_hal_msp.o
 .ARM.attributes
                0x00000000000000ce       0x2c ./Core/Src/stm32l0xx_it.o
 .ARM.attributes
                0x00000000000000fa       0x2c ./Core/Src/system_stm32l0xx.o
 .ARM.attributes
                0x0000000000000126       0x2c ./Core/Src/tsc.o
 .ARM.attributes
                0x0000000000000152       0x22 ./Core/Startup/startup_stm32l072czux.o
 .ARM.attributes
                0x0000000000000174       0x2c ./Drivers/STM32L0xx_HAL_Driver/Src/stm32l0xx_hal.o
 .ARM.attributes
                0x00000000000001a0       0x2c ./Drivers/STM32L0xx_HAL_Driver/Src/stm32l0xx_hal_cortex.o
 .ARM.attributes
                0x00000000000001cc       0x2c ./Drivers/STM32L0xx_HAL_Driver/Src/stm32l0xx_hal_gpio.o
 .ARM.attributes
                0x00000000000001f8       0x2c ./Drivers/STM32L0xx_HAL_Driver/Src/stm32l0xx_hal_rcc.o
 .ARM.attributes
                0x0000000000000224       0x2c ./Drivers/STM32L0xx_HAL_Driver/Src/stm32l0xx_hal_tsc.o
 .ARM.attributes
                0x0000000000000250       0x2c ./Middlewares/ST/STM32_TouchSensing_Library/src/tsl.o
 .ARM.attributes
                0x000000000000027c       0x2c ./Middlewares/ST/STM32_TouchSensing_Library/src/tsl_acq.o
 .ARM.attributes
                0x00000000000002a8       0x2c ./Middlewares/ST/STM32_TouchSensing_Library/src/tsl_acq_tsc.o
 .ARM.attributes
                0x00000000000002d4       0x2c ./Middlewares/ST/STM32_TouchSensing_Library/src/tsl_dxs.o
 .ARM.attributes
                0x0000000000000300       0x2c ./Middlewares/ST/STM32_TouchSensing_Library/src/tsl_ecs.o
 .ARM.attributes
                0x000000000000032c       0x2c ./Middlewares/ST/STM32_TouchSensing_Library/src/tsl_globals.o
 .ARM.attributes
                0x0000000000000358       0x2c ./Middlewares/ST/STM32_TouchSensing_Library/src/tsl_object.o
 .ARM.attributes
                0x0000000000000384       0x2c ./Middlewares/ST/STM32_TouchSensing_Library/src/tsl_time.o
 .ARM.attributes
                0x00000000000003b0       0x2c ./Middlewares/ST/STM32_TouchSensing_Library/src/tsl_touchkey.o
 .ARM.attributes
                0x00000000000003dc       0x2c ./TOUCHSENSING/App/touchsensing.o
 .ARM.attributes
                0x0000000000000408       0x2c ./TOUCHSENSING/App/tsl_user.o
 .ARM.attributes
                0x0000000000000434       0x2c D:/Logiciel/STM32CubeIDE_1.14.1/STM32CubeIDE/plugins/com.st.stm32cube.ide.mcu.externaltools.gnu-tools-for-stm32.11.3.rel1.win32_1.1.100.202309141235/tools/bin/../lib/gcc/arm-none-eabi/11.3.1/../../../../arm-none-eabi/lib/thumb/v6-m/nofp\libc_nano.a(libc_a-memset.o)
 .ARM.attributes
                0x0000000000000460       0x2c D:/Logiciel/STM32CubeIDE_1.14.1/STM32CubeIDE/plugins/com.st.stm32cube.ide.mcu.externaltools.gnu-tools-for-stm32.11.3.rel1.win32_1.1.100.202309141235/tools/bin/../lib/gcc/arm-none-eabi/11.3.1/../../../../arm-none-eabi/lib/thumb/v6-m/nofp\libc_nano.a(libc_a-init.o)
 .ARM.attributes
                0x000000000000048c       0x1e D:/Logiciel/STM32CubeIDE_1.14.1/STM32CubeIDE/plugins/com.st.stm32cube.ide.mcu.externaltools.gnu-tools-for-stm32.11.3.rel1.win32_1.1.100.202309141235/tools/bin/../lib/gcc/arm-none-eabi/11.3.1/thumb/v6-m/nofp\libgcc.a(_udivsi3.o)
 .ARM.attributes
                0x00000000000004aa       0x1e D:/Logiciel/STM32CubeIDE_1.14.1/STM32CubeIDE/plugins/com.st.stm32cube.ide.mcu.externaltools.gnu-tools-for-stm32.11.3.rel1.win32_1.1.100.202309141235/tools/bin/../lib/gcc/arm-none-eabi/11.3.1/thumb/v6-m/nofp\libgcc.a(_dvmd_tls.o)
 .ARM.attributes
                0x00000000000004c8       0x1e D:/Logiciel/STM32CubeIDE_1.14.1/STM32CubeIDE/plugins/com.st.stm32cube.ide.mcu.externaltools.gnu-tools-for-stm32.11.3.rel1.win32_1.1.100.202309141235/tools/bin/../lib/gcc/arm-none-eabi/11.3.1/thumb/v6-m/nofp/crtn.o
OUTPUT(jeu_moulin_L072CZU6.elf elf32-littlearm)
LOAD linker stubs
LOAD D:/Logiciel/STM32CubeIDE_1.14.1/STM32CubeIDE/plugins/com.st.stm32cube.ide.mcu.externaltools.gnu-tools-for-stm32.11.3.rel1.win32_1.1.100.202309141235/tools/bin/../lib/gcc/arm-none-eabi/11.3.1/../../../../arm-none-eabi/lib/thumb/v6-m/nofp\libc.a
LOAD D:/Logiciel/STM32CubeIDE_1.14.1/STM32CubeIDE/plugins/com.st.stm32cube.ide.mcu.externaltools.gnu-tools-for-stm32.11.3.rel1.win32_1.1.100.202309141235/tools/bin/../lib/gcc/arm-none-eabi/11.3.1/../../../../arm-none-eabi/lib/thumb/v6-m/nofp\libm.a
LOAD D:/Logiciel/STM32CubeIDE_1.14.1/STM32CubeIDE/plugins/com.st.stm32cube.ide.mcu.externaltools.gnu-tools-for-stm32.11.3.rel1.win32_1.1.100.202309141235/tools/bin/../lib/gcc/arm-none-eabi/11.3.1/thumb/v6-m/nofp\libgcc.a

.comment        0x0000000000000000       0x43
 .comment       0x0000000000000000       0x43 D:/Logiciel/STM32CubeIDE_1.14.1/STM32CubeIDE/plugins/com.st.stm32cube.ide.mcu.externaltools.gnu-tools-for-stm32.11.3.rel1.win32_1.1.100.202309141235/tools/bin/../lib/gcc/arm-none-eabi/11.3.1/thumb/v6-m/nofp/crtbegin.o
                                         0x44 (size before relaxing)
 .comment       0x0000000000000043       0x44 ./Core/Src/gpio.o
 .comment       0x0000000000000043       0x44 ./Core/Src/main.o
 .comment       0x0000000000000043       0x44 ./Core/Src/stm32l0xx_hal_msp.o
 .comment       0x0000000000000043       0x44 ./Core/Src/stm32l0xx_it.o
 .comment       0x0000000000000043       0x44 ./Core/Src/system_stm32l0xx.o
 .comment       0x0000000000000043       0x44 ./Core/Src/tsc.o
 .comment       0x0000000000000043       0x44 ./Drivers/STM32L0xx_HAL_Driver/Src/stm32l0xx_hal.o
 .comment       0x0000000000000043       0x44 ./Drivers/STM32L0xx_HAL_Driver/Src/stm32l0xx_hal_cortex.o
 .comment       0x0000000000000043       0x44 ./Drivers/STM32L0xx_HAL_Driver/Src/stm32l0xx_hal_gpio.o
 .comment       0x0000000000000043       0x44 ./Drivers/STM32L0xx_HAL_Driver/Src/stm32l0xx_hal_rcc.o
 .comment       0x0000000000000043       0x44 ./Drivers/STM32L0xx_HAL_Driver/Src/stm32l0xx_hal_tsc.o
 .comment       0x0000000000000043       0x44 ./Middlewares/ST/STM32_TouchSensing_Library/src/tsl.o
 .comment       0x0000000000000043       0x44 ./Middlewares/ST/STM32_TouchSensing_Library/src/tsl_acq.o
 .comment       0x0000000000000043       0x44 ./Middlewares/ST/STM32_TouchSensing_Library/src/tsl_acq_tsc.o
 .comment       0x0000000000000043       0x44 ./Middlewares/ST/STM32_TouchSensing_Library/src/tsl_dxs.o
 .comment       0x0000000000000043       0x44 ./Middlewares/ST/STM32_TouchSensing_Library/src/tsl_ecs.o
 .comment       0x0000000000000043       0x44 ./Middlewares/ST/STM32_TouchSensing_Library/src/tsl_globals.o
 .comment       0x0000000000000043       0x44 ./Middlewares/ST/STM32_TouchSensing_Library/src/tsl_object.o
 .comment       0x0000000000000043       0x44 ./Middlewares/ST/STM32_TouchSensing_Library/src/tsl_time.o
 .comment       0x0000000000000043       0x44 ./Middlewares/ST/STM32_TouchSensing_Library/src/tsl_touchkey.o
 .comment       0x0000000000000043       0x44 ./TOUCHSENSING/App/touchsensing.o
 .comment       0x0000000000000043       0x44 ./TOUCHSENSING/App/tsl_user.o

.debug_info     0x0000000000000000     0xa09a
 .debug_info    0x0000000000000000      0x367 ./Core/Src/gpio.o
 .debug_info    0x0000000000000367      0xa8a ./Core/Src/main.o
 .debug_info    0x0000000000000df1      0x1ba ./Core/Src/stm32l0xx_hal_msp.o
 .debug_info    0x0000000000000fab      0x38c ./Core/Src/stm32l0xx_it.o
 .debug_info    0x0000000000001337      0x2d0 ./Core/Src/system_stm32l0xx.o
 .debug_info    0x0000000000001607      0x7ac ./Core/Src/tsc.o
 .debug_info    0x0000000000001db3       0x23 ./Core/Startup/startup_stm32l072czux.o
 .debug_info    0x0000000000001dd6      0x8a6 ./Drivers/STM32L0xx_HAL_Driver/Src/stm32l0xx_hal.o
 .debug_info    0x000000000000267c      0x89c ./Drivers/STM32L0xx_HAL_Driver/Src/stm32l0xx_hal_cortex.o
 .debug_info    0x0000000000002f18      0x617 ./Drivers/STM32L0xx_HAL_Driver/Src/stm32l0xx_hal_gpio.o
 .debug_info    0x000000000000352f      0xa2a ./Drivers/STM32L0xx_HAL_Driver/Src/stm32l0xx_hal_rcc.o
 .debug_info    0x0000000000003f59      0x729 ./Drivers/STM32L0xx_HAL_Driver/Src/stm32l0xx_hal_tsc.o
 .debug_info    0x0000000000004682      0x749 ./Middlewares/ST/STM32_TouchSensing_Library/src/tsl.o
 .debug_info    0x0000000000004dcb      0xaab ./Middlewares/ST/STM32_TouchSensing_Library/src/tsl_acq.o
 .debug_info    0x0000000000005876      0xa8a ./Middlewares/ST/STM32_TouchSensing_Library/src/tsl_acq_tsc.o
 .debug_info    0x0000000000006300      0x208 ./Middlewares/ST/STM32_TouchSensing_Library/src/tsl_dxs.o
 .debug_info    0x0000000000006508      0xa67 ./Middlewares/ST/STM32_TouchSensing_Library/src/tsl_ecs.o
 .debug_info    0x0000000000006f6f      0x6e4 ./Middlewares/ST/STM32_TouchSensing_Library/src/tsl_globals.o
 .debug_info    0x0000000000007653      0x836 ./Middlewares/ST/STM32_TouchSensing_Library/src/tsl_object.o
 .debug_info    0x0000000000007e89      0x836 ./Middlewares/ST/STM32_TouchSensing_Library/src/tsl_time.o
 .debug_info    0x00000000000086bf      0xa3c ./Middlewares/ST/STM32_TouchSensing_Library/src/tsl_touchkey.o
 .debug_info    0x00000000000090fb       0x92 ./TOUCHSENSING/App/touchsensing.o
 .debug_info    0x000000000000918d      0xf0d ./TOUCHSENSING/App/tsl_user.o

.debug_abbrev   0x0000000000000000     0x25ad
 .debug_abbrev  0x0000000000000000      0x150 ./Core/Src/gpio.o
 .debug_abbrev  0x0000000000000150      0x2c3 ./Core/Src/main.o
 .debug_abbrev  0x0000000000000413       0x9f ./Core/Src/stm32l0xx_hal_msp.o
 .debug_abbrev  0x00000000000004b2      0x16f ./Core/Src/stm32l0xx_it.o
 .debug_abbrev  0x0000000000000621      0x11c ./Core/Src/system_stm32l0xx.o
 .debug_abbrev  0x000000000000073d      0x1ed ./Core/Src/tsc.o
 .debug_abbrev  0x000000000000092a       0x12 ./Core/Startup/startup_stm32l072czux.o
 .debug_abbrev  0x000000000000093c      0x2a0 ./Drivers/STM32L0xx_HAL_Driver/Src/stm32l0xx_hal.o
 .debug_abbrev  0x0000000000000bdc      0x29b ./Drivers/STM32L0xx_HAL_Driver/Src/stm32l0xx_hal_cortex.o
 .debug_abbrev  0x0000000000000e77      0x1cb ./Drivers/STM32L0xx_HAL_Driver/Src/stm32l0xx_hal_gpio.o
 .debug_abbrev  0x0000000000001042      0x296 ./Drivers/STM32L0xx_HAL_Driver/Src/stm32l0xx_hal_rcc.o
 .debug_abbrev  0x00000000000012d8      0x1e4 ./Drivers/STM32L0xx_HAL_Driver/Src/stm32l0xx_hal_tsc.o
 .debug_abbrev  0x00000000000014bc      0x10e ./Middlewares/ST/STM32_TouchSensing_Library/src/tsl.o
 .debug_abbrev  0x00000000000015ca      0x1d0 ./Middlewares/ST/STM32_TouchSensing_Library/src/tsl_acq.o
 .debug_abbrev  0x000000000000179a      0x252 ./Middlewares/ST/STM32_TouchSensing_Library/src/tsl_acq_tsc.o
 .debug_abbrev  0x00000000000019ec       0xc1 ./Middlewares/ST/STM32_TouchSensing_Library/src/tsl_dxs.o
 .debug_abbrev  0x0000000000001aad      0x1f1 ./Middlewares/ST/STM32_TouchSensing_Library/src/tsl_ecs.o
 .debug_abbrev  0x0000000000001c9e       0xdc ./Middlewares/ST/STM32_TouchSensing_Library/src/tsl_globals.o
 .debug_abbrev  0x0000000000001d7a      0x144 ./Middlewares/ST/STM32_TouchSensing_Library/src/tsl_object.o
 .debug_abbrev  0x0000000000001ebe      0x176 ./Middlewares/ST/STM32_TouchSensing_Library/src/tsl_time.o
 .debug_abbrev  0x0000000000002034      0x27e ./Middlewares/ST/STM32_TouchSensing_Library/src/tsl_touchkey.o
 .debug_abbrev  0x00000000000022b2       0x58 ./TOUCHSENSING/App/touchsensing.o
 .debug_abbrev  0x000000000000230a      0x2a3 ./TOUCHSENSING/App/tsl_user.o

.debug_aranges  0x0000000000000000      0x7a0
 .debug_aranges
                0x0000000000000000       0x20 ./Core/Src/gpio.o
 .debug_aranges
                0x0000000000000020       0x50 ./Core/Src/main.o
 .debug_aranges
                0x0000000000000070       0x20 ./Core/Src/stm32l0xx_hal_msp.o
 .debug_aranges
                0x0000000000000090       0x48 ./Core/Src/stm32l0xx_it.o
 .debug_aranges
                0x00000000000000d8       0x28 ./Core/Src/system_stm32l0xx.o
 .debug_aranges
                0x0000000000000100       0x30 ./Core/Src/tsc.o
 .debug_aranges
                0x0000000000000130       0x28 ./Core/Startup/startup_stm32l072czux.o
 .debug_aranges
                0x0000000000000158      0x110 ./Drivers/STM32L0xx_HAL_Driver/Src/stm32l0xx_hal.o
 .debug_aranges
                0x0000000000000268       0xe8 ./Drivers/STM32L0xx_HAL_Driver/Src/stm32l0xx_hal_cortex.o
 .debug_aranges
                0x0000000000000350       0x58 ./Drivers/STM32L0xx_HAL_Driver/Src/stm32l0xx_hal_gpio.o
 .debug_aranges
                0x00000000000003a8       0x80 ./Drivers/STM32L0xx_HAL_Driver/Src/stm32l0xx_hal_rcc.o
 .debug_aranges
                0x0000000000000428       0xa8 ./Drivers/STM32L0xx_HAL_Driver/Src/stm32l0xx_hal_tsc.o
 .debug_aranges
                0x00000000000004d0       0x20 ./Middlewares/ST/STM32_TouchSensing_Library/src/tsl.o
 .debug_aranges
                0x00000000000004f0       0x30 ./Middlewares/ST/STM32_TouchSensing_Library/src/tsl_acq.o
 .debug_aranges
                0x0000000000000520       0x78 ./Middlewares/ST/STM32_TouchSensing_Library/src/tsl_acq_tsc.o
 .debug_aranges
                0x0000000000000598       0x20 ./Middlewares/ST/STM32_TouchSensing_Library/src/tsl_dxs.o
 .debug_aranges
                0x00000000000005b8       0x30 ./Middlewares/ST/STM32_TouchSensing_Library/src/tsl_ecs.o
 .debug_aranges
                0x00000000000005e8       0x18 ./Middlewares/ST/STM32_TouchSensing_Library/src/tsl_globals.o
 .debug_aranges
                0x0000000000000600       0x30 ./Middlewares/ST/STM32_TouchSensing_Library/src/tsl_object.o
 .debug_aranges
                0x0000000000000630       0x30 ./Middlewares/ST/STM32_TouchSensing_Library/src/tsl_time.o
 .debug_aranges
                0x0000000000000660       0xd0 ./Middlewares/ST/STM32_TouchSensing_Library/src/tsl_touchkey.o
 .debug_aranges
                0x0000000000000730       0x20 ./TOUCHSENSING/App/touchsensing.o
 .debug_aranges
                0x0000000000000750       0x50 ./TOUCHSENSING/App/tsl_user.o

.debug_rnglists
                0x0000000000000000      0x56a
 .debug_rnglists
                0x0000000000000000       0x14 ./Core/Src/gpio.o
 .debug_rnglists
                0x0000000000000014       0x3b ./Core/Src/main.o
 .debug_rnglists
                0x000000000000004f       0x13 ./Core/Src/stm32l0xx_hal_msp.o
 .debug_rnglists
                0x0000000000000062       0x31 ./Core/Src/stm32l0xx_it.o
 .debug_rnglists
                0x0000000000000093       0x1a ./Core/Src/system_stm32l0xx.o
 .debug_rnglists
                0x00000000000000ad       0x21 ./Core/Src/tsc.o
 .debug_rnglists
                0x00000000000000ce       0x19 ./Core/Startup/startup_stm32l072czux.o
 .debug_rnglists
                0x00000000000000e7       0xc7 ./Drivers/STM32L0xx_HAL_Driver/Src/stm32l0xx_hal.o
 .debug_rnglists
                0x00000000000001ae       0xaa ./Drivers/STM32L0xx_HAL_Driver/Src/stm32l0xx_hal_cortex.o
 .debug_rnglists
                0x0000000000000258       0x3f ./Drivers/STM32L0xx_HAL_Driver/Src/stm32l0xx_hal_gpio.o
 .debug_rnglists
                0x0000000000000297       0x61 ./Drivers/STM32L0xx_HAL_Driver/Src/stm32l0xx_hal_rcc.o
 .debug_rnglists
                0x00000000000002f8       0x7d ./Drivers/STM32L0xx_HAL_Driver/Src/stm32l0xx_hal_tsc.o
 .debug_rnglists
                0x0000000000000375       0x13 ./Middlewares/ST/STM32_TouchSensing_Library/src/tsl.o
 .debug_rnglists
                0x0000000000000388       0x22 ./Middlewares/ST/STM32_TouchSensing_Library/src/tsl_acq.o
 .debug_rnglists
                0x00000000000003aa       0x56 ./Middlewares/ST/STM32_TouchSensing_Library/src/tsl_acq_tsc.o
 .debug_rnglists
                0x0000000000000400       0x13 ./Middlewares/ST/STM32_TouchSensing_Library/src/tsl_dxs.o
 .debug_rnglists
                0x0000000000000413       0x22 ./Middlewares/ST/STM32_TouchSensing_Library/src/tsl_ecs.o
 .debug_rnglists
                0x0000000000000435       0x21 ./Middlewares/ST/STM32_TouchSensing_Library/src/tsl_object.o
 .debug_rnglists
                0x0000000000000456       0x21 ./Middlewares/ST/STM32_TouchSensing_Library/src/tsl_time.o
 .debug_rnglists
                0x0000000000000477       0xa7 ./Middlewares/ST/STM32_TouchSensing_Library/src/tsl_touchkey.o
 .debug_rnglists
                0x000000000000051e       0x13 ./TOUCHSENSING/App/touchsensing.o
 .debug_rnglists
                0x0000000000000531       0x39 ./TOUCHSENSING/App/tsl_user.o

.debug_macro    0x0000000000000000    0x1576d
 .debug_macro   0x0000000000000000      0x1c9 ./Core/Src/gpio.o
 .debug_macro   0x00000000000001c9      0xa7e ./Core/Src/gpio.o
 .debug_macro   0x0000000000000c47      0x11f ./Core/Src/gpio.o
 .debug_macro   0x0000000000000d66       0x2e ./Core/Src/gpio.o
 .debug_macro   0x0000000000000d94       0x28 ./Core/Src/gpio.o
 .debug_macro   0x0000000000000dbc       0x22 ./Core/Src/gpio.o
 .debug_macro   0x0000000000000dde       0x8e ./Core/Src/gpio.o
 .debug_macro   0x0000000000000e6c       0x51 ./Core/Src/gpio.o
 .debug_macro   0x0000000000000ebd      0x103 ./Core/Src/gpio.o
 .debug_macro   0x0000000000000fc0       0x6a ./Core/Src/gpio.o
 .debug_macro   0x000000000000102a      0x1df ./Core/Src/gpio.o
 .debug_macro   0x0000000000001209       0x1c ./Core/Src/gpio.o
 .debug_macro   0x0000000000001225       0x22 ./Core/Src/gpio.o
 .debug_macro   0x0000000000001247       0xaf ./Core/Src/gpio.o
 .debug_macro   0x00000000000012f6      0x4da ./Core/Src/gpio.o
 .debug_macro   0x00000000000017d0      0x11f ./Core/Src/gpio.o
 .debug_macro   0x00000000000018ef     0xa33b ./Core/Src/gpio.o
 .debug_macro   0x000000000000bc2a       0x66 ./Core/Src/gpio.o
 .debug_macro   0x000000000000bc90     0x35ac ./Core/Src/gpio.o
 .debug_macro   0x000000000000f23c      0x174 ./Core/Src/gpio.o
 .debug_macro   0x000000000000f3b0       0x5c ./Core/Src/gpio.o
 .debug_macro   0x000000000000f40c      0x8ea ./Core/Src/gpio.o
 .debug_macro   0x000000000000fcf6      0xb52 ./Core/Src/gpio.o
 .debug_macro   0x0000000000010848      0x197 ./Core/Src/gpio.o
 .debug_macro   0x00000000000109df      0x13f ./Core/Src/gpio.o
 .debug_macro   0x0000000000010b1e      0x1ca ./Core/Src/gpio.o
 .debug_macro   0x0000000000010ce8       0x82 ./Core/Src/gpio.o
 .debug_macro   0x0000000000010d6a      0x28e ./Core/Src/gpio.o
 .debug_macro   0x0000000000010ff8      0x1e9 ./Core/Src/gpio.o
 .debug_macro   0x00000000000111e1      0x13d ./Core/Src/gpio.o
 .debug_macro   0x000000000001131e      0x4ac ./Core/Src/gpio.o
 .debug_macro   0x00000000000117ca      0x22c ./Core/Src/gpio.o
 .debug_macro   0x00000000000119f6       0x5b ./Core/Src/gpio.o
 .debug_macro   0x0000000000011a51       0xa5 ./Core/Src/gpio.o
 .debug_macro   0x0000000000011af6      0x186 ./Core/Src/gpio.o
 .debug_macro   0x0000000000011c7c       0x16 ./Core/Src/gpio.o
 .debug_macro   0x0000000000011c92      0x3d7 ./Core/Src/gpio.o
 .debug_macro   0x0000000000012069      0x170 ./Core/Src/gpio.o
 .debug_macro   0x00000000000121d9      0x13c ./Core/Src/gpio.o
 .debug_macro   0x0000000000012315      0x3d5 ./Core/Src/main.o
 .debug_macro   0x00000000000126ea      0x19b ./Core/Src/main.o
 .debug_macro   0x0000000000012885       0x4c ./Core/Src/main.o
 .debug_macro   0x00000000000128d1       0x16 ./Core/Src/main.o
 .debug_macro   0x00000000000128e7       0x1c ./Core/Src/main.o
 .debug_macro   0x0000000000012903       0xd5 ./Core/Src/main.o
 .debug_macro   0x00000000000129d8       0x1c ./Core/Src/main.o
 .debug_macro   0x00000000000129f4      0x15a ./Core/Src/main.o
 .debug_macro   0x0000000000012b4e      0x1bf ./Core/Src/stm32l0xx_hal_msp.o
 .debug_macro   0x0000000000012d0d      0x20c ./Core/Src/stm32l0xx_it.o
 .debug_macro   0x0000000000012f19      0x1b0 ./Core/Src/system_stm32l0xx.o
 .debug_macro   0x00000000000130c9      0x1c9 ./Core/Src/tsc.o
 .debug_macro   0x0000000000013292      0x1d4 ./Drivers/STM32L0xx_HAL_Driver/Src/stm32l0xx_hal.o
 .debug_macro   0x0000000000013466      0x1b0 ./Drivers/STM32L0xx_HAL_Driver/Src/stm32l0xx_hal_cortex.o
 .debug_macro   0x0000000000013616      0x1b7 ./Drivers/STM32L0xx_HAL_Driver/Src/stm32l0xx_hal_gpio.o
 .debug_macro   0x00000000000137cd      0x1e6 ./Drivers/STM32L0xx_HAL_Driver/Src/stm32l0xx_hal_rcc.o
 .debug_macro   0x00000000000139b3      0x1b1 ./Drivers/STM32L0xx_HAL_Driver/Src/stm32l0xx_hal_tsc.o
 .debug_macro   0x0000000000013b64      0x260 ./Middlewares/ST/STM32_TouchSensing_Library/src/tsl.o
 .debug_macro   0x0000000000013dc4      0x195 ./Middlewares/ST/STM32_TouchSensing_Library/src/tsl.o
 .debug_macro   0x0000000000013f59      0x242 ./Middlewares/ST/STM32_TouchSensing_Library/src/tsl_acq.o
 .debug_macro   0x000000000001419b       0x16 ./Middlewares/ST/STM32_TouchSensing_Library/src/tsl_acq.o
 .debug_macro   0x00000000000141b1      0x23e ./Middlewares/ST/STM32_TouchSensing_Library/src/tsl_acq_tsc.o
 .debug_macro   0x00000000000143ef      0x27e ./Middlewares/ST/STM32_TouchSensing_Library/src/tsl_dxs.o
 .debug_macro   0x000000000001466d      0x272 ./Middlewares/ST/STM32_TouchSensing_Library/src/tsl_ecs.o
 .debug_macro   0x00000000000148df      0x23e ./Middlewares/ST/STM32_TouchSensing_Library/src/tsl_globals.o
 .debug_macro   0x0000000000014b1d      0x242 ./Middlewares/ST/STM32_TouchSensing_Library/src/tsl_object.o
 .debug_macro   0x0000000000014d5f      0x242 ./Middlewares/ST/STM32_TouchSensing_Library/src/tsl_time.o
 .debug_macro   0x0000000000014fa1      0x2e4 ./Middlewares/ST/STM32_TouchSensing_Library/src/tsl_touchkey.o
 .debug_macro   0x0000000000015285      0x279 ./TOUCHSENSING/App/touchsensing.o
 .debug_macro   0x00000000000154fe      0x26f ./TOUCHSENSING/App/tsl_user.o

.debug_line     0x0000000000000000     0xdf0f
 .debug_line    0x0000000000000000      0x73b ./Core/Src/gpio.o
 .debug_line    0x000000000000073b      0xeac ./Core/Src/main.o
 .debug_line    0x00000000000015e7      0x720 ./Core/Src/stm32l0xx_hal_msp.o
 .debug_line    0x0000000000001d07      0x84e ./Core/Src/stm32l0xx_it.o
 .debug_line    0x0000000000002555      0x7d0 ./Core/Src/system_stm32l0xx.o
 .debug_line    0x0000000000002d25      0x7ce ./Core/Src/tsc.o
 .debug_line    0x00000000000034f3       0x7b ./Core/Startup/startup_stm32l072czux.o
 .debug_line    0x000000000000356e      0xa73 ./Drivers/STM32L0xx_HAL_Driver/Src/stm32l0xx_hal.o
 .debug_line    0x0000000000003fe1      0xb6a ./Drivers/STM32L0xx_HAL_Driver/Src/stm32l0xx_hal_cortex.o
 .debug_line    0x0000000000004b4b      0xb16 ./Drivers/STM32L0xx_HAL_Driver/Src/stm32l0xx_hal_gpio.o
 .debug_line    0x0000000000005661      0xee3 ./Drivers/STM32L0xx_HAL_Driver/Src/stm32l0xx_hal_rcc.o
 .debug_line    0x0000000000006544      0xbb4 ./Drivers/STM32L0xx_HAL_Driver/Src/stm32l0xx_hal_tsc.o
 .debug_line    0x00000000000070f8      0x879 ./Middlewares/ST/STM32_TouchSensing_Library/src/tsl.o
 .debug_line    0x0000000000007971      0xb45 ./Middlewares/ST/STM32_TouchSensing_Library/src/tsl_acq.o
 .debug_line    0x00000000000084b6      0xa17 ./Middlewares/ST/STM32_TouchSensing_Library/src/tsl_acq_tsc.o
 .debug_line    0x0000000000008ecd      0x845 ./Middlewares/ST/STM32_TouchSensing_Library/src/tsl_dxs.o
 .debug_line    0x0000000000009712      0xa91 ./Middlewares/ST/STM32_TouchSensing_Library/src/tsl_ecs.o
 .debug_line    0x000000000000a1a3      0x827 ./Middlewares/ST/STM32_TouchSensing_Library/src/tsl_globals.o
 .debug_line    0x000000000000a9ca      0x96f ./Middlewares/ST/STM32_TouchSensing_Library/src/tsl_object.o
 .debug_line    0x000000000000b339      0x8ed ./Middlewares/ST/STM32_TouchSensing_Library/src/tsl_time.o
 .debug_line    0x000000000000bc26     0x111a ./Middlewares/ST/STM32_TouchSensing_Library/src/tsl_touchkey.o
 .debug_line    0x000000000000cd40      0x861 ./TOUCHSENSING/App/touchsensing.o
 .debug_line    0x000000000000d5a1      0x96e ./TOUCHSENSING/App/tsl_user.o

.debug_str      0x0000000000000000    0x7a3ec
 .debug_str     0x0000000000000000    0x7599b ./Core/Src/gpio.o
                                      0x75c7b (size before relaxing)
 .debug_str     0x000000000007599b     0x2178 ./Core/Src/main.o
                                      0x77e12 (size before relaxing)
 .debug_str     0x0000000000077b13       0x2c ./Core/Src/stm32l0xx_hal_msp.o
                                      0x75ba9 (size before relaxing)
 .debug_str     0x0000000000077b3f      0x2c4 ./Core/Src/stm32l0xx_it.o
                                      0x766d1 (size before relaxing)
 .debug_str     0x0000000000077e03       0x99 ./Core/Src/system_stm32l0xx.o
                                      0x757e2 (size before relaxing)
 .debug_str     0x0000000000077e9c      0x1fe ./Core/Src/tsc.o
                                      0x76108 (size before relaxing)
 .debug_str     0x000000000007809a       0x34 ./Core/Startup/startup_stm32l072czux.o
                                         0x97 (size before relaxing)
 .debug_str     0x00000000000780ce      0x479 ./Drivers/STM32L0xx_HAL_Driver/Src/stm32l0xx_hal.o
                                      0x75f0d (size before relaxing)
 .debug_str     0x0000000000078547      0x2af ./Drivers/STM32L0xx_HAL_Driver/Src/stm32l0xx_hal_cortex.o
                                      0x75c99 (size before relaxing)
 .debug_str     0x00000000000787f6       0xfe ./Drivers/STM32L0xx_HAL_Driver/Src/stm32l0xx_hal_gpio.o
                                      0x75982 (size before relaxing)
 .debug_str     0x00000000000788f4      0x2ac ./Drivers/STM32L0xx_HAL_Driver/Src/stm32l0xx_hal_rcc.o
                                      0x75d1b (size before relaxing)
 .debug_str     0x0000000000078ba0      0x234 ./Drivers/STM32L0xx_HAL_Driver/Src/stm32l0xx_hal_tsc.o
                                      0x75b9d (size before relaxing)
 .debug_str     0x0000000000078dd4      0x280 ./Middlewares/ST/STM32_TouchSensing_Library/src/tsl.o
                                      0x77299 (size before relaxing)
 .debug_str     0x0000000000079054      0x2f4 ./Middlewares/ST/STM32_TouchSensing_Library/src/tsl_acq.o
                                      0x7750a (size before relaxing)
 .debug_str     0x0000000000079348       0xbc ./Middlewares/ST/STM32_TouchSensing_Library/src/tsl_acq_tsc.o
                                      0x774ba (size before relaxing)
 .debug_str     0x0000000000079404      0x2a0 ./Middlewares/ST/STM32_TouchSensing_Library/src/tsl_dxs.o
                                      0x76ce9 (size before relaxing)
 .debug_str     0x00000000000796a4      0x22e ./Middlewares/ST/STM32_TouchSensing_Library/src/tsl_ecs.o
                                      0x775f6 (size before relaxing)
 .debug_str     0x00000000000798d2       0x3f ./Middlewares/ST/STM32_TouchSensing_Library/src/tsl_globals.o
                                      0x77208 (size before relaxing)
 .debug_str     0x0000000000079911       0x77 ./Middlewares/ST/STM32_TouchSensing_Library/src/tsl_object.o
                                      0x772eb (size before relaxing)
 .debug_str     0x0000000000079988       0x7e ./Middlewares/ST/STM32_TouchSensing_Library/src/tsl_time.o
                                      0x772d2 (size before relaxing)
 .debug_str     0x0000000000079a06      0x879 ./Middlewares/ST/STM32_TouchSensing_Library/src/tsl_touchkey.o
                                      0x77baa (size before relaxing)
 .debug_str     0x000000000007a27f       0x23 ./TOUCHSENSING/App/touchsensing.o
                                      0x77168 (size before relaxing)
 .debug_str     0x000000000007a2a2      0x14a ./TOUCHSENSING/App/tsl_user.o
                                      0x781f6 (size before relaxing)

.debug_frame    0x0000000000000000     0x1654
 .debug_frame   0x0000000000000000       0x30 ./Core/Src/gpio.o
 .debug_frame   0x0000000000000030       0xe8 ./Core/Src/main.o
 .debug_frame   0x0000000000000118       0x2c ./Core/Src/stm32l0xx_hal_msp.o
 .debug_frame   0x0000000000000144       0xb8 ./Core/Src/stm32l0xx_it.o
 .debug_frame   0x00000000000001fc       0x4c ./Core/Src/system_stm32l0xx.o
 .debug_frame   0x0000000000000248       0x6c ./Core/Src/tsc.o
 .debug_frame   0x00000000000002b4      0x394 ./Drivers/STM32L0xx_HAL_Driver/Src/stm32l0xx_hal.o
 .debug_frame   0x0000000000000648      0x33c ./Drivers/STM32L0xx_HAL_Driver/Src/stm32l0xx_hal_cortex.o
 .debug_frame   0x0000000000000984      0x110 ./Drivers/STM32L0xx_HAL_Driver/Src/stm32l0xx_hal_gpio.o
 .debug_frame   0x0000000000000a94      0x1a4 ./Drivers/STM32L0xx_HAL_Driver/Src/stm32l0xx_hal_rcc.o
 .debug_frame   0x0000000000000c38      0x250 ./Drivers/STM32L0xx_HAL_Driver/Src/stm32l0xx_hal_tsc.o
 .debug_frame   0x0000000000000e88       0x30 ./Middlewares/ST/STM32_TouchSensing_Library/src/tsl.o
 .debug_frame   0x0000000000000eb8       0x78 ./Middlewares/ST/STM32_TouchSensing_Library/src/tsl_acq.o
 .debug_frame   0x0000000000000f30      0x184 ./Middlewares/ST/STM32_TouchSensing_Library/src/tsl_acq_tsc.o
 .debug_frame   0x00000000000010b4       0x30 ./Middlewares/ST/STM32_TouchSensing_Library/src/tsl_dxs.o
 .debug_frame   0x00000000000010e4       0x74 ./Middlewares/ST/STM32_TouchSensing_Library/src/tsl_ecs.o
 .debug_frame   0x0000000000001158       0x70 ./Middlewares/ST/STM32_TouchSensing_Library/src/tsl_object.o
 .debug_frame   0x00000000000011c8       0x6c ./Middlewares/ST/STM32_TouchSensing_Library/src/tsl_time.o
 .debug_frame   0x0000000000001234      0x2a8 ./Middlewares/ST/STM32_TouchSensing_Library/src/tsl_touchkey.o
 .debug_frame   0x00000000000014dc       0x2c ./TOUCHSENSING/App/touchsensing.o
 .debug_frame   0x0000000000001508       0xe0 ./TOUCHSENSING/App/tsl_user.o
 .debug_frame   0x00000000000015e8       0x20 D:/Logiciel/STM32CubeIDE_1.14.1/STM32CubeIDE/plugins/com.st.stm32cube.ide.mcu.externaltools.gnu-tools-for-stm32.11.3.rel1.win32_1.1.100.202309141235/tools/bin/../lib/gcc/arm-none-eabi/11.3.1/../../../../arm-none-eabi/lib/thumb/v6-m/nofp\libc_nano.a(libc_a-memset.o)
 .debug_frame   0x0000000000001608       0x2c D:/Logiciel/STM32CubeIDE_1.14.1/STM32CubeIDE/plugins/com.st.stm32cube.ide.mcu.externaltools.gnu-tools-for-stm32.11.3.rel1.win32_1.1.100.202309141235/tools/bin/../lib/gcc/arm-none-eabi/11.3.1/../../../../arm-none-eabi/lib/thumb/v6-m/nofp\libc_nano.a(libc_a-init.o)
 .debug_frame   0x0000000000001634       0x20 D:/Logiciel/STM32CubeIDE_1.14.1/STM32CubeIDE/plugins/com.st.stm32cube.ide.mcu.externaltools.gnu-tools-for-stm32.11.3.rel1.win32_1.1.100.202309141235/tools/bin/../lib/gcc/arm-none-eabi/11.3.1/thumb/v6-m/nofp\libgcc.a(_udivsi3.o)

.debug_line_str
                0x0000000000000000       0x8b
 .debug_line_str
                0x0000000000000000       0x8b ./Core/Startup/startup_stm32l072czux.o
                                         0xa3 (size before relaxing)
