../Middlewares/ST/STM32_TouchSensing_Library/src/tsl_touchkey.c:122:6:TSL_tkey_Process	16	static
../Middlewares/ST/STM32_TouchSensing_Library/src/tsl_touchkey.c:183:6:TSL_tkey_SetStateCalibration	12	static
../Middlewares/ST/STM32_TouchSensing_Library/src/tsl_touchkey.c:92:6:TSL_tkey_Init	8	static
../Middlewares/ST/STM32_TouchSensing_Library/src/tsl_touchkey.c:215:6:TSL_tkey_SetStateOff	0	static
../Middlewares/ST/STM32_TouchSensing_Library/src/tsl_touchkey.c:228:6:TSL_tkey_SetStateBurstOnly	0	static
../Middlewares/ST/STM32_TouchSensing_Library/src/tsl_touchkey.c:241:20:TSL_tkey_GetStateId	0	static
../Middlewares/ST/STM32_TouchSensing_Library/src/tsl_touchkey.c:252:22:TSL_tkey_GetStateMask	0	static
../Middlewares/ST/STM32_TouchSensing_Library/src/tsl_touchkey.c:279:11:TSL_tkey_IsChanged	0	static
../Middlewares/ST/STM32_TouchSensing_Library/src/tsl_touchkey.c:295:6:TSL_tkey_DebReleaseProxStateProcess	0	static
../Middlewares/ST/STM32_TouchSensing_Library/src/tsl_touchkey.c:326:6:TSL_tkey_DebReleaseDetectStateProcess	0	static
../Middlewares/ST/STM32_TouchSensing_Library/src/tsl_touchkey.c:365:6:TSL_tkey_DebReleaseTouchStateProcess	0	static
../Middlewares/ST/STM32_TouchSensing_Library/src/tsl_touchkey.c:403:6:TSL_tkey_ReleaseStateProcess	8	static
../Middlewares/ST/STM32_TouchSensing_Library/src/tsl_touchkey.c:475:6:TSL_tkey_DebCalibrationStateProcess	8	static
../Middlewares/ST/STM32_TouchSensing_Library/src/tsl_touchkey.c:507:6:TSL_tkey_CalibrationStateProcess	16	static
../Middlewares/ST/STM32_TouchSensing_Library/src/tsl_touchkey.c:589:6:TSL_tkey_DebProxStateProcess	8	static
../Middlewares/ST/STM32_TouchSensing_Library/src/tsl_touchkey.c:638:6:TSL_tkey_DebProxDetectStateProcess	0	static
../Middlewares/ST/STM32_TouchSensing_Library/src/tsl_touchkey.c:686:6:TSL_tkey_DebProxTouchStateProcess	0	static
../Middlewares/ST/STM32_TouchSensing_Library/src/tsl_touchkey.c:734:6:TSL_tkey_ProxStateProcess	0	static
../Middlewares/ST/STM32_TouchSensing_Library/src/tsl_touchkey.c:810:6:TSL_tkey_DebDetectStateProcess	8	static
../Middlewares/ST/STM32_TouchSensing_Library/src/tsl_touchkey.c:862:6:TSL_tkey_DetectStateProcess	0	static
../Middlewares/ST/STM32_TouchSensing_Library/src/tsl_touchkey.c:939:6:TSL_tkey_TouchStateProcess	0	static
../Middlewares/ST/STM32_TouchSensing_Library/src/tsl_touchkey.c:1015:6:TSL_tkey_DebErrorStateProcess	16	static
../Middlewares/ST/STM32_TouchSensing_Library/src/tsl_touchkey.c:1065:6:TSL_tkey_DTOGetTime	12	static
