15:15:42 **** Incremental Build of configuration Debug for project jeu_moulin_L072CZU6_test ****
make -j8 all 
arm-none-eabi-gcc "../TOUCHSENSING/App/touchsensing.c" -mcpu=cortex-m0plus -std=gnu11 -g3 -DDEBUG -DUSE_HAL_DRIVER -DSTM32L073xx -c -I../TOUCHSENSING/App -I../Core/Inc -I../Drivers/STM32L0xx_HAL_Driver/Inc -I../Drivers/STM32L0xx_HAL_Driver/Inc/Legacy -I../Middlewares/ST/STM32_TouchSensing_Library/inc -I../Drivers/CMSIS/Device/ST/STM32L0xx/Include -I../Drivers/CMSIS/Include -O0 -ffunction-sections -fdata-sections -Wall -fstack-usage -fcyclomatic-complexity -MMD -MP -MF"TOUCHSENSING/App/touchsensing.d" -MT"TOUCHSENSING/App/touchsensing.o" --specs=nano.specs -mfloat-abi=soft -mthumb -o "TOUCHSENSING/App/touchsensing.o"
arm-none-eabi-gcc "../TOUCHSENSING/App/tsl_user.c" -mcpu=cortex-m0plus -std=gnu11 -g3 -DDEBUG -DUSE_HAL_DRIVER -DSTM32L073xx -c -I../TOUCHSENSING/App -I../Core/Inc -I../Drivers/STM32L0xx_HAL_Driver/Inc -I../Drivers/STM32L0xx_HAL_Driver/Inc/Legacy -I../Middlewares/ST/STM32_TouchSensing_Library/inc -I../Drivers/CMSIS/Device/ST/STM32L0xx/Include -I../Drivers/CMSIS/Include -O0 -ffunction-sections -fdata-sections -Wall -fstack-usage -fcyclomatic-complexity -MMD -MP -MF"TOUCHSENSING/App/tsl_user.d" -MT"TOUCHSENSING/App/tsl_user.o" --specs=nano.specs -mfloat-abi=soft -mthumb -o "TOUCHSENSING/App/tsl_user.o"
arm-none-eabi-gcc "../Middlewares/ST/STM32_TouchSensing_Library/src/tsl.c" -mcpu=cortex-m0plus -std=gnu11 -g3 -DDEBUG -DUSE_HAL_DRIVER -DSTM32L073xx -c -I../TOUCHSENSING/App -I../Core/Inc -I../Drivers/STM32L0xx_HAL_Driver/Inc -I../Drivers/STM32L0xx_HAL_Driver/Inc/Legacy -I../Middlewares/ST/STM32_TouchSensing_Library/inc -I../Drivers/CMSIS/Device/ST/STM32L0xx/Include -I../Drivers/CMSIS/Include -O0 -ffunction-sections -fdata-sections -Wall -fstack-usage -fcyclomatic-complexity -MMD -MP -MF"Middlewares/ST/STM32_TouchSensing_Library/src/tsl.d" -MT"Middlewares/ST/STM32_TouchSensing_Library/src/tsl.o" --specs=nano.specs -mfloat-abi=soft -mthumb -o "Middlewares/ST/STM32_TouchSensing_Library/src/tsl.o"
arm-none-eabi-gcc "../Middlewares/ST/STM32_TouchSensing_Library/src/tsl_acq.c" -mcpu=cortex-m0plus -std=gnu11 -g3 -DDEBUG -DUSE_HAL_DRIVER -DSTM32L073xx -c -I../TOUCHSENSING/App -I../Core/Inc -I../Drivers/STM32L0xx_HAL_Driver/Inc -I../Drivers/STM32L0xx_HAL_Driver/Inc/Legacy -I../Middlewares/ST/STM32_TouchSensing_Library/inc -I../Drivers/CMSIS/Device/ST/STM32L0xx/Include -I../Drivers/CMSIS/Include -O0 -ffunction-sections -fdata-sections -Wall -fstack-usage -fcyclomatic-complexity -MMD -MP -MF"Middlewares/ST/STM32_TouchSensing_Library/src/tsl_acq.d" -MT"Middlewares/ST/STM32_TouchSensing_Library/src/tsl_acq.o" --specs=nano.specs -mfloat-abi=soft -mthumb -o "Middlewares/ST/STM32_TouchSensing_Library/src/tsl_acq.o"
arm-none-eabi-gcc "../Middlewares/ST/STM32_TouchSensing_Library/src/tsl_acq_tsc.c" -mcpu=cortex-m0plus -std=gnu11 -g3 -DDEBUG -DUSE_HAL_DRIVER -DSTM32L073xx -c -I../TOUCHSENSING/App -I../Core/Inc -I../Drivers/STM32L0xx_HAL_Driver/Inc -I../Drivers/STM32L0xx_HAL_Driver/Inc/Legacy -I../Middlewares/ST/STM32_TouchSensing_Library/inc -I../Drivers/CMSIS/Device/ST/STM32L0xx/Include -I../Drivers/CMSIS/Include -O0 -ffunction-sections -fdata-sections -Wall -fstack-usage -fcyclomatic-complexity -MMD -MP -MF"Middlewares/ST/STM32_TouchSensing_Library/src/tsl_acq_tsc.d" -MT"Middlewares/ST/STM32_TouchSensing_Library/src/tsl_acq_tsc.o" --specs=nano.specs -mfloat-abi=soft -mthumb -o "Middlewares/ST/STM32_TouchSensing_Library/src/tsl_acq_tsc.o"
arm-none-eabi-gcc "../Middlewares/ST/STM32_TouchSensing_Library/src/tsl_dxs.c" -mcpu=cortex-m0plus -std=gnu11 -g3 -DDEBUG -DUSE_HAL_DRIVER -DSTM32L073xx -c -I../TOUCHSENSING/App -I../Core/Inc -I../Drivers/STM32L0xx_HAL_Driver/Inc -I../Drivers/STM32L0xx_HAL_Driver/Inc/Legacy -I../Middlewares/ST/STM32_TouchSensing_Library/inc -I../Drivers/CMSIS/Device/ST/STM32L0xx/Include -I../Drivers/CMSIS/Include -O0 -ffunction-sections -fdata-sections -Wall -fstack-usage -fcyclomatic-complexity -MMD -MP -MF"Middlewares/ST/STM32_TouchSensing_Library/src/tsl_dxs.d" -MT"Middlewares/ST/STM32_TouchSensing_Library/src/tsl_dxs.o" --specs=nano.specs -mfloat-abi=soft -mthumb -o "Middlewares/ST/STM32_TouchSensing_Library/src/tsl_dxs.o"
arm-none-eabi-gcc "../Middlewares/ST/STM32_TouchSensing_Library/src/tsl_ecs.c" -mcpu=cortex-m0plus -std=gnu11 -g3 -DDEBUG -DUSE_HAL_DRIVER -DSTM32L073xx -c -I../TOUCHSENSING/App -I../Core/Inc -I../Drivers/STM32L0xx_HAL_Driver/Inc -I../Drivers/STM32L0xx_HAL_Driver/Inc/Legacy -I../Middlewares/ST/STM32_TouchSensing_Library/inc -I../Drivers/CMSIS/Device/ST/STM32L0xx/Include -I../Drivers/CMSIS/Include -O0 -ffunction-sections -fdata-sections -Wall -fstack-usage -fcyclomatic-complexity -MMD -MP -MF"Middlewares/ST/STM32_TouchSensing_Library/src/tsl_ecs.d" -MT"Middlewares/ST/STM32_TouchSensing_Library/src/tsl_ecs.o" --specs=nano.specs -mfloat-abi=soft -mthumb -o "Middlewares/ST/STM32_TouchSensing_Library/src/tsl_ecs.o"
arm-none-eabi-gcc "../Middlewares/ST/STM32_TouchSensing_Library/src/tsl_filter.c" -mcpu=cortex-m0plus -std=gnu11 -g3 -DDEBUG -DUSE_HAL_DRIVER -DSTM32L073xx -c -I../TOUCHSENSING/App -I../Core/Inc -I../Drivers/STM32L0xx_HAL_Driver/Inc -I../Drivers/STM32L0xx_HAL_Driver/Inc/Legacy -I../Middlewares/ST/STM32_TouchSensing_Library/inc -I../Drivers/CMSIS/Device/ST/STM32L0xx/Include -I../Drivers/CMSIS/Include -O0 -ffunction-sections -fdata-sections -Wall -fstack-usage -fcyclomatic-complexity -MMD -MP -MF"Middlewares/ST/STM32_TouchSensing_Library/src/tsl_filter.d" -MT"Middlewares/ST/STM32_TouchSensing_Library/src/tsl_filter.o" --specs=nano.specs -mfloat-abi=soft -mthumb -o "Middlewares/ST/STM32_TouchSensing_Library/src/tsl_filter.o"
arm-none-eabi-gcc "../Middlewares/ST/STM32_TouchSensing_Library/src/tsl_globals.c" -mcpu=cortex-m0plus -std=gnu11 -g3 -DDEBUG -DUSE_HAL_DRIVER -DSTM32L073xx -c -I../TOUCHSENSING/App -I../Core/Inc -I../Drivers/STM32L0xx_HAL_Driver/Inc -I../Drivers/STM32L0xx_HAL_Driver/Inc/Legacy -I../Middlewares/ST/STM32_TouchSensing_Library/inc -I../Drivers/CMSIS/Device/ST/STM32L0xx/Include -I../Drivers/CMSIS/Include -O0 -ffunction-sections -fdata-sections -Wall -fstack-usage -fcyclomatic-complexity -MMD -MP -MF"Middlewares/ST/STM32_TouchSensing_Library/src/tsl_globals.d" -MT"Middlewares/ST/STM32_TouchSensing_Library/src/tsl_globals.o" --specs=nano.specs -mfloat-abi=soft -mthumb -o "Middlewares/ST/STM32_TouchSensing_Library/src/tsl_globals.o"
arm-none-eabi-gcc "../Middlewares/ST/STM32_TouchSensing_Library/src/tsl_linrot.c" -mcpu=cortex-m0plus -std=gnu11 -g3 -DDEBUG -DUSE_HAL_DRIVER -DSTM32L073xx -c -I../TOUCHSENSING/App -I../Core/Inc -I../Drivers/STM32L0xx_HAL_Driver/Inc -I../Drivers/STM32L0xx_HAL_Driver/Inc/Legacy -I../Middlewares/ST/STM32_TouchSensing_Library/inc -I../Drivers/CMSIS/Device/ST/STM32L0xx/Include -I../Drivers/CMSIS/Include -O0 -ffunction-sections -fdata-sections -Wall -fstack-usage -fcyclomatic-complexity -MMD -MP -MF"Middlewares/ST/STM32_TouchSensing_Library/src/tsl_linrot.d" -MT"Middlewares/ST/STM32_TouchSensing_Library/src/tsl_linrot.o" --specs=nano.specs -mfloat-abi=soft -mthumb -o "Middlewares/ST/STM32_TouchSensing_Library/src/tsl_linrot.o"
arm-none-eabi-gcc "../Middlewares/ST/STM32_TouchSensing_Library/src/tsl_object.c" -mcpu=cortex-m0plus -std=gnu11 -g3 -DDEBUG -DUSE_HAL_DRIVER -DSTM32L073xx -c -I../TOUCHSENSING/App -I../Core/Inc -I../Drivers/STM32L0xx_HAL_Driver/Inc -I../Drivers/STM32L0xx_HAL_Driver/Inc/Legacy -I../Middlewares/ST/STM32_TouchSensing_Library/inc -I../Drivers/CMSIS/Device/ST/STM32L0xx/Include -I../Drivers/CMSIS/Include -O0 -ffunction-sections -fdata-sections -Wall -fstack-usage -fcyclomatic-complexity -MMD -MP -MF"Middlewares/ST/STM32_TouchSensing_Library/src/tsl_object.d" -MT"Middlewares/ST/STM32_TouchSensing_Library/src/tsl_object.o" --specs=nano.specs -mfloat-abi=soft -mthumb -o "Middlewares/ST/STM32_TouchSensing_Library/src/tsl_object.o"
arm-none-eabi-gcc "../Middlewares/ST/STM32_TouchSensing_Library/src/tsl_time.c" -mcpu=cortex-m0plus -std=gnu11 -g3 -DDEBUG -DUSE_HAL_DRIVER -DSTM32L073xx -c -I../TOUCHSENSING/App -I../Core/Inc -I../Drivers/STM32L0xx_HAL_Driver/Inc -I../Drivers/STM32L0xx_HAL_Driver/Inc/Legacy -I../Middlewares/ST/STM32_TouchSensing_Library/inc -I../Drivers/CMSIS/Device/ST/STM32L0xx/Include -I../Drivers/CMSIS/Include -O0 -ffunction-sections -fdata-sections -Wall -fstack-usage -fcyclomatic-complexity -MMD -MP -MF"Middlewares/ST/STM32_TouchSensing_Library/src/tsl_time.d" -MT"Middlewares/ST/STM32_TouchSensing_Library/src/tsl_time.o" --specs=nano.specs -mfloat-abi=soft -mthumb -o "Middlewares/ST/STM32_TouchSensing_Library/src/tsl_time.o"
arm-none-eabi-gcc "../Middlewares/ST/STM32_TouchSensing_Library/src/tsl_touchkey.c" -mcpu=cortex-m0plus -std=gnu11 -g3 -DDEBUG -DUSE_HAL_DRIVER -DSTM32L073xx -c -I../TOUCHSENSING/App -I../Core/Inc -I../Drivers/STM32L0xx_HAL_Driver/Inc -I../Drivers/STM32L0xx_HAL_Driver/Inc/Legacy -I../Middlewares/ST/STM32_TouchSensing_Library/inc -I../Drivers/CMSIS/Device/ST/STM32L0xx/Include -I../Drivers/CMSIS/Include -O0 -ffunction-sections -fdata-sections -Wall -fstack-usage -fcyclomatic-complexity -MMD -MP -MF"Middlewares/ST/STM32_TouchSensing_Library/src/tsl_touchkey.d" -MT"Middlewares/ST/STM32_TouchSensing_Library/src/tsl_touchkey.o" --specs=nano.specs -mfloat-abi=soft -mthumb -o "Middlewares/ST/STM32_TouchSensing_Library/src/tsl_touchkey.o"
arm-none-eabi-gcc "../Core/Src/main.c" -mcpu=cortex-m0plus -std=gnu11 -g3 -DDEBUG -DUSE_HAL_DRIVER -DSTM32L073xx -c -I../TOUCHSENSING/App -I../Core/Inc -I../Drivers/STM32L0xx_HAL_Driver/Inc -I../Drivers/STM32L0xx_HAL_Driver/Inc/Legacy -I../Middlewares/ST/STM32_TouchSensing_Library/inc -I../Drivers/CMSIS/Device/ST/STM32L0xx/Include -I../Drivers/CMSIS/Include -O0 -ffunction-sections -fdata-sections -Wall -fstack-usage -fcyclomatic-complexity -MMD -MP -MF"Core/Src/main.d" -MT"Core/Src/main.o" --specs=nano.specs -mfloat-abi=soft -mthumb -o "Core/Src/main.o"
arm-none-eabi-gcc "../Core/Src/stm32l0xx_hal_msp.c" -mcpu=cortex-m0plus -std=gnu11 -g3 -DDEBUG -DUSE_HAL_DRIVER -DSTM32L073xx -c -I../TOUCHSENSING/App -I../Core/Inc -I../Drivers/STM32L0xx_HAL_Driver/Inc -I../Drivers/STM32L0xx_HAL_Driver/Inc/Legacy -I../Middlewares/ST/STM32_TouchSensing_Library/inc -I../Drivers/CMSIS/Device/ST/STM32L0xx/Include -I../Drivers/CMSIS/Include -O0 -ffunction-sections -fdata-sections -Wall -fstack-usage -fcyclomatic-complexity -MMD -MP -MF"Core/Src/stm32l0xx_hal_msp.d" -MT"Core/Src/stm32l0xx_hal_msp.o" --specs=nano.specs -mfloat-abi=soft -mthumb -o "Core/Src/stm32l0xx_hal_msp.o"
arm-none-eabi-gcc "../Core/Src/stm32l0xx_it.c" -mcpu=cortex-m0plus -std=gnu11 -g3 -DDEBUG -DUSE_HAL_DRIVER -DSTM32L073xx -c -I../TOUCHSENSING/App -I../Core/Inc -I../Drivers/STM32L0xx_HAL_Driver/Inc -I../Drivers/STM32L0xx_HAL_Driver/Inc/Legacy -I../Middlewares/ST/STM32_TouchSensing_Library/inc -I../Drivers/CMSIS/Device/ST/STM32L0xx/Include -I../Drivers/CMSIS/Include -O0 -ffunction-sections -fdata-sections -Wall -fstack-usage -fcyclomatic-complexity -MMD -MP -MF"Core/Src/stm32l0xx_it.d" -MT"Core/Src/stm32l0xx_it.o" --specs=nano.specs -mfloat-abi=soft -mthumb -o "Core/Src/stm32l0xx_it.o"
arm-none-eabi-gcc -o "jeu_moulin_L072CZU6_test.elf" @"objects.list"   -mcpu=cortex-m0plus -T"C:\Users\bourquenouda01\OneDrive - EDUETATFR\PHIE\jeu_du_moulin_alexandre_bourquenoud\jeu_du_moulin_2025_boura\jeu_du_moulin_boura\fwr\jeu_moulin_L072CZU6_test\STM32L073CZUX_FLASH.ld" --specs=nosys.specs -Wl,-Map="jeu_moulin_L072CZU6_test.map" -Wl,--gc-sections -static --specs=nano.specs -mfloat-abi=soft -mthumb -Wl,--start-group -lc -lm -Wl,--end-group
Finished building target: jeu_moulin_L072CZU6_test.elf
 
arm-none-eabi-size  jeu_moulin_L072CZU6_test.elf 
arm-none-eabi-objdump -h -S jeu_moulin_L072CZU6_test.elf  > "jeu_moulin_L072CZU6_test.list"
   text	   data	    bss	    dec	    hex	filename
  23088	     56	   1984	  25128	   6228	jeu_moulin_L072CZU6_test.elf
Finished building: default.size.stdout
 
Finished building: jeu_moulin_L072CZU6_test.list
 

15:15:46 Build Finished. 0 errors, 0 warnings. (took 3s.526ms)

