../Core/Src/main.c:1373:6:LED_MODE	12	static
../Core/Src/main.c:1352:6:LED_OFF	16	static
../Core/Src/main.c:275:6:LEDP	24	static
../Core/Src/main.c:1341:6:LED_Field	16	static
../Core/Src/main.c:1381:6:LED_TEST	8	static
../Core/Src/main.c:1604:6:COLUMN_DETECT	0	static
../Core/Src/main.c:1632:6:LINE_DETECT	0	static
../Core/Src/main.c:1646:6:COLUMN_RELEASE	0	static
../Core/Src/main.c:1659:6:LINE_RELEASE	0	static
../Core/Src/main.c:1396:6:TOUCH_DETECT	8	static
../Core/Src/main.c:1672:6:Error_Handler	0	static,ignoring_inline_asm
../Core/Src/main.c:234:6:SystemClock_Config	88	static
../Core/Src/main.c:166:5:main	8	static
