../Core/Src/main.c:1373:6:LED_MODE	3
../Core/Src/main.c:1352:6:LED_OFF	1
../Core/Src/main.c:275:6:LEDP	98
../Core/Src/main.c:1341:6:LED_Field	3
../Core/Src/main.c:1381:6:LED_TEST	4
../Core/Src/main.c:1604:6:COLUMN_DETECT	5
../Core/Src/main.c:1632:6:LINE_DETECT	2
../Core/Src/main.c:1646:6:COLUMN_RELEASE	2
../Core/Src/main.c:1659:6:LINE_RELEASE	2
../Core/Src/main.c:1396:6:TOUCH_DETECT	84
../Core/Src/main.c:1672:6:Error_Handler	1
../Core/Src/main.c:234:6:SystemClock_Config	1
../Core/Src/main.c:166:5:main	1
